Archive member included because of file (symbol)

C:/WorkspaceKDS/macwrapper/macbase/boards/frdmk64f_frdmcr20a/wireless_examples/ieee_802_15_4/msn_coordinator/freertos/kds/../../../../../../../middleware/mmcau_2.0.0/asm-cm4-cm7/lib_mmcau.a(mmcau_aes_functions.o)
                              ./mmcau/mmcau_source/fsl_mmcau.o (mmcau_aes_set_key)
C:/WorkspaceKDS/macwrapper/macbase/boards/frdmk64f_frdmcr20a/wireless_examples/ieee_802_15_4/msn_coordinator/freertos/kds/../../../../../../../middleware/mmcau_2.0.0/asm-cm4-cm7/lib_mmcau.a(mmcau_des_functions.o)
                              ./mmcau/mmcau_source/fsl_mmcau.o (mmcau_des_chk_parity)
C:/WorkspaceKDS/macwrapper/macbase/boards/frdmk64f_frdmcr20a/wireless_examples/ieee_802_15_4/msn_coordinator/freertos/kds/../../../../../../../middleware/mmcau_2.0.0/asm-cm4-cm7/lib_mmcau.a(mmcau_md5_functions.o)
                              ./mmcau/mmcau_source/fsl_mmcau.o (mmcau_md5_initialize_output)
C:/WorkspaceKDS/macwrapper/macbase/boards/frdmk64f_frdmcr20a/wireless_examples/ieee_802_15_4/msn_coordinator/freertos/kds/../../../../../../../middleware/mmcau_2.0.0/asm-cm4-cm7/lib_mmcau.a(mmcau_sha1_functions.o)
                              ./mmcau/mmcau_source/fsl_mmcau.o (mmcau_sha1_initialize_output)
C:/WorkspaceKDS/macwrapper/macbase/boards/frdmk64f_frdmcr20a/wireless_examples/ieee_802_15_4/msn_coordinator/freertos/kds/../../../../../../../middleware/mmcau_2.0.0/asm-cm4-cm7/lib_mmcau.a(mmcau_sha256_functions.o)
                              ./mmcau/mmcau_source/fsl_mmcau.o (mmcau_sha256_initialize_output)
C:/WorkspaceKDS/macwrapper/macbase/boards/frdmk64f_frdmcr20a/wireless_examples/ieee_802_15_4/msn_coordinator/freertos/kds/../../../../../../../middleware/wireless/ieee_802_15_4_5.0.5/mac/lib/802.15.4_mac_06_cM4.a(MacPib.o)
                              ./source/ieee802p15p4_wrapper.o (Mac_SetExtendedAddress)
C:/WorkspaceKDS/macwrapper/macbase/boards/frdmk64f_frdmcr20a/wireless_examples/ieee_802_15_4/msn_coordinator/freertos/kds/../../../../../../../middleware/wireless/ieee_802_15_4_5.0.5/mac/lib/802.15.4_mac_06_cM4.a(MacMain.o)
                              ./source/ieee802p15p4_wrapper.o (BindToMAC)
C:/WorkspaceKDS/macwrapper/macbase/boards/frdmk64f_frdmcr20a/wireless_examples/ieee_802_15_4/msn_coordinator/freertos/kds/../../../../../../../middleware/wireless/ieee_802_15_4_5.0.5/mac/lib/802.15.4_mac_06_cM4.a(MacStateMachine.o)
                              C:/WorkspaceKDS/macwrapper/macbase/boards/frdmk64f_frdmcr20a/wireless_examples/ieee_802_15_4/msn_coordinator/freertos/kds/../../../../../../../middleware/wireless/ieee_802_15_4_5.0.5/mac/lib/802.15.4_mac_06_cM4.a(MacMain.o) (Mac_PhyMsgHandler)
C:/WorkspaceKDS/macwrapper/macbase/boards/frdmk64f_frdmcr20a/wireless_examples/ieee_802_15_4/msn_coordinator/freertos/kds/../../../../../../../middleware/wireless/ieee_802_15_4_5.0.5/mac/lib/802.15.4_mac_06_cM4.a(Association.o)
                              C:/WorkspaceKDS/macwrapper/macbase/boards/frdmk64f_frdmcr20a/wireless_examples/ieee_802_15_4/msn_coordinator/freertos/kds/../../../../../../../middleware/wireless/ieee_802_15_4_5.0.5/mac/lib/802.15.4_mac_06_cM4.a(MacMain.o) (Association_VerifyParameters)
C:/WorkspaceKDS/macwrapper/macbase/boards/frdmk64f_frdmcr20a/wireless_examples/ieee_802_15_4/msn_coordinator/freertos/kds/../../../../../../../middleware/wireless/ieee_802_15_4_5.0.5/mac/lib/802.15.4_mac_06_cM4.a(DataRx.o)
                              C:/WorkspaceKDS/macwrapper/macbase/boards/frdmk64f_frdmcr20a/wireless_examples/ieee_802_15_4/msn_coordinator/freertos/kds/../../../../../../../middleware/wireless/ieee_802_15_4_5.0.5/mac/lib/802.15.4_mac_06_cM4.a(MacStateMachine.o) (Mac_CreateMlmeCommStatusInd)
C:/WorkspaceKDS/macwrapper/macbase/boards/frdmk64f_frdmcr20a/wireless_examples/ieee_802_15_4/msn_coordinator/freertos/kds/../../../../../../../middleware/wireless/ieee_802_15_4_5.0.5/mac/lib/802.15.4_mac_06_cM4.a(DataTx.o)
                              C:/WorkspaceKDS/macwrapper/macbase/boards/frdmk64f_frdmcr20a/wireless_examples/ieee_802_15_4/msn_coordinator/freertos/kds/../../../../../../../middleware/wireless/ieee_802_15_4_5.0.5/mac/lib/802.15.4_mac_06_cM4.a(MacMain.o) (DataTx_SendData)
C:/WorkspaceKDS/macwrapper/macbase/boards/frdmk64f_frdmcr20a/wireless_examples/ieee_802_15_4/msn_coordinator/freertos/kds/../../../../../../../middleware/wireless/ieee_802_15_4_5.0.5/mac/lib/802.15.4_mac_06_cM4.a(Disassociation.o)
                              C:/WorkspaceKDS/macwrapper/macbase/boards/frdmk64f_frdmcr20a/wireless_examples/ieee_802_15_4/msn_coordinator/freertos/kds/../../../../../../../middleware/wireless/ieee_802_15_4_5.0.5/mac/lib/802.15.4_mac_06_cM4.a(MacMain.o) (Disassociation_VerifyParameters)
C:/WorkspaceKDS/macwrapper/macbase/boards/frdmk64f_frdmcr20a/wireless_examples/ieee_802_15_4/msn_coordinator/freertos/kds/../../../../../../../middleware/wireless/ieee_802_15_4_5.0.5/mac/lib/802.15.4_mac_06_cM4.a(Orphan.o)
[...]
Memory Configuration

Name             Origin             Length             Attributes
TEXT_region1     0x00000000         0x00000400         xr
m_flash_config_region 0x00000400         0x00000010         xr
TEXT_region2     0x00000411         0x000febee         xr
DATA_region      0x1fff0000         0x00040000         rw
PRODUCT_INFO_region 0x000ff000         0x00000fff         xr
*default*        0x00000000         0xffffffff

Linker script and memory map

LOAD c:/freescale/kds_v3/toolchain/bin/../lib/gcc/arm-none-eabi/4.8.4/armv7e-m/softfp/crti.o
LOAD c:/freescale/kds_v3/toolchain/bin/../lib/gcc/arm-none-eabi/4.8.4/armv7e-m/softfp/crtbegin.o
LOAD c:/freescale/kds_v3/toolchain/bin/../lib/gcc/arm-none-eabi/4.8.4/../../../../arm-none-eabi/lib/armv7e-m/softfp/crt0.o
START GROUP
LOAD ./utilities/fsl_debug_console.o
LOAD ./usb/osa/usb_osa_freertos.o
LOAD ./usb/device/source/khci/usb_device_khci.o
LOAD ./usb/device/source/usb_device_dci.o
LOAD ./startup/startup_MK64F12.o
LOAD ./startup/system_MK64F12.o
LOAD ./source/Purger.o
LOAD ./source/ieee802p15p4_wrapper.o
LOAD ./source/msn_nwk_node.o
LOAD ./mmcau/mmcau_source/fsl_mmcau.o
LOAD ./ieee_802.15.4/phy/source/XcvrSPI/Spi.o
LOAD ./ieee_802.15.4/phy/source/MCR20A/MCR20Drv/MCR20Drv.o
LOAD ./ieee_802.15.4/phy/source/ASP.o
LOAD ./ieee_802.15.4/phy/source/MPM.o
LOAD ./ieee_802.15.4/phy/source/PhyDebug.o
LOAD ./ieee_802.15.4/phy/source/PhyISR.o
LOAD ./ieee_802.15.4/phy/source/PhyPacketProcessor.o
LOAD ./ieee_802.15.4/phy/source/PhyPlmeData.o
LOAD ./ieee_802.15.4/phy/source/PhyStateMachine.o
LOAD ./ieee_802.15.4/phy/source/PhyTime.o
LOAD ./ieee_802.15.4/App/FsciAspCommands.o
LOAD ./ieee_802.15.4/App/FsciMacCommands.o
LOAD ./ieee_802.15.4/App/MacGlobals.o
LOAD ./freertos/portable/port.o
LOAD ./freertos/croutine.o
LOAD ./freertos/event_groups.o
LOAD ./freertos/heap_4.o
LOAD ./freertos/list.o
LOAD ./freertos/queue.o
LOAD ./freertos/tasks.o
LOAD ./freertos/timers.o
LOAD ./framework/TimersManager/Source/TMR_Adapter.o
LOAD ./framework/TimersManager/Source/TimersManager.o
LOAD ./framework/SerialManager/Source/USB_VirtualCom/Source/usb_device_cdc_acm.o
LOAD ./framework/SerialManager/Source/USB_VirtualCom/Source/usb_device_ch9.o
LOAD ./framework/SerialManager/Source/USB_VirtualCom/Source/usb_device_class.o
LOAD ./framework/SerialManager/Source/USB_VirtualCom/Source/usb_device_descriptor.o
LOAD ./framework/SerialManager/Source/USB_VirtualCom/Source/virtual_com.o
LOAD ./framework/SerialManager/Source/SPI_Adapter/SPI_Adapter.o
LOAD ./framework/SerialManager/Source/I2C_Adapter.o
LOAD ./framework/SerialManager/Source/SerialManager.o
LOAD ./framework/SerialManager/Source/UART_Adapter.o
LOAD ./framework/SecLib/SecLib.o
LOAD ./framework/Reset/Source/Reset.o
LOAD ./framework/RNG/Source/RNG.o
LOAD ./framework/Panic/Source/Panic.o
LOAD ./framework/OSAbstraction/Interface/fsl_os_abstraction_free_rtos.o
LOAD ./framework/Messaging/Source/Messaging.o
LOAD ./framework/MemManager/Source/MemManager.o
LOAD ./framework/MWSCoexistence/Source/MWS.o
LOAD ./framework/Lists/GenericList.o
LOAD ./framework/LED/Source/LED.o
LOAD ./framework/Keyboard/Source/Keyboard.o
LOAD ./framework/GPIO/Source/GPIO_Adapter.o
LOAD ./framework/FunctionLib/FunctionLib.o
LOAD ./framework/Flash/Internal/Flash_Adapter.o
LOAD ./drivers/fsl_clock.o
LOAD ./drivers/fsl_common.o
LOAD ./drivers/fsl_dspi.o
LOAD ./drivers/fsl_flash.o
LOAD ./drivers/fsl_ftm.o
LOAD ./drivers/fsl_gpio.o
LOAD ./drivers/fsl_i2c.o
LOAD ./drivers/fsl_llwu.o
LOAD ./drivers/fsl_lptmr.o
LOAD ./drivers/fsl_mpu.o
LOAD ./drivers/fsl_rnga.o
LOAD ./drivers/fsl_rtc.o
LOAD ./drivers/fsl_sim.o
LOAD ./drivers/fsl_smc.o
LOAD ./drivers/fsl_uart.o
LOAD ./board/board.o
LOAD ./board/clock_config.o
LOAD ./board/gpio_pins.o
LOAD ./board/hardware_init.o
LOAD ./board/pin_mux.o
LOAD ./Safe/aes.o
LOAD ./Safe/aes_wrapper.o
LOAD ./CRC/crc16.o
LOAD ./CRC/crc_wrapper.o
LOAD C:/WorkspaceKDS/macwrapper/macbase/boards/frdmk64f_frdmcr20a/wireless_examples/ieee_802_15_4/msn_coordinator/freertos/kds/../../../../../../../middleware/mmcau_2.0.0/asm-cm4-cm7/lib_mmcau.a
LOAD C:/WorkspaceKDS/macwrapper/macbase/boards/frdmk64f_frdmcr20a/wireless_examples/ieee_802_15_4/msn_coordinator/freertos/kds/../../../../../../../middleware/wireless/ieee_802_15_4_5.0.5/mac/lib/802.15.4_mac_06_cM4.a
LOAD C:/WorkspaceKDS/macwrapper/macbase/boards/frdmk64f_frdmcr20a/wireless_examples/ieee_802_15_4/msn_coordinator/freertos/kds/../../../../../../../middleware/wireless/framework_5.0.5/SecLib/lib_crypto_M4.a
LOAD c:/freescale/kds_v3/toolchain/bin/../lib/gcc/arm-none-eabi/4.8.4/../../../../arm-none-eabi/lib/armv7e-m/softfp\libg_s.a
LOAD c:/freescale/kds_v3/toolchain/bin/../lib/gcc/arm-none-eabi/4.8.4/armv7e-m/softfp\libgcc.a
LOAD c:/freescale/kds_v3/toolchain/bin/../lib/gcc/arm-none-eabi/4.8.4/../../../../arm-none-eabi/lib/armv7e-m/softfp\libnosys.a
END GROUP
LOAD c:/freescale/kds_v3/toolchain/bin/../lib/gcc/arm-none-eabi/4.8.4/../../../../arm-none-eabi/lib/armv7e-m/softfp\libstdc++_s.a
LOAD c:/freescale/kds_v3/toolchain/bin/../lib/gcc/arm-none-eabi/4.8.4/../../../../arm-none-eabi/lib/armv7e-m/softfp\libm.a
START GROUP
LOAD c:/freescale/kds_v3/toolchain/bin/../lib/gcc/arm-none-eabi/4.8.4/armv7e-m/softfp\libgcc.a
LOAD c:/freescale/kds_v3/toolchain/bin/../lib/gcc/arm-none-eabi/4.8.4/../../../../arm-none-eabi/lib/armv7e-m/softfp\libg_s.a
LOAD c:/freescale/kds_v3/toolchain/bin/../lib/gcc/arm-none-eabi/4.8.4/../../../../arm-none-eabi/lib/armv7e-m/softfp\libc_s.a
END GROUP
START GROUP
LOAD c:/freescale/kds_v3/toolchain/bin/../lib/gcc/arm-none-eabi/4.8.4/armv7e-m/softfp\libgcc.a
LOAD c:/freescale/kds_v3/toolchain/bin/../lib/gcc/arm-none-eabi/4.8.4/../../../../arm-none-eabi/lib/armv7e-m/softfp\libc_s.a
END GROUP
LOAD c:/freescale/kds_v3/toolchain/bin/../lib/gcc/arm-none-eabi/4.8.4/armv7e-m/softfp/crtend.o
LOAD c:/freescale/kds_v3/toolchain/bin/../lib/gcc/arm-none-eabi/4.8.4/armv7e-m/softfp/crtn.o
                0x1fff0000                _RAM_START_ = 0x1fff0000
                0x2002ffff                _RAM_END_ = 0x2002ffff
                0x000ff000                FREESCALE_PROD_DATA_BASE_ADDR = 0xff000
                0x00000400                __RAM_VECTOR_TABLE_SIZE = 0x400
                0x2002fbea                __BOOT_STACK_ADDRESS = 0x2002fbea
                0x1ffffffb                __dummy_start = 0x1ffffffb

.interrupts     0x00000000      0x400
                0x00000000                __VECTOR_TABLE = .
                0x00000000                . = ALIGN (0x4)
 *(.isr_vector)
 .isr_vector    0x00000000      0x400 ./startup/startup_MK64F12.o
                0x00000000                __isr_vector
                0x00000400                . = ALIGN (0x4)

.freescale_prod_data
                0x000ff000        0x0
                0x000ff000                . = ALIGN (0x4)
 *(.FREESCALE_PROD_DATA)
                0x000ff000                . = ALIGN (0x4)

.flash_config   0x00000400       0x10
                0x00000400                . = ALIGN (0x4)
 *(.FlashConfig)
 .FlashConfig   0x00000400       0x10 ./startup/startup_MK64F12.o
                0x00000410                . = ALIGN (0x4)

.text           0x00000420    0x1776c
                0x00000420                . = ALIGN (0x4)
 *(.text)
 .text          0x00000420       0x54 c:/freescale/kds_v3/toolchain/bin/../lib/gcc/arm-none-eabi/4.8.4/armv7e-m/softfp/crtbegin.o
 .text          0x00000474       0x74 c:/freescale/kds_v3/toolchain/bin/../lib/gcc/arm-none-eabi/4.8.4/../../../../arm-none-eabi/lib/armv7e-m/softfp/crt0.o
                0x00000474                _start
                0x00000474                _mainCRTStartup
 .text          0x000004e8      0x1fc ./startup/startup_MK64F12.o
                0x000004e8                Reset_Handler
                0x00000544                DebugMon_Handler
                0x00000544                PORTC_IRQHandler
                0x00000544                DMA0_DriverIRQHandler
                0x00000544                DMA12_DriverIRQHandler
                0x00000544                WDOG_EWM_IRQHandler
                0x00000544                DMA_Error_DriverIRQHandler
                0x00000544                CMP0_IRQHandler
                0x00000544                DMA7_DriverIRQHandler
                0x00000544                ENET_Transmit_DriverIRQHandler
                0x00000544                DMA2_DriverIRQHandler
                0x00000544                UART1_ERR_DriverIRQHandler
                0x00000544                BusFault_Handler
                0x00000544                SDHC_DriverIRQHandler
                0x00000544                PIT0_IRQHandler
                0x00000544                LPTMR0_IRQHandler
                0x00000544                CMP2_IRQHandler
                0x00000544                LLWU_IRQHandler
                0x00000544                I2S0_Tx_DriverIRQHandler
                0x00000544                DMA6_DriverIRQHandler
                0x00000544                FTM2_IRQHandler
                0x00000544                PORTE_IRQHandler
                0x00000544                FTM3_IRQHandler
                0x00000544                ENET_1588_Timer_DriverIRQHandler
                0x00000544                SWI_IRQHandler
                0x00000544                ADC0_IRQHandler
                0x00000544                UsageFault_Handler
                0x00000544                CAN0_DriverIRQHandler
                0x00000544                CMT_IRQHandler
                0x00000544                MCM_IRQHandler
                0x00000544                DAC1_IRQHandler
                0x00000544                DefaultISR
                0x00000544                PORTA_IRQHandler
                0x00000544                UART5_ERR_DriverIRQHandler
                0x00000544                FTM0_IRQHandler
                0x00000544                DMA11_DriverIRQHandler
                0x00000544                CMP1_IRQHandler
                0x00000544                Reserved71_IRQHandler
                0x00000544                PORTD_IRQHandler
                0x00000544                PORTB_IRQHandler
                0x00000544                DMA10_DriverIRQHandler
                0x00000544                LVD_LVW_IRQHandler
                0x00000544                UART2_ERR_DriverIRQHandler
                0x00000544                ADC1_IRQHandler
                0x00000544                DMA5_DriverIRQHandler
                0x00000544                DMA4_DriverIRQHandler
                0x00000544                PIT1_IRQHandler
                0x00000544                PIT2_IRQHandler
                0x00000544                DMA15_DriverIRQHandler
                0x00000544                ENET_Error_DriverIRQHandler
                0x00000544                RTC_IRQHandler
                0x00000544                UART3_ERR_DriverIRQHandler
                0x00000544                PDB0_IRQHandler
                0x00000544                FTFE_IRQHandler
                0x00000544                FTM1_IRQHandler
                0x00000544                DMA13_DriverIRQHandler
                0x00000544                DAC0_IRQHandler
                0x00000544                DMA3_DriverIRQHandler
                0x00000544                PIT3_IRQHandler
                0x00000544                ENET_Receive_DriverIRQHandler
                0x00000544                RTC_Seconds_IRQHandler
                0x00000544                MCG_IRQHandler
                0x00000544                USB0_IRQHandler
                0x00000544                DMA9_DriverIRQHandler
                0x00000544                DMA8_DriverIRQHandler
                0x00000544                UART0_ERR_DriverIRQHandler
                0x00000544                I2S0_Rx_DriverIRQHandler
                0x00000544                RNG_IRQHandler
                0x00000544                DMA1_DriverIRQHandler
                0x00000544                Read_Collision_IRQHandler
                0x00000544                DMA14_DriverIRQHandler
                0x00000544                UART0_LON_DriverIRQHandler
                0x00000544                MemManage_Handler
                0x00000544                USBDCD_IRQHandler
                0x00000544                UART4_ERR_DriverIRQHandler
                0x0000054c                HardFault_Handler
                0x0000055c                DMA0_IRQHandler
                0x00000560                DMA1_IRQHandler
                0x00000564                DMA2_IRQHandler
                0x00000568                DMA3_IRQHandler
                0x0000056c                DMA4_IRQHandler
                0x00000570                DMA5_IRQHandler
                0x00000574                DMA6_IRQHandler
                0x00000578                DMA7_IRQHandler
                0x0000057c                DMA8_IRQHandler
                0x00000580                DMA9_IRQHandler
                0x00000584                DMA10_IRQHandler
                0x00000588                DMA11_IRQHandler
                0x0000058c                DMA12_IRQHandler
                0x00000590                DMA13_IRQHandler
                0x00000594                DMA14_IRQHandler
                0x00000598                DMA15_IRQHandler
                0x0000059c                DMA_Error_IRQHandler
                0x000005a0                I2C0_IRQHandler
                0x000005a4                I2C1_IRQHandler
                0x000005a8                SPI0_IRQHandler
                0x000005ac                SPI1_IRQHandler
                0x000005b0                I2S0_Tx_IRQHandler
                0x000005b4                I2S0_Rx_IRQHandler
                0x000005b8                UART0_LON_IRQHandler
                0x000005bc                UART0_RX_TX_IRQHandler
                0x000005c0                UART0_ERR_IRQHandler
                0x000005c4                UART1_RX_TX_IRQHandler
                0x000005c8                UART1_ERR_IRQHandler
                0x000005cc                UART2_RX_TX_IRQHandler
                0x000005d0                UART2_ERR_IRQHandler
                0x000005d4                UART3_RX_TX_IRQHandler
                0x000005d8                UART3_ERR_IRQHandler
                0x000005dc                SPI2_IRQHandler
                0x000005e0                UART4_RX_TX_IRQHandler
                0x000005e4                UART4_ERR_IRQHandler
                0x000005e8                UART5_RX_TX_IRQHandler
                0x000005ec                UART5_ERR_IRQHandler
                0x000005f0                I2C2_IRQHandler
                0x000005f4                CAN0_ORed_Message_buffer_IRQHandler
                0x000005f8                CAN0_Bus_Off_IRQHandler
                0x000005fc                CAN0_Error_IRQHandler
                0x00000600                CAN0_Tx_Warning_IRQHandler
                0x00000604                CAN0_Rx_Warning_IRQHandler
                0x00000608                CAN0_Wake_Up_IRQHandler
                0x0000060c                SDHC_IRQHandler
                0x00000610                ENET_1588_Timer_IRQHandler
                0x00000614                ENET_Transmit_IRQHandler
                0x00000618                ENET_Receive_IRQHandler
                0x0000061c                ENET_Error_IRQHandler
 *fill*         0x000006e4        0xc 
 .text          0x000006f0      0x800 C:/WorkspaceKDS/macwrapper/macbase/boards/frdmk64f_frdmcr20a/wireless_examples/ieee_802_15_4/msn_coordinator/freertos/kds/../../../../../../../middleware/mmcau_2.0.0/asm-cm4-cm7/lib_mmcau.a(mmcau_aes_functions.o)
                0x000006f0                _mmcau_aes_set_key
                0x000006f0                mmcau_aes_set_key
                0x00000c70                mmcau_aes_encrypt
                0x00000c70                _mmcau_aes_encrypt
                0x00000da0                mmcau_aes_decrypt
                0x00000da0                _mmcau_aes_decrypt
 .text          0x00000ef0     0x1810 C:/WorkspaceKDS/macwrapper/macbase/boards/frdmk64f_frdmcr20a/wireless_examples/ieee_802_15_4/msn_coordinator/freertos/kds/../../../../../../../middleware/wireless/framework_5.0.5/SecLib/lib_crypto_M4.a(SW_AES128.o)
                0x0000130c                gpXTimeTable
                0x000014c0                gInvSbox_s
                0x000015c0                CCM_CreateA0
                0x000015e8                sw_Aes128
                0x00002344                sw_AES128_CCM
                0x00002600                gSBox_c
 .text          0x00002700       0x34 C:/WorkspaceKDS/macwrapper/macbase/boards/frdmk64f_frdmcr20a/wireless_examples/ieee_802_15_4/msn_coordinator/freertos/kds/../../../../../../../middleware/wireless/framework_5.0.5/SecLib/lib_crypto_M4.a(SW_RNG.o)
                0x00002700                SecLib_set_rng_seed
                0x0000270e                SecLib_get_random
 .text          0x00002734       0x2c c:/freescale/kds_v3/toolchain/bin/../lib/gcc/arm-none-eabi/4.8.4/armv7e-m/softfp\libgcc.a(_aeabi_uldivmod.o)
                0x00002734                __aeabi_uldivmod
 .text          0x00002760       0x60 c:/freescale/kds_v3/toolchain/bin/../lib/gcc/arm-none-eabi/4.8.4/armv7e-m/softfp\libgcc.a(bpabi.o)
                0x00002760                __gnu_ldivmod_helper
                0x00002790                __gnu_uldivmod_helper
 .text          0x000027c0        0x4 c:/freescale/kds_v3/toolchain/bin/../lib/gcc/arm-none-eabi/4.8.4/armv7e-m/softfp\libgcc.a(_dvmd_tls.o)
                0x000027c0                __aeabi_idiv0
                0x000027c0                __aeabi_ldiv0
 .text          0x000027c4      0x298 c:/freescale/kds_v3/toolchain/bin/../lib/gcc/arm-none-eabi/4.8.4/armv7e-m/softfp\libgcc.a(_divdi3.o)
                0x000027c4                __divdi3
 .text          0x00002a5c      0x284 c:/freescale/kds_v3/toolchain/bin/../lib/gcc/arm-none-eabi/4.8.4/armv7e-m/softfp\libgcc.a(_udivdi3.o)
                0x00002a5c                __udivdi3
 *(.text*)
 .text.DbgConsole_Printf
                0x00002ce0       0x40 ./utilities/fsl_debug_console.o
                0x00002ce0                DbgConsole_Printf
 .text.DbgConsole_Putchar
                0x00002d20       0x38 ./utilities/fsl_debug_console.o
                0x00002d20                DbgConsole_Putchar
 .text.DbgConsole_PrintfPaddingCharacter
                0x00002d58       0x40 ./utilities/fsl_debug_console.o
 .text.DbgConsole_ConvertRadixNumToString
                0x00002d98      0x118 ./utilities/fsl_debug_console.o
 .text.DbgConsole_PrintfFormattedData
                0x00002eb0      0x36c ./utilities/fsl_debug_console.o
 .text.SystemInit
                0x0000321c       0x3c ./startup/system_MK64F12.o
                0x0000321c                SystemInit
 .text.mac_init
                0x00003258       0xb4 ./source/ieee802p15p4_wrapper.o
                0x00003258                mac_init
 .text.mac_connect
                0x0000330c       0x70 ./source/ieee802p15p4_wrapper.o
                0x0000330c                mac_connect
 .text.mac_transmit
                0x0000337c       0x80 ./source/ieee802p15p4_wrapper.o
                0x0000337c                mac_transmit
 .text.mac_task
                0x000033fc      0x440 ./source/ieee802p15p4_wrapper.o
 .text.WaitMsg  0x0000383c       0x34 ./source/ieee802p15p4_wrapper.o
 .text.StartScan
                0x00003870       0x78 ./source/ieee802p15p4_wrapper.o
 .text.HandleScanActiveConfirm
                0x000038e8       0xb4 ./source/ieee802p15p4_wrapper.o
 .text.WaitIntervalTimeoutHandler
                0x0000399c       0x20 ./source/ieee802p15p4_wrapper.o
 .text.SendAssociateRequest
                0x000039bc       0xb4 ./source/ieee802p15p4_wrapper.o
 .text.HandleAssociateConfirm
                0x00003a70       0x44 ./source/ieee802p15p4_wrapper.o
 .text.HandleScanEdConfirm
                0x00003ab4       0x1c ./source/ieee802p15p4_wrapper.o
 .text.StartCoordinator
                0x00003ad0       0xf0 ./source/ieee802p15p4_wrapper.o
 .text.TransmitData
                0x00003bc0      0x124 ./source/ieee802p15p4_wrapper.o
 .text.HandleMlmeInput
                0x00003ce4       0x80 ./source/ieee802p15p4_wrapper.o
 .text.SendAssociateResponse
                0x00003d64       0xd4 ./source/ieee802p15p4_wrapper.o
 .text.HandleMcpsInput
                0x00003e38       0x68 ./source/ieee802p15p4_wrapper.o
 .text.MLME_NWK_SapHandler
                0x00003ea0       0x30 ./source/ieee802p15p4_wrapper.o
 .text.MCPS_NWK_SapHandler
                0x00003ed0       0x30 ./source/ieee802p15p4_wrapper.o
 .text.main_task
                0x00003f00       0x5c ./source/msn_nwk_node.o
                0x00003f00                main_task
 .text.App_init
                0x00003f5c       0x74 ./source/msn_nwk_node.o
                0x00003f5c                App_init
 .text.mac_events_handler
                0x00003fd0      0x10c ./source/msn_nwk_node.o
                0x00003fd0                mac_events_handler
 .text.AppThread
                0x000040dc      0x490 ./source/msn_nwk_node.o
                0x000040dc                AppThread
 .text.App_CommRxCallBack
                0x0000456c       0x4c ./source/msn_nwk_node.o
 .text.App_HandleKeys
                0x000045b8       0x2c ./source/msn_nwk_node.o
 .text.DSPI_SetFifoEnable
                0x000045e4       0x48 ./ieee_802.15.4/phy/source/XcvrSPI/Spi.o
 .text.DSPI_FlushFifo
                0x0000462c       0x3c ./ieee_802.15.4/phy/source/XcvrSPI/Spi.o
 .text.DSPI_MasterGetFormattedCommand
                0x00004668       0x4c ./ieee_802.15.4/phy/source/XcvrSPI/Spi.o
 .text.DSPI_ReadData
                0x000046b4       0x18 ./ieee_802.15.4/phy/source/XcvrSPI/Spi.o
 .text.spi_master_init
                0x000046cc       0xa0 ./ieee_802.15.4/phy/source/XcvrSPI/Spi.o
                0x000046cc                spi_master_init
 .text.spi_master_configure_speed
                0x0000476c       0x40 ./ieee_802.15.4/phy/source/XcvrSPI/Spi.o
                0x0000476c                spi_master_configure_speed
 .text.spi_master_transfer
                0x000047ac       0x9c ./ieee_802.15.4/phy/source/XcvrSPI/Spi.o
                0x000047ac                spi_master_transfer
 .text.MCR20Drv_Init
                0x00004848       0x48 ./ieee_802.15.4/phy/source/MCR20A/MCR20Drv/MCR20Drv.o
                0x00004848                MCR20Drv_Init
 .text.MCR20Drv_DirectAccessSPIWrite
                0x00004890       0x68 ./ieee_802.15.4/phy/source/MCR20A/MCR20Drv/MCR20Drv.o
                0x00004890                MCR20Drv_DirectAccessSPIWrite
 .text.MCR20Drv_DirectAccessSPIMultiByteWrite
                0x000048f8       0x6c ./ieee_802.15.4/phy/source/MCR20A/MCR20Drv/MCR20Drv.o
                0x000048f8                MCR20Drv_DirectAccessSPIMultiByteWrite
 .text.MCR20Drv_PB_SPIBurstWrite
                0x00004964       0x64 ./ieee_802.15.4/phy/source/MCR20A/MCR20Drv/MCR20Drv.o
                0x00004964                MCR20Drv_PB_SPIBurstWrite
 .text.MCR20Drv_DirectAccessSPIRead
                0x000049c8       0x6c ./ieee_802.15.4/phy/source/MCR20A/MCR20Drv/MCR20Drv.o
                0x000049c8                MCR20Drv_DirectAccessSPIRead
 .text.MCR20Drv_DirectAccessSPIMultiByteRead
                0x00004a34       0x80 ./ieee_802.15.4/phy/source/MCR20A/MCR20Drv/MCR20Drv.o
                0x00004a34                MCR20Drv_DirectAccessSPIMultiByteRead
 .text.MCR20Drv_PB_SPIBurstRead
                0x00004ab4       0x70 ./ieee_802.15.4/phy/source/MCR20A/MCR20Drv/MCR20Drv.o
                0x00004ab4                MCR20Drv_PB_SPIBurstRead
 .text.MCR20Drv_IndirectAccessSPIWrite
                0x00004b24       0x64 ./ieee_802.15.4/phy/source/MCR20A/MCR20Drv/MCR20Drv.o
                0x00004b24                MCR20Drv_IndirectAccessSPIWrite
 .text.MCR20Drv_IndirectAccessSPIMultiByteWrite
                0x00004b88       0x78 ./ieee_802.15.4/phy/source/MCR20A/MCR20Drv/MCR20Drv.o
                0x00004b88                MCR20Drv_IndirectAccessSPIMultiByteWrite
 .text.MCR20Drv_IndirectAccessSPIRead
                0x00004c00       0x70 ./ieee_802.15.4/phy/source/MCR20A/MCR20Drv/MCR20Drv.o
                0x00004c00                MCR20Drv_IndirectAccessSPIRead
 .text.MCR20Drv_IndirectAccessSPIMultiByteRead
                0x00004c70       0x78 ./ieee_802.15.4/phy/source/MCR20A/MCR20Drv/MCR20Drv.o
                0x00004c70                MCR20Drv_IndirectAccessSPIMultiByteRead
 .text.MCR20Drv_IRQ_PortConfig
                0x00004ce8       0x38 ./ieee_802.15.4/phy/source/MCR20A/MCR20Drv/MCR20Drv.o
                0x00004ce8                MCR20Drv_IRQ_PortConfig
 .text.MCR20Drv_IsIrqPending
                0x00004d20       0x20 ./ieee_802.15.4/phy/source/MCR20A/MCR20Drv/MCR20Drv.o
                0x00004d20                MCR20Drv_IsIrqPending
 .text.MCR20Drv_IRQ_Disable
                0x00004d40       0x3c ./ieee_802.15.4/phy/source/MCR20A/MCR20Drv/MCR20Drv.o
                0x00004d40                MCR20Drv_IRQ_Disable
 .text.MCR20Drv_IRQ_Enable
                0x00004d7c       0x44 ./ieee_802.15.4/phy/source/MCR20A/MCR20Drv/MCR20Drv.o
                0x00004d7c                MCR20Drv_IRQ_Enable
 .text.MCR20Drv_IRQ_Clear
                0x00004dc0       0x10 ./ieee_802.15.4/phy/source/MCR20A/MCR20Drv/MCR20Drv.o
                0x00004dc0                MCR20Drv_IRQ_Clear
 .text.MCR20Drv_RST_B_Assert
                0x00004dd0       0x10 ./ieee_802.15.4/phy/source/MCR20A/MCR20Drv/MCR20Drv.o
                0x00004dd0                MCR20Drv_RST_B_Assert
 .text.MCR20Drv_RST_B_Deassert
                0x00004de0       0x10 ./ieee_802.15.4/phy/source/MCR20A/MCR20Drv/MCR20Drv.o
                0x00004de0                MCR20Drv_RST_B_Deassert
 .text.MCR20Drv_RESET
                0x00004df0       0x24 ./ieee_802.15.4/phy/source/MCR20A/MCR20Drv/MCR20Drv.o
                0x00004df0                MCR20Drv_RESET
 .text.MCR20Drv_Set_CLK_OUT_Freq
                0x00004e14       0x34 ./ieee_802.15.4/phy/source/MCR20A/MCR20Drv/MCR20Drv.o
                0x00004e14                MCR20Drv_Set_CLK_OUT_Freq
 .text.MPM_AcquirePAN
                0x00004e48       0x18 ./ieee_802.15.4/phy/source/MPM.o
                0x00004e48                MPM_AcquirePAN
 .text.MPM_ReleasePAN
                0x00004e60       0x18 ./ieee_802.15.4/phy/source/MPM.o
                0x00004e60                MPM_ReleasePAN
 .text.PhyIsrPassRxParams
                0x00004e78       0x1c ./ieee_802.15.4/phy/source/PhyISR.o
                0x00004e78                PhyIsrPassRxParams
 .text.PhyIsrSeqCleanup
                0x00004e94       0x58 ./ieee_802.15.4/phy/source/PhyISR.o
                0x00004e94                PhyIsrSeqCleanup
 .text.Phy_GetEnergyLevel
                0x00004eec       0x40 ./ieee_802.15.4/phy/source/PhyISR.o
                0x00004eec                Phy_GetEnergyLevel
 .text.Phy_LqiConvert
                0x00004f2c       0x44 ./ieee_802.15.4/phy/source/PhyISR.o
 .text.PHY_InterruptHandler
                0x00004f70      0x658 ./ieee_802.15.4/phy/source/PhyISR.o
                0x00004f70                PHY_InterruptHandler
 .text.PHY_InstallIsr
                0x000055c8       0x1c ./ieee_802.15.4/phy/source/PhyISR.o
                0x000055c8                PHY_InstallIsr
 .text.Phy_RestartRxFromISR
                0x000055e4      0x108 ./ieee_802.15.4/phy/source/PhyISR.o
 .text.PhyHwInit
                0x000056ec      0x148 ./ieee_802.15.4/phy/source/PhyPacketProcessor.o
                0x000056ec                PhyHwInit
 .text.PhyAbort
                0x00005834      0x110 ./ieee_802.15.4/phy/source/PhyPacketProcessor.o
                0x00005834                PhyAbort
 .text.PhyPpGetState
                0x00005944       0x1c ./ieee_802.15.4/phy/source/PhyPacketProcessor.o
                0x00005944                PhyPpGetState
 .text.PhyPpSetPanId
                0x00005960       0x34 ./ieee_802.15.4/phy/source/PhyPacketProcessor.o
                0x00005960                PhyPpSetPanId
 .text.PhyPpSetShortAddr
                0x00005994       0x34 ./ieee_802.15.4/phy/source/PhyPacketProcessor.o
                0x00005994                PhyPpSetShortAddr
 .text.PhyPpSetLongAddr
                0x000059c8       0x34 ./ieee_802.15.4/phy/source/PhyPacketProcessor.o
                0x000059c8                PhyPpSetLongAddr
 .text.PhyPpSetMacRole
                0x000059fc       0x80 ./ieee_802.15.4/phy/source/PhyPacketProcessor.o
                0x000059fc                PhyPpSetMacRole
 .text.PhyPpSetPromiscuous
                0x00005a7c       0x80 ./ieee_802.15.4/phy/source/PhyPacketProcessor.o
                0x00005a7c                PhyPpSetPromiscuous
 .text.PhyPp_IndirectQueueInsert
                0x00005afc       0x54 ./ieee_802.15.4/phy/source/PhyPacketProcessor.o
                0x00005afc                PhyPp_IndirectQueueInsert
 .text.PhyPp_RemoveFromIndirect
                0x00005b50       0x3c ./ieee_802.15.4/phy/source/PhyPacketProcessor.o
                0x00005b50                PhyPp_RemoveFromIndirect
 .text.PhyPpSetCcaThreshold
                0x00005b8c       0x20 ./ieee_802.15.4/phy/source/PhyPacketProcessor.o
                0x00005b8c                PhyPpSetCcaThreshold
 .text.PhyPpSetDualPanSamLvl
                0x00005bac       0x44 ./ieee_802.15.4/phy/source/PhyPacketProcessor.o
                0x00005bac                PhyPpSetDualPanSamLvl
 .text.PhyPlmeSetPwrState
                0x00005bf0      0x130 ./ieee_802.15.4/phy/source/PhyPacketProcessor.o
                0x00005bf0                PhyPlmeSetPwrState
 .text.PhyPdDataRequest
                0x00005d20      0x1e4 ./ieee_802.15.4/phy/source/PhyPlmeData.o
                0x00005d20                PhyPdDataRequest
 .text.PhyPlmeRxRequest
                0x00005f04      0x16c ./ieee_802.15.4/phy/source/PhyPlmeData.o
                0x00005f04                PhyPlmeRxRequest
 .text.PhyPlmeTimmedRxRequest
                0x00006070      0x254 ./ieee_802.15.4/phy/source/PhyPlmeData.o
                0x00006070                PhyPlmeTimmedRxRequest
 .text.PhyPlmeCcaEdRequest
                0x000062c4      0x12c ./ieee_802.15.4/phy/source/PhyPlmeData.o
                0x000062c4                PhyPlmeCcaEdRequest
 .text.PhyPlmeSetCurrentChannelRequest
                0x000063f0       0xbc ./ieee_802.15.4/phy/source/PhyPlmeData.o
                0x000063f0                PhyPlmeSetCurrentChannelRequest
 .text.PhyPlmeGetCurrentChannelRequest
                0x000064ac       0x30 ./ieee_802.15.4/phy/source/PhyPlmeData.o
                0x000064ac                PhyPlmeGetCurrentChannelRequest
 .text.PhyPlmeSetPwrLevelRequest
                0x000064dc       0x5c ./ieee_802.15.4/phy/source/PhyPlmeData.o
                0x000064dc                PhyPlmeSetPwrLevelRequest
 .text.PhyPlmeSetPIBRequest
                0x00006538      0x1ec ./ieee_802.15.4/phy/source/PhyPlmeData.o
                0x00006538                PhyPlmeSetPIBRequest
 .text.PhyPlmeGetPIBRequest
                0x00006724      0x1d8 ./ieee_802.15.4/phy/source/PhyPlmeData.o
                0x00006724                PhyPlmeGetPIBRequest
 .text.PhyRxRetry
                0x000068fc       0x78 ./ieee_802.15.4/phy/source/PhyPlmeData.o
 .text.Phy_Init
                0x00006974       0xa4 ./ieee_802.15.4/phy/source/PhyStateMachine.o
                0x00006974                Phy_Init
 .text.BindToPHY
                0x00006a18       0x18 ./ieee_802.15.4/phy/source/PhyStateMachine.o
                0x00006a18                BindToPHY
 .text.Phy_RegisterSapHandlers
                0x00006a30       0x40 ./ieee_802.15.4/phy/source/PhyStateMachine.o
                0x00006a30                Phy_RegisterSapHandlers
 .text.Phy24Task
                0x00006a70      0x1c8 ./ieee_802.15.4/phy/source/PhyStateMachine.o
 .text.MAC_PD_SapHandler
                0x00006c38       0xa8 ./ieee_802.15.4/phy/source/PhyStateMachine.o
                0x00006c38                MAC_PD_SapHandler
 .text.MAC_PLME_SapHandler
                0x00006ce0      0x164 ./ieee_802.15.4/phy/source/PhyStateMachine.o
                0x00006ce0                MAC_PLME_SapHandler
 .text.Phy_HandlePdDataReq
                0x00006e44      0x100 ./ieee_802.15.4/phy/source/PhyStateMachine.o
 .text.Phy_EnterIdle
                0x00006f44       0x90 ./ieee_802.15.4/phy/source/PhyStateMachine.o
 .text.PhyPlmeSetFrameWaitTime
                0x00006fd4       0x2c ./ieee_802.15.4/phy/source/PhyStateMachine.o
                0x00006fd4                PhyPlmeSetFrameWaitTime
 .text.PhyPlmeSetRxOnWhenIdle
                0x00007000      0x138 ./ieee_802.15.4/phy/source/PhyStateMachine.o
                0x00007000                PhyPlmeSetRxOnWhenIdle
 .text.PhyIsIdleRx
                0x00007138       0x40 ./ieee_802.15.4/phy/source/PhyStateMachine.o
                0x00007138                PhyIsIdleRx
 .text.Radio_Phy_PdDataConfirm
                0x00007178      0x144 ./ieee_802.15.4/phy/source/PhyStateMachine.o
                0x00007178                Radio_Phy_PdDataConfirm
 .text.Radio_Phy_PdDataIndication
                0x000072bc       0x28 ./ieee_802.15.4/phy/source/PhyStateMachine.o
                0x000072bc                Radio_Phy_PdDataIndication
 .text.Radio_Phy_TimeWaitTimeoutIndication
                0x000072e4       0x14 ./ieee_802.15.4/phy/source/PhyStateMachine.o
                0x000072e4                Radio_Phy_TimeWaitTimeoutIndication
 .text.Radio_Phy_PlmeCcaConfirm
                0x000072f8       0x40 ./ieee_802.15.4/phy/source/PhyStateMachine.o
                0x000072f8                Radio_Phy_PlmeCcaConfirm
 .text.Radio_Phy_PlmeEdConfirm
                0x00007338       0x40 ./ieee_802.15.4/phy/source/PhyStateMachine.o
                0x00007338                Radio_Phy_PlmeEdConfirm
 .text.Radio_Phy_TimeRxTimeoutIndication
                0x00007378       0x44 ./ieee_802.15.4/phy/source/PhyStateMachine.o
                0x00007378                Radio_Phy_TimeRxTimeoutIndication
 .text.Radio_Phy_TimeStartEventIndication
                0x000073bc       0x14 ./ieee_802.15.4/phy/source/PhyStateMachine.o
                0x000073bc                Radio_Phy_TimeStartEventIndication
 .text.Radio_Phy_PlmeRxSfdDetect
                0x000073d0       0xd8 ./ieee_802.15.4/phy/source/PhyStateMachine.o
                0x000073d0                Radio_Phy_PlmeRxSfdDetect
 .text.Radio_Phy_PlmeSyncLossIndication
                0x000074a8       0x18 ./ieee_802.15.4/phy/source/PhyStateMachine.o
                0x000074a8                Radio_Phy_PlmeSyncLossIndication
 .text.Radio_Phy_PlmeFilterFailRx
                0x000074c0       0x84 ./ieee_802.15.4/phy/source/PhyStateMachine.o
                0x000074c0                Radio_Phy_PlmeFilterFailRx
 .text.PLME_SendMessage
                0x00007544       0xc4 ./ieee_802.15.4/phy/source/PhyStateMachine.o
 .text.PD_SendMessage
                0x00007608      0x210 ./ieee_802.15.4/phy/source/PhyStateMachine.o
 .text.Phy_SendLatePLME
                0x00007818       0x20 ./ieee_802.15.4/phy/source/PhyStateMachine.o
 .text.Phy_SendLatePD
                0x00007838       0x20 ./ieee_802.15.4/phy/source/PhyStateMachine.o
 .text.Radio_Phy_Notify
                0x00007858       0x28 ./ieee_802.15.4/phy/source/PhyStateMachine.o
                0x00007858                Radio_Phy_Notify
 .text.PhyTimeSetEventTrigger
                0x00007880       0x78 ./ieee_802.15.4/phy/source/PhyTime.o
                0x00007880                PhyTimeSetEventTrigger
 .text.PhyTimeSetEventTimeout
                0x000078f8       0x80 ./ieee_802.15.4/phy/source/PhyTime.o
                0x000078f8                PhyTimeSetEventTimeout
 .text.PhyTimeReadClock
                0x00007978       0x30 ./ieee_802.15.4/phy/source/PhyTime.o
                0x00007978                PhyTimeReadClock
 .text.PhyTimeSetWaitTimeout
                0x000079a8       0x60 ./ieee_802.15.4/phy/source/PhyTime.o
                0x000079a8                PhyTimeSetWaitTimeout
 .text.PhyTime_ISR
                0x00007a08       0x50 ./ieee_802.15.4/phy/source/PhyTime.o
                0x00007a08                PhyTime_ISR
 .text.PhyTime_TimerInit
                0x00007a58       0x88 ./ieee_802.15.4/phy/source/PhyTime.o
                0x00007a58                PhyTime_TimerInit
 .text.PhyTime_GetTimestamp
                0x00007ae0       0x4c ./ieee_802.15.4/phy/source/PhyTime.o
                0x00007ae0                PhyTime_GetTimestamp
 .text.PhyTime_ScheduleEvent
                0x00007b2c       0xc0 ./ieee_802.15.4/phy/source/PhyTime.o
                0x00007b2c                PhyTime_ScheduleEvent
 .text.PhyTime_CancelEvent
                0x00007bec       0x8c ./ieee_802.15.4/phy/source/PhyTime.o
                0x00007bec                PhyTime_CancelEvent
 .text.PhyTime_CancelEventsWithParam
                0x00007c78       0xa0 ./ieee_802.15.4/phy/source/PhyTime.o
                0x00007c78                PhyTime_CancelEventsWithParam
 .text.PhyTime_RunCallback
                0x00007d18       0x60 ./ieee_802.15.4/phy/source/PhyTime.o
                0x00007d18                PhyTime_RunCallback
 .text.PhyTime_Maintenance
                0x00007d78       0xb8 ./ieee_802.15.4/phy/source/PhyTime.o
                0x00007d78                PhyTime_Maintenance
 .text.PhyTime_OverflowCB
                0x00007e30       0x4c ./ieee_802.15.4/phy/source/PhyTime.o
 .text.PhyTime_GetNextEvent
                0x00007e7c       0x74 ./ieee_802.15.4/phy/source/PhyTime.o
 .text.MAC_Monitor
                0x00007ef0       0x1c ./ieee_802.15.4/App/FsciMacCommands.o
                0x00007ef0                MAC_Monitor
 .text.MAC_Init
                0x00007f0c       0x60 ./ieee_802.15.4/App/MacGlobals.o
                0x00007f0c                MAC_Init
 .text.pxPortInitialiseStack
                0x00007f6c       0x64 ./freertos/portable/port.o
                0x00007f6c                pxPortInitialiseStack
 .text.prvTaskExitError
                0x00007fd0       0x3c ./freertos/portable/port.o
 .text.SVC_Handler
                0x0000800c       0x20 ./freertos/portable/port.o
                0x0000800c                SVC_Handler
 .text.prvPortStartFirstTask
                0x0000802c       0x20 ./freertos/portable/port.o
 .text.xPortStartScheduler
                0x0000804c      0x118 ./freertos/portable/port.o
                0x0000804c                xPortStartScheduler
 .text.vPortEnterCritical
                0x00008164       0x5c ./freertos/portable/port.o
                0x00008164                vPortEnterCritical
 .text.vPortExitCritical
                0x000081c0       0x4c ./freertos/portable/port.o
                0x000081c0                vPortExitCritical
 .text.PendSV_Handler
                0x0000820c       0x60 ./freertos/portable/port.o
                0x0000820c                PendSV_Handler
 .text.SysTick_Handler
                0x0000826c       0x44 ./freertos/portable/port.o
                0x0000826c                SysTick_Handler
 .text.vPortSetupTimerInterrupt
                0x000082b0       0x40 ./freertos/portable/port.o
                0x000082b0                vPortSetupTimerInterrupt
 .text.vPortEnableVFP
                0x000082f0       0x14 ./freertos/portable/port.o
 .text.vPortValidateInterruptPriority
                0x00008304       0x78 ./freertos/portable/port.o
                0x00008304                vPortValidateInterruptPriority
 .text.xEventGroupCreate
                0x0000837c       0x30 ./freertos/event_groups.o
                0x0000837c                xEventGroupCreate
 .text.xEventGroupWaitBits
                0x000083ac      0x194 ./freertos/event_groups.o
                0x000083ac                xEventGroupWaitBits
 .text.xEventGroupSetBits
                0x00008540      0x114 ./freertos/event_groups.o
                0x00008540                xEventGroupSetBits
 .text.vEventGroupSetBitsCallback
                0x00008654       0x18 ./freertos/event_groups.o
                0x00008654                vEventGroupSetBitsCallback
 .text.prvTestWaitCondition
                0x0000866c       0x44 ./freertos/event_groups.o
 .text.pvPortMalloc
                0x000086b0      0x184 ./freertos/heap_4.o
                0x000086b0                pvPortMalloc
 .text.vPortFree
                0x00008834       0xb0 ./freertos/heap_4.o
                0x00008834                vPortFree
 .text.prvHeapInit
                0x000088e4       0xc4 ./freertos/heap_4.o
 .text.prvInsertBlockIntoFreeList
                0x000089a8       0xb0 ./freertos/heap_4.o
 .text.vListInitialise
                0x00008a58       0x40 ./freertos/list.o
                0x00008a58                vListInitialise
 .text.vListInitialiseItem
                0x00008a98       0x18 ./freertos/list.o
                0x00008a98                vListInitialiseItem
 .text.vListInsertEnd
                0x00008ab0       0x48 ./freertos/list.o
                0x00008ab0                vListInsertEnd
 .text.vListInsert
                0x00008af8       0x70 ./freertos/list.o
                0x00008af8                vListInsert
 .text.uxListRemove
                0x00008b68       0x54 ./freertos/list.o
                0x00008b68                uxListRemove
 .text.xQueueGenericReset
                0x00008bbc       0xd0 ./freertos/queue.o
                0x00008bbc                xQueueGenericReset
 .text.xQueueGenericCreate
                0x00008c8c       0xac ./freertos/queue.o
                0x00008c8c                xQueueGenericCreate
 .text.xQueueCreateMutex
                0x00008d38       0x7c ./freertos/queue.o
                0x00008d38                xQueueCreateMutex
 .text.xQueueGetMutexHolder
                0x00008db4       0x30 ./freertos/queue.o
                0x00008db4                xQueueGetMutexHolder
 .text.xQueueCreateCountingSemaphore
                0x00008de4       0x7c ./freertos/queue.o
                0x00008de4                xQueueCreateCountingSemaphore
 .text.xQueueGenericSend
                0x00008e60      0x1ec ./freertos/queue.o
                0x00008e60                xQueueGenericSend
 .text.xQueueGenericSendFromISR
                0x0000904c      0x118 ./freertos/queue.o
                0x0000904c                xQueueGenericSendFromISR
 .text.xQueueGiveFromISR
                0x00009164      0x100 ./freertos/queue.o
                0x00009164                xQueueGiveFromISR
 .text.xQueueGenericReceive
                0x00009264      0x20c ./freertos/queue.o
                0x00009264                xQueueGenericReceive
 .text.prvCopyDataToQueue
                0x00009470       0xdc ./freertos/queue.o
 .text.prvCopyDataFromQueue
                0x0000954c       0x4c ./freertos/queue.o
 .text.prvUnlockQueue
                0x00009598       0x98 ./freertos/queue.o
 .text.prvIsQueueEmpty
                0x00009630       0x2c ./freertos/queue.o
 .text.prvIsQueueFull
                0x0000965c       0x30 ./freertos/queue.o
 .text.vQueueAddToRegistry
                0x0000968c       0x50 ./freertos/queue.o
                0x0000968c                vQueueAddToRegistry
 .text.vQueueWaitForMessageRestricted
                0x000096dc       0x5c ./freertos/queue.o
                0x000096dc                vQueueWaitForMessageRestricted
 .text.xTaskGenericCreate
                0x00009738      0x198 ./freertos/tasks.o
                0x00009738                xTaskGenericCreate
 .text.vTaskStartScheduler
                0x000098d0       0x98 ./freertos/tasks.o
                0x000098d0                vTaskStartScheduler
 .text.vTaskSuspendAll
                0x00009968       0x1c ./freertos/tasks.o
                0x00009968                vTaskSuspendAll
 .text.xTaskResumeAll
                0x00009984      0x128 ./freertos/tasks.o
                0x00009984                xTaskResumeAll
 .text.xTaskGetTickCount
                0x00009aac       0x20 ./freertos/tasks.o
                0x00009aac                xTaskGetTickCount
 .text.xTaskIncrementTick
                0x00009acc      0x15c ./freertos/tasks.o
                0x00009acc                xTaskIncrementTick
 .text.vTaskSwitchContext
                0x00009c28       0xb4 ./freertos/tasks.o
                0x00009c28                vTaskSwitchContext
 .text.vTaskPlaceOnEventList
                0x00009cdc       0x9c ./freertos/tasks.o
                0x00009cdc                vTaskPlaceOnEventList
 .text.vTaskPlaceOnUnorderedEventList
                0x00009d78       0xc8 ./freertos/tasks.o
                0x00009d78                vTaskPlaceOnUnorderedEventList
 .text.vTaskPlaceOnEventListRestricted
                0x00009e40       0x9c ./freertos/tasks.o
                0x00009e40                vTaskPlaceOnEventListRestricted
 .text.xTaskRemoveFromEventList
                0x00009edc       0xc4 ./freertos/tasks.o
                0x00009edc                xTaskRemoveFromEventList
 .text.xTaskRemoveFromUnorderedEventList
                0x00009fa0       0xcc ./freertos/tasks.o
                0x00009fa0                xTaskRemoveFromUnorderedEventList
 .text.vTaskSetTimeOutState
                0x0000a06c       0x44 ./freertos/tasks.o
                0x0000a06c                vTaskSetTimeOutState
 .text.xTaskCheckForTimeOut
                0x0000a0b0       0xbc ./freertos/tasks.o
                0x0000a0b0                xTaskCheckForTimeOut
 .text.vTaskMissedYield
                0x0000a16c       0x18 ./freertos/tasks.o
                0x0000a16c                vTaskMissedYield
 .text.prvIdleTask
                0x0000a184       0x30 ./freertos/tasks.o
 .text.prvInitialiseTCBVariables
                0x0000a1b4       0xa4 ./freertos/tasks.o
 .text.prvInitialiseTaskLists
                0x0000a258       0x7c ./freertos/tasks.o
 .text.prvCheckTasksWaitingTermination
                0x0000a2d4       0x74 ./freertos/tasks.o
 .text.prvAddCurrentTaskToDelayedList
                0x0000a348       0x6c ./freertos/tasks.o
 .text.prvAllocateTCBAndStack
                0x0000a3b4       0x70 ./freertos/tasks.o
 .text.prvDeleteTCB
                0x0000a424       0x20 ./freertos/tasks.o
 .text.prvResetNextTaskUnblockTime
                0x0000a444       0x48 ./freertos/tasks.o
 .text.xTaskGetCurrentTaskHandle
                0x0000a48c       0x20 ./freertos/tasks.o
                0x0000a48c                xTaskGetCurrentTaskHandle
 .text.xTaskGetSchedulerState
                0x0000a4ac       0x3c ./freertos/tasks.o
                0x0000a4ac                xTaskGetSchedulerState
 .text.vTaskPriorityInherit
                0x0000a4e8       0xec ./freertos/tasks.o
                0x0000a4e8                vTaskPriorityInherit
 .text.xTaskPriorityDisinherit
                0x0000a5d4      0x108 ./freertos/tasks.o
                0x0000a5d4                xTaskPriorityDisinherit
 .text.uxTaskResetEventItemValue
                0x0000a6dc       0x30 ./freertos/tasks.o
                0x0000a6dc                uxTaskResetEventItemValue
 .text.pvTaskIncrementMutexHeldCount
                0x0000a70c       0x28 ./freertos/tasks.o
                0x0000a70c                pvTaskIncrementMutexHeldCount
 .text.xTimerCreateTimerTask
                0x0000a734       0x64 ./freertos/timers.o
                0x0000a734                xTimerCreateTimerTask
 .text.xTimerGenericCommand
                0x0000a798       0xa4 ./freertos/timers.o
                0x0000a798                xTimerGenericCommand
 .text.prvProcessExpiredTimer
                0x0000a83c       0x80 ./freertos/timers.o
 .text.prvTimerTask
                0x0000a8bc       0x24 ./freertos/timers.o
 .text.prvProcessTimerOrBlockTask
                0x0000a8e0       0x9c ./freertos/timers.o
 .text.prvGetNextExpireTime
                0x0000a97c       0x48 ./freertos/timers.o
 .text.prvSampleTimeNow
                0x0000a9c4       0x40 ./freertos/timers.o
 .text.prvInsertTimerInActiveList
                0x0000aa04       0x84 ./freertos/timers.o
 .text.prvProcessReceivedCommands
                0x0000aa88      0x164 ./freertos/timers.o
 .text.prvSwitchTimerLists
                0x0000abec       0xc0 ./freertos/timers.o
 .text.prvCheckForValidListAndQueue
                0x0000acac       0x8c ./freertos/timers.o
 .text.xTimerPendFunctionCallFromISR
                0x0000ad38       0x44 ./freertos/timers.o
                0x0000ad38                xTimerPendFunctionCallFromISR
 .text.NVIC_EnableIRQ
                0x0000ad7c       0x30 ./framework/TimersManager/Source/TMR_Adapter.o
 .text.NVIC_ClearPendingIRQ
                0x0000adac       0x34 ./framework/TimersManager/Source/TMR_Adapter.o
 .text.NVIC_SetPriority
                0x0000ade0       0x54 ./framework/TimersManager/Source/TMR_Adapter.o
 .text.FTM_StartTimer
                0x0000ae34       0x38 ./framework/TimersManager/Source/TMR_Adapter.o
 .text.FTM_StopTimer
                0x0000ae6c       0x20 ./framework/TimersManager/Source/TMR_Adapter.o
 .text.StackTimer_Init
                0x0000ae8c       0x78 ./framework/TimersManager/Source/TMR_Adapter.o
                0x0000ae8c                StackTimer_Init
 .text.StackTimer_Enable
                0x0000af04       0x18 ./framework/TimersManager/Source/TMR_Adapter.o
                0x0000af04                StackTimer_Enable
 .text.StackTimer_Disable
                0x0000af1c       0x14 ./framework/TimersManager/Source/TMR_Adapter.o
                0x0000af1c                StackTimer_Disable
 .text.StackTimer_GetInputFrequency
                0x0000af30       0x24 ./framework/TimersManager/Source/TMR_Adapter.o
                0x0000af30                StackTimer_GetInputFrequency
 .text.StackTimer_GetCounterValue
                0x0000af54       0x18 ./framework/TimersManager/Source/TMR_Adapter.o
                0x0000af54                StackTimer_GetCounterValue
 .text.StackTimer_SetOffsetTicks
                0x0000af6c       0x24 ./framework/TimersManager/Source/TMR_Adapter.o
                0x0000af6c                StackTimer_SetOffsetTicks
 .text.StackTimer_ClearIntFlag
                0x0000af90       0x28 ./framework/TimersManager/Source/TMR_Adapter.o
                0x0000af90                StackTimer_ClearIntFlag
 .text.TMR_GetTimerStatus
                0x0000afb8       0x28 ./framework/TimersManager/Source/TimersManager.o
 .text.TMR_SetTimerStatus
                0x0000afe0       0x38 ./framework/TimersManager/Source/TimersManager.o
 .text.TMR_GetTimerType
                0x0000b018       0x28 ./framework/TimersManager/Source/TimersManager.o
 .text.TMR_SetTimerType
                0x0000b040       0x38 ./framework/TimersManager/Source/TimersManager.o
 .text.TmrTicksFromMilliseconds
                0x0000b078       0x50 ./framework/TimersManager/Source/TimersManager.o
                0x0000b078                TmrTicksFromMilliseconds
 .text.TMR_Init
                0x0000b0c8       0x7c ./framework/TimersManager/Source/TimersManager.o
                0x0000b0c8                TMR_Init
 .text.TMR_NotifyClkChanged
                0x0000b144       0x40 ./framework/TimersManager/Source/TimersManager.o
                0x0000b144                TMR_NotifyClkChanged
 .text.TMR_AllocateTimer
                0x0000b184       0x48 ./framework/TimersManager/Source/TimersManager.o
                0x0000b184                TMR_AllocateTimer
 .text.StackTimer_ISR
                0x0000b1cc       0x1c ./framework/TimersManager/Source/TimersManager.o
 .text.TMR_IsTimerActive
                0x0000b1e8       0x28 ./framework/TimersManager/Source/TimersManager.o
                0x0000b1e8                TMR_IsTimerActive
 .text.TMR_StartTimer
                0x0000b210       0xbc ./framework/TimersManager/Source/TimersManager.o
                0x0000b210                TMR_StartTimer
 .text.TMR_StartIntervalTimer
                0x0000b2cc       0x2c ./framework/TimersManager/Source/TimersManager.o
                0x0000b2cc                TMR_StartIntervalTimer
 .text.TMR_StartSingleShotTimer
                0x0000b2f8       0x2c ./framework/TimersManager/Source/TimersManager.o
                0x0000b2f8                TMR_StartSingleShotTimer
 .text.TMR_StopTimer
                0x0000b324       0xc4 ./framework/TimersManager/Source/TimersManager.o
                0x0000b324                TMR_StopTimer
 .text.TMR_Task
                0x0000b3e8      0x2ec ./framework/TimersManager/Source/TimersManager.o
                0x0000b3e8                TMR_Task
 .text.TMR_EnableTimer
                0x0000b6d4       0x78 ./framework/TimersManager/Source/TimersManager.o
                0x0000b6d4                TMR_EnableTimer
 .text.SerialManager_Init
                0x0000b74c       0x78 ./framework/SerialManager/Source/SerialManager.o
                0x0000b74c                SerialManager_Init
 .text.SerialManagerTask
                0x0000b7c4      0x134 ./framework/SerialManager/Source/SerialManager.o
                0x0000b7c4                SerialManagerTask
 .text.Serial_InitInterface
                0x0000b8f8      0x16c ./framework/SerialManager/Source/SerialManager.o
                0x0000b8f8                Serial_InitInterface
 .text.Serial_AsyncWrite
                0x0000ba64      0x15c ./framework/SerialManager/Source/SerialManager.o
                0x0000ba64                Serial_AsyncWrite
 .text.Serial_SyncWrite
                0x0000bbc0       0xb4 ./framework/SerialManager/Source/SerialManager.o
                0x0000bbc0                Serial_SyncWrite
 .text.Serial_Read
                0x0000bc74       0xcc ./framework/SerialManager/Source/SerialManager.o
                0x0000bc74                Serial_Read
 .text.Serial_RxBufferByteCount
                0x0000bd40       0xc4 ./framework/SerialManager/Source/SerialManager.o
                0x0000bd40                Serial_RxBufferByteCount
 .text.Serial_SetRxCallBack
                0x0000be04       0x58 ./framework/SerialManager/Source/SerialManager.o
                0x0000be04                Serial_SetRxCallBack
 .text.Serial_SetBaudRate
                0x0000be5c       0x6c ./framework/SerialManager/Source/SerialManager.o
                0x0000be5c                Serial_SetBaudRate
 .text.Serial_Print
                0x0000bec8       0x60 ./framework/SerialManager/Source/SerialManager.o
                0x0000bec8                Serial_Print
 .text.Serial_PrintHex
                0x0000bf28      0x158 ./framework/SerialManager/Source/SerialManager.o
                0x0000bf28                Serial_PrintHex
 .text.Serial_WriteInternal
                0x0000c080       0xe8 ./framework/SerialManager/Source/SerialManager.o
 .text.SerialManager_RxNotify
                0x0000c168       0xb0 ./framework/SerialManager/Source/SerialManager.o
                0x0000c168                SerialManager_RxNotify
 .text.SerialManager_TxNotify
                0x0000c218       0xd0 ./framework/SerialManager/Source/SerialManager.o
                0x0000c218                SerialManager_TxNotify
 .text.Serial_TxQueueMaintenance
                0x0000c2e8      0x124 ./framework/SerialManager/Source/SerialManager.o
 .text.Serial_SyncTxCallback
                0x0000c40c       0x1c ./framework/SerialManager/Source/SerialManager.o
 .text.Serial_UartRxCb
                0x0000c428       0x4c ./framework/SerialManager/Source/SerialManager.o
 .text.Serial_UartTxCb
                0x0000c474       0x18 ./framework/SerialManager/Source/SerialManager.o
 .text.NVIC_EnableIRQ
                0x0000c48c       0x30 ./framework/SerialManager/Source/UART_Adapter.o
 .text.NVIC_SetPriority
                0x0000c4bc       0x54 ./framework/SerialManager/Source/UART_Adapter.o
 .text.UART_WriteByte
                0x0000c510       0x1c ./framework/SerialManager/Source/UART_Adapter.o
 .text.UART_ReadByte
                0x0000c52c       0x1c ./framework/SerialManager/Source/UART_Adapter.o
 .text.UART_Initialize
                0x0000c548       0xdc ./framework/SerialManager/Source/UART_Adapter.o
                0x0000c548                UART_Initialize
 .text.UART_SetBaudrate
                0x0000c624       0x44 ./framework/SerialManager/Source/UART_Adapter.o
                0x0000c624                UART_SetBaudrate
 .text.UART_SendData
                0x0000c668       0xb0 ./framework/SerialManager/Source/UART_Adapter.o
                0x0000c668                UART_SendData
 .text.UART_InstallRxCalback
                0x0000c718       0x48 ./framework/SerialManager/Source/UART_Adapter.o
                0x0000c718                UART_InstallRxCalback
 .text.UART_InstallTxCalback
                0x0000c760       0x48 ./framework/SerialManager/Source/UART_Adapter.o
                0x0000c760                UART_InstallTxCalback
 .text.UART_IsTxActive
                0x0000c7a8       0x58 ./framework/SerialManager/Source/UART_Adapter.o
                0x0000c7a8                UART_IsTxActive
 .text.UART_ISR
                0x0000c800      0x148 ./framework/SerialManager/Source/UART_Adapter.o
 .text.SecLib_Init
                0x0000c948       0x30 ./framework/SecLib/SecLib.o
                0x0000c948                SecLib_Init
 .text.AES_128_Encrypt
                0x0000c978       0xc8 ./framework/SecLib/SecLib.o
                0x0000c978                AES_128_Encrypt
 .text.AES_128_CCM
                0x0000ca40       0x68 ./framework/SecLib/SecLib.o
                0x0000ca40                AES_128_CCM
 .text.SecLib_XorN
                0x0000caa8       0x44 ./framework/SecLib/SecLib.o
                0x0000caa8                SecLib_XorN
 .text.RNG_Init
                0x0000caec       0x44 ./framework/RNG/Source/RNG.o
                0x0000caec                RNG_Init
 .text.RNG_GetRandomNo
                0x0000cb30       0x2c ./framework/RNG/Source/RNG.o
                0x0000cb30                RNG_GetRandomNo
 .text.panic    0x0000cb5c       0x18 ./framework/Panic/Source/Panic.o
                0x0000cb5c                panic
 .text.startup_task
                0x0000cb74       0x10 ./framework/OSAbstraction/Interface/fsl_os_abstraction_free_rtos.o
                0x0000cb74                startup_task
 .text.OSA_TaskGetId
                0x0000cb84       0x10 ./framework/OSAbstraction/Interface/fsl_os_abstraction_free_rtos.o
                0x0000cb84                OSA_TaskGetId
 .text.OSA_TaskCreate
                0x0000cb94       0x58 ./framework/OSAbstraction/Interface/fsl_os_abstraction_free_rtos.o
                0x0000cb94                OSA_TaskCreate
 .text.OSA_SemaphoreCreate
                0x0000cbec       0x1c ./framework/OSAbstraction/Interface/fsl_os_abstraction_free_rtos.o
                0x0000cbec                OSA_SemaphoreCreate
 .text.OSA_SemaphoreWait
                0x0000cc08       0x60 ./framework/OSAbstraction/Interface/fsl_os_abstraction_free_rtos.o
                0x0000cc08                OSA_SemaphoreWait
 .text.OSA_SemaphorePost
                0x0000cc68       0x84 ./framework/OSAbstraction/Interface/fsl_os_abstraction_free_rtos.o
                0x0000cc68                OSA_SemaphorePost
 .text.OSA_MutexCreate
                0x0000ccec       0x18 ./framework/OSAbstraction/Interface/fsl_os_abstraction_free_rtos.o
                0x0000ccec                OSA_MutexCreate
 .text.OSA_MutexLock
                0x0000cd04       0x78 ./framework/OSAbstraction/Interface/fsl_os_abstraction_free_rtos.o
                0x0000cd04                OSA_MutexLock
 .text.OSA_MutexUnlock
                0x0000cd7c       0x4c ./framework/OSAbstraction/Interface/fsl_os_abstraction_free_rtos.o
                0x0000cd7c                OSA_MutexUnlock
 .text.OSA_EventCreate
                0x0000cdc8       0x64 ./framework/OSAbstraction/Interface/fsl_os_abstraction_free_rtos.o
                0x0000cdc8                OSA_EventCreate
 .text.OSA_EventSet
                0x0000ce2c       0xa4 ./framework/OSAbstraction/Interface/fsl_os_abstraction_free_rtos.o
                0x0000ce2c                OSA_EventSet
 .text.OSA_EventWait
                0x0000ced0       0xa0 ./framework/OSAbstraction/Interface/fsl_os_abstraction_free_rtos.o
                0x0000ced0                OSA_EventWait
 .text.OSA_InterruptEnable
                0x0000cf70       0x4c ./framework/OSAbstraction/Interface/fsl_os_abstraction_free_rtos.o
                0x0000cf70                OSA_InterruptEnable
 .text.OSA_InterruptDisable
                0x0000cfbc       0x60 ./framework/OSAbstraction/Interface/fsl_os_abstraction_free_rtos.o
                0x0000cfbc                OSA_InterruptDisable
 .text.OSA_InstallIntHandler
                0x0000d01c       0x20 ./framework/OSAbstraction/Interface/fsl_os_abstraction_free_rtos.o
                0x0000d01c                OSA_InstallIntHandler
 .text.main     0x0000d03c       0x20 ./framework/OSAbstraction/Interface/fsl_os_abstraction_free_rtos.o
                0x0000d03c                main
 .text.osObjectAlloc
                0x0000d05c       0x50 ./framework/OSAbstraction/Interface/fsl_os_abstraction_free_rtos.o
 .text.osObjectIsAllocated
                0x0000d0ac       0x54 ./framework/OSAbstraction/Interface/fsl_os_abstraction_free_rtos.o
 .text.osObjectFree
                0x0000d100       0x4c ./framework/OSAbstraction/Interface/fsl_os_abstraction_free_rtos.o
 .text.ListAddTailMsg
                0x0000d14c       0x24 ./framework/Messaging/Source/Messaging.o
                0x0000d14c                ListAddTailMsg
 .text.ListAddHeadMsg
                0x0000d170       0x24 ./framework/Messaging/Source/Messaging.o
                0x0000d170                ListAddHeadMsg
 .text.ListRemoveHeadMsg
                0x0000d194       0x28 ./framework/Messaging/Source/Messaging.o
                0x0000d194                ListRemoveHeadMsg
 .text.ListGetHeadMsg
                0x0000d1bc       0x30 ./framework/Messaging/Source/Messaging.o
                0x0000d1bc                ListGetHeadMsg
 .text.ListGetNextMsg
                0x0000d1ec       0x38 ./framework/Messaging/Source/Messaging.o
                0x0000d1ec                ListGetNextMsg
 .text.ListRemoveMsg
                0x0000d224       0x20 ./framework/Messaging/Source/Messaging.o
                0x0000d224                ListRemoveMsg
 .text.MEM_Init
                0x0000d244       0xbc ./framework/MemManager/Source/MemManager.o
                0x0000d244                MEM_Init
 .text.MEM_BufferAllocWithId
                0x0000d300       0xac ./framework/MemManager/Source/MemManager.o
                0x0000d300                MEM_BufferAllocWithId
 .text.MEM_BufferFree
                0x0000d3ac       0xb0 ./framework/MemManager/Source/MemManager.o
                0x0000d3ac                MEM_BufferFree
 .text.ListInit
                0x0000d45c       0x30 ./framework/Lists/GenericList.o
                0x0000d45c                ListInit
 .text.ListAddTail
                0x0000d48c       0x78 ./framework/Lists/GenericList.o
                0x0000d48c                ListAddTail
 .text.ListAddHead
                0x0000d504       0x78 ./framework/Lists/GenericList.o
                0x0000d504                ListAddHead
 .text.ListRemoveHead
                0x0000d57c       0x68 ./framework/Lists/GenericList.o
                0x0000d57c                ListRemoveHead
 .text.ListRemoveElement
                0x0000d5e4       0x80 ./framework/Lists/GenericList.o
                0x0000d5e4                ListRemoveElement
 .text.ListGetSize
                0x0000d664       0x18 ./framework/Lists/GenericList.o
                0x0000d664                ListGetSize
 .text.LED_Init
                0x0000d67c       0x28 ./framework/LED/Source/LED.o
                0x0000d67c                LED_Init
 .text.LED_Operate
                0x0000d6a4       0x5c ./framework/LED/Source/LED.o
                0x0000d6a4                LED_Operate
 .text.LED_TurnOnLed
                0x0000d700       0x1c ./framework/LED/Source/LED.o
                0x0000d700                LED_TurnOnLed
 .text.LED_TurnOffLed
                0x0000d71c       0x1c ./framework/LED/Source/LED.o
                0x0000d71c                LED_TurnOffLed
 .text.LED_ToggleLed
                0x0000d738       0x1c ./framework/LED/Source/LED.o
                0x0000d738                LED_ToggleLed
 .text.LED_StopFlashingAllLeds
                0x0000d754       0x10 ./framework/LED/Source/LED.o
                0x0000d754                LED_StopFlashingAllLeds
 .text.LED_StartBlip
                0x0000d764       0x48 ./framework/LED/Source/LED.o
                0x0000d764                LED_StartBlip
 .text.LED_StopFlash
                0x0000d7ac       0x44 ./framework/LED/Source/LED.o
                0x0000d7ac                LED_StopFlash
 .text.LED_SetLed
                0x0000d7f0       0x94 ./framework/LED/Source/LED.o
                0x0000d7f0                LED_SetLed
 .text.LED_StartFlashWithPeriod
                0x0000d884       0x54 ./framework/LED/Source/LED.o
                0x0000d884                LED_StartFlashWithPeriod
 .text.LED_StartSerialFlashWithPeriod
                0x0000d8d8       0x74 ./framework/LED/Source/LED.o
                0x0000d8d8                LED_StartSerialFlashWithPeriod
 .text.LED_StopSerialFlash
                0x0000d94c       0x58 ./framework/LED/Source/LED.o
                0x0000d94c                LED_StopSerialFlash
 .text.LED_GpioSet
                0x0000d9a4       0x3c ./framework/LED/Source/LED.o
 .text.LED_DecrementBlip
                0x0000d9e0       0x78 ./framework/LED/Source/LED.o
 .text.LED_FlashTimeout
                0x0000da58       0x68 ./framework/LED/Source/LED.o
 .text.KbGpioInit
                0x0000dac0       0x44 ./framework/Keyboard/Source/Keyboard.o
 .text.KBD_KeySwitchPortGet
                0x0000db04       0x7c ./framework/Keyboard/Source/Keyboard.o
 .text.KBD_KeyCheck
                0x0000db80       0x88 ./framework/Keyboard/Source/Keyboard.o
 .text.KeyScan  0x0000dc08      0x130 ./framework/Keyboard/Source/Keyboard.o
 .text.Switch_CheckIRQ
                0x0000dd38       0x44 ./framework/Keyboard/Source/Keyboard.o
 .text.KBD_Init
                0x0000dd7c       0xc0 ./framework/Keyboard/Source/Keyboard.o
                0x0000dd7c                KBD_Init
 .text.Switch_Press_ISR
                0x0000de3c       0x68 ./framework/Keyboard/Source/Keyboard.o
                0x0000de3c                Switch_Press_ISR
 .text.NVIC_EnableIRQ
                0x0000dea4       0x30 ./framework/GPIO/Source/GPIO_Adapter.o
 .text.NVIC_ClearPendingIRQ
                0x0000ded4       0x34 ./framework/GPIO/Source/GPIO_Adapter.o
 .text.NVIC_SetPriority
                0x0000df08       0x54 ./framework/GPIO/Source/GPIO_Adapter.o
 .text.NVIC_GetPriority
                0x0000df5c       0x50 ./framework/GPIO/Source/GPIO_Adapter.o
 .text.GPIO_SetPinsOutput
                0x0000dfac       0x1c ./framework/GPIO/Source/GPIO_Adapter.o
 .text.GPIO_ClearPinsOutput
                0x0000dfc8       0x1c ./framework/GPIO/Source/GPIO_Adapter.o
 .text.GPIO_TogglePinsOutput
                0x0000dfe4       0x1c ./framework/GPIO/Source/GPIO_Adapter.o
 .text.GPIO_ReadPinInput
                0x0000e000       0x24 ./framework/GPIO/Source/GPIO_Adapter.o
 .text.PORT_SetPinConfig
                0x0000e024       0x44 ./framework/GPIO/Source/GPIO_Adapter.o
 .text.PORT_SetPinMux
                0x0000e068       0x38 ./framework/GPIO/Source/GPIO_Adapter.o
 .text.PORT_SetPinInterruptConfig
                0x0000e0a0       0x38 ./framework/GPIO/Source/GPIO_Adapter.o
 .text.PORT_GetPinsInterruptFlags
                0x0000e0d8       0x1c ./framework/GPIO/Source/GPIO_Adapter.o
 .text.PORT_ClearPinsInterruptFlags
                0x0000e0f4       0x1c ./framework/GPIO/Source/GPIO_Adapter.o
 .text.GpioSetPinInterrupt
                0x0000e110       0x34 ./framework/GPIO/Source/GPIO_Adapter.o
                0x0000e110                GpioSetPinInterrupt
 .text.GpioSetPassiveFilter
                0x0000e144       0x5c ./framework/GPIO/Source/GPIO_Adapter.o
                0x0000e144                GpioSetPassiveFilter
 .text.GpioSetPinMux
                0x0000e1a0       0x34 ./framework/GPIO/Source/GPIO_Adapter.o
                0x0000e1a0                GpioSetPinMux
 .text.GpioClearPinIntFlag
                0x0000e1d4       0x30 ./framework/GPIO/Source/GPIO_Adapter.o
                0x0000e1d4                GpioClearPinIntFlag
 .text.GpioIsPinIntPending
                0x0000e204       0x38 ./framework/GPIO/Source/GPIO_Adapter.o
                0x0000e204                GpioIsPinIntPending
 .text.GpioSetPinOutput
                0x0000e23c       0x30 ./framework/GPIO/Source/GPIO_Adapter.o
                0x0000e23c                GpioSetPinOutput
 .text.GpioClearPinOutput
                0x0000e26c       0x30 ./framework/GPIO/Source/GPIO_Adapter.o
                0x0000e26c                GpioClearPinOutput
 .text.GpioTogglePinOutput
                0x0000e29c       0x30 ./framework/GPIO/Source/GPIO_Adapter.o
                0x0000e29c                GpioTogglePinOutput
 .text.GpioReadPinInput
                0x0000e2cc       0x30 ./framework/GPIO/Source/GPIO_Adapter.o
                0x0000e2cc                GpioReadPinInput
 .text.GpioInputPinInit
                0x0000e2fc       0xfc ./framework/GPIO/Source/GPIO_Adapter.o
                0x0000e2fc                GpioInputPinInit
 .text.GpioOutputPinInit
                0x0000e3f8       0xe4 ./framework/GPIO/Source/GPIO_Adapter.o
                0x0000e3f8                GpioOutputPinInit
 .text.GpioInstallIsr
                0x0000e4dc      0x238 ./framework/GPIO/Source/GPIO_Adapter.o
                0x0000e4dc                GpioInstallIsr
 .text.Gpio_CommonIsr
                0x0000e714       0xa8 ./framework/GPIO/Source/GPIO_Adapter.o
 .text.Gpio_InstallPortISR
                0x0000e7bc       0x54 ./framework/GPIO/Source/GPIO_Adapter.o
 .text.FLib_MemCpy
                0x0000e810       0x38 ./framework/FunctionLib/FunctionLib.o
                0x0000e810                FLib_MemCpy
 .text.FLib_MemCpyReverseOrder
                0x0000e848       0x48 ./framework/FunctionLib/FunctionLib.o
                0x0000e848                FLib_MemCpyReverseOrder
 .text.FLib_MemCmp
                0x0000e890       0x4c ./framework/FunctionLib/FunctionLib.o
                0x0000e890                FLib_MemCmp
 .text.FLib_MemSet
                0x0000e8dc       0x30 ./framework/FunctionLib/FunctionLib.o
                0x0000e8dc                FLib_MemSet
 .text.CLOCK_EnableClock
                0x0000e90c       0x34 ./drivers/fsl_clock.o
 .text.CLOCK_DisableClock
                0x0000e940       0x38 ./drivers/fsl_clock.o
 .text.CLOCK_SetEr32kClock
                0x0000e978       0x2c ./drivers/fsl_clock.o
 .text.CLOCK_SetPllFllSelClock
                0x0000e9a4       0x38 ./drivers/fsl_clock.o
 .text.OSC_SetExtRefClkConfig
                0x0000e9dc       0x34 ./drivers/fsl_clock.o
 .text.OSC_SetCapLoad
                0x0000ea10       0x34 ./drivers/fsl_clock.o
 .text.CLOCK_GetMcgExtClkFreq
                0x0000ea44       0x8c ./drivers/fsl_clock.o
 .text.CLOCK_GetFllExtRefClkFreq
                0x0000ead0       0xc8 ./drivers/fsl_clock.o
 .text.CLOCK_GetInternalRefClkSelectFreq
                0x0000eb98       0x44 ./drivers/fsl_clock.o
 .text.CLOCK_GetFllRefClkFreq
                0x0000ebdc       0x2c ./drivers/fsl_clock.o
 .text.CLOCK_GetPll0RefFreq
                0x0000ec08       0x10 ./drivers/fsl_clock.o
 .text.CLOCK_GetOscRangeFromFreq
                0x0000ec18       0x3c ./drivers/fsl_clock.o
 .text.CLOCK_GetOsc0ErClkFreq
                0x0000ec54       0x48 ./drivers/fsl_clock.o
                0x0000ec54                CLOCK_GetOsc0ErClkFreq
 .text.CLOCK_GetEr32kClkFreq
                0x0000ec9c       0x80 ./drivers/fsl_clock.o
                0x0000ec9c                CLOCK_GetEr32kClkFreq
 .text.CLOCK_GetPllFllSelClkFreq
                0x0000ed1c       0x54 ./drivers/fsl_clock.o
                0x0000ed1c                CLOCK_GetPllFllSelClkFreq
 .text.CLOCK_GetFreq
                0x0000ed70      0x144 ./drivers/fsl_clock.o
                0x0000ed70                CLOCK_GetFreq
 .text.CLOCK_SetSimConfig
                0x0000eeb4       0x34 ./drivers/fsl_clock.o
                0x0000eeb4                CLOCK_SetSimConfig
 .text.CLOCK_EnableUsbfs0Clock
                0x0000eee8      0x100 ./drivers/fsl_clock.o
                0x0000eee8                CLOCK_EnableUsbfs0Clock
 .text.CLOCK_GetOutClkFreq
                0x0000efe8       0x64 ./drivers/fsl_clock.o
                0x0000efe8                CLOCK_GetOutClkFreq
 .text.CLOCK_GetFllFreq
                0x0000f04c       0x74 ./drivers/fsl_clock.o
                0x0000f04c                CLOCK_GetFllFreq
 .text.CLOCK_GetInternalRefClkFreq
                0x0000f0c0       0x24 ./drivers/fsl_clock.o
                0x0000f0c0                CLOCK_GetInternalRefClkFreq
 .text.CLOCK_GetFixedFreqClkFreq
                0x0000f0e4       0x30 ./drivers/fsl_clock.o
                0x0000f0e4                CLOCK_GetFixedFreqClkFreq
 .text.CLOCK_GetPll0Freq
                0x0000f114       0x78 ./drivers/fsl_clock.o
                0x0000f114                CLOCK_GetPll0Freq
 .text.CLOCK_SetExternalRefClkConfig
                0x0000f18c       0x90 ./drivers/fsl_clock.o
                0x0000f18c                CLOCK_SetExternalRefClkConfig
 .text.CLOCK_SetInternalRefClkConfig
                0x0000f21c      0x104 ./drivers/fsl_clock.o
                0x0000f21c                CLOCK_SetInternalRefClkConfig
 .text.CLOCK_EnablePll0
                0x0000f320       0x94 ./drivers/fsl_clock.o
                0x0000f320                CLOCK_EnablePll0
 .text.CLOCK_InitOsc0
                0x0000f3b4       0x8c ./drivers/fsl_clock.o
                0x0000f3b4                CLOCK_InitOsc0
 .text.CLOCK_SetPbeMode
                0x0000f440       0x98 ./drivers/fsl_clock.o
                0x0000f440                CLOCK_SetPbeMode
 .text.CLOCK_BootToPeeMode
                0x0000f4d8       0x74 ./drivers/fsl_clock.o
                0x0000f4d8                CLOCK_BootToPeeMode
 .text.__assert_func
                0x0000f54c       0x28 ./drivers/fsl_common.o
                0x0000f54c                __assert_func
 .text.InstallIRQHandler
                0x0000f574       0x74 ./drivers/fsl_common.o
                0x0000f574                InstallIRQHandler
 .text.CLOCK_EnableClock
                0x0000f5e8       0x34 ./drivers/fsl_dspi.o
 .text.DSPI_Enable
                0x0000f61c       0x38 ./drivers/fsl_dspi.o
 .text.DSPI_GetStatusFlags
                0x0000f654       0x18 ./drivers/fsl_dspi.o
 .text.DSPI_ClearStatusFlags
                0x0000f66c       0x1c ./drivers/fsl_dspi.o
 .text.DSPI_SetMasterSlaveMode
                0x0000f688       0x28 ./drivers/fsl_dspi.o
 .text.DSPI_IsMaster
                0x0000f6b0       0x1c ./drivers/fsl_dspi.o
 .text.DSPI_StartTransfer
                0x0000f6cc       0x20 ./drivers/fsl_dspi.o
 .text.DSPI_StopTransfer
                0x0000f6ec       0x20 ./drivers/fsl_dspi.o
 .text.DSPI_GetInstance
                0x0000f70c       0x58 ./drivers/fsl_dspi.o
                0x0000f70c                DSPI_GetInstance
 .text.DSPI_MasterInit
                0x0000f764      0x16c ./drivers/fsl_dspi.o
                0x0000f764                DSPI_MasterInit
 .text.DSPI_MasterGetDefaultConfig
                0x0000f8d0       0x7c ./drivers/fsl_dspi.o
                0x0000f8d0                DSPI_MasterGetDefaultConfig
 .text.DSPI_SetOnePcsPolarity
                0x0000f94c       0x4c ./drivers/fsl_dspi.o
 .text.DSPI_MasterSetBaudRate
                0x0000f998      0x120 ./drivers/fsl_dspi.o
                0x0000f998                DSPI_MasterSetBaudRate
 .text.DSPI_MasterSetDelayScaler
                0x0000fab8       0xd0 ./drivers/fsl_dspi.o
                0x0000fab8                DSPI_MasterSetDelayScaler
 .text.DSPI_MasterSetDelayTimes
                0x0000fb88      0x12c ./drivers/fsl_dspi.o
                0x0000fb88                DSPI_MasterSetDelayTimes
 .text.DSPI_GetDefaultDataCommandConfig
                0x0000fcb4       0x30 ./drivers/fsl_dspi.o
                0x0000fcb4                DSPI_GetDefaultDataCommandConfig
 .text.DSPI_MasterWriteCommandDataBlocking
                0x0000fce4       0x54 ./drivers/fsl_dspi.o
                0x0000fce4                DSPI_MasterWriteCommandDataBlocking
 .text.DSPI_CommonIRQHandler
                0x0000fd38       0x3c ./drivers/fsl_dspi.o
 .text.SPI0_DriverIRQHandler
                0x0000fd74       0x3c ./drivers/fsl_dspi.o
                0x0000fd74                SPI0_DriverIRQHandler
 .text.SPI1_DriverIRQHandler
                0x0000fdb0       0x3c ./drivers/fsl_dspi.o
                0x0000fdb0                SPI1_DriverIRQHandler
 .text.SPI2_DriverIRQHandler
                0x0000fdec       0x3c ./drivers/fsl_dspi.o
                0x0000fdec                SPI2_DriverIRQHandler
 .text.CLOCK_EnableClock
                0x0000fe28       0x34 ./drivers/fsl_ftm.o
 .text.FTM_GetInstance
                0x0000fe5c       0x60 ./drivers/fsl_ftm.o
 .text.FTM_SetPwmSync
                0x0000febc      0x118 ./drivers/fsl_ftm.o
 .text.FTM_SetReloadPoints
                0x0000ffd4      0x170 ./drivers/fsl_ftm.o
 .text.FTM_Init
                0x00010144      0x100 ./drivers/fsl_ftm.o
                0x00010144                FTM_Init
 .text.FTM_SetupOutputCompare
                0x00010244       0x9c ./drivers/fsl_ftm.o
                0x00010244                FTM_SetupOutputCompare
 .text.FTM_EnableInterrupts
                0x000102e0       0x88 ./drivers/fsl_ftm.o
                0x000102e0                FTM_EnableInterrupts
 .text.FTM_GetStatusFlags
                0x00010368       0x64 ./drivers/fsl_ftm.o
                0x00010368                FTM_GetStatusFlags
 .text.FTM_ClearStatusFlags
                0x000103cc       0x68 ./drivers/fsl_ftm.o
                0x000103cc                FTM_ClearStatusFlags
 .text.GPIO_WritePinOutput
                0x00010434       0x3c ./drivers/fsl_gpio.o
 .text.GPIO_PinInit
                0x00010470       0x70 ./drivers/fsl_gpio.o
                0x00010470                GPIO_PinInit
 .text.I2C_TransferCommonIRQHandler
                0x000104e0       0x4c ./drivers/fsl_i2c.o
 .text.I2C0_DriverIRQHandler
                0x0001052c       0x1c ./drivers/fsl_i2c.o
                0x0001052c                I2C0_DriverIRQHandler
 .text.I2C1_DriverIRQHandler
                0x00010548       0x1c ./drivers/fsl_i2c.o
                0x00010548                I2C1_DriverIRQHandler
 .text.I2C2_DriverIRQHandler
                0x00010564       0x1c ./drivers/fsl_i2c.o
                0x00010564                I2C2_DriverIRQHandler
 .text.CLOCK_EnableClock
                0x00010580       0x34 ./drivers/fsl_rnga.o
 .text.CLOCK_DisableClock
                0x000105b4       0x38 ./drivers/fsl_rnga.o
 .text.RNGA_Init
                0x000105ec       0x38 ./drivers/fsl_rnga.o
                0x000105ec                RNGA_Init
 .text.rnga_ReadEntropy
                0x00010624       0x38 ./drivers/fsl_rnga.o
 .text.RNGA_GetRandomData
                0x0001065c       0x88 ./drivers/fsl_rnga.o
                0x0001065c                RNGA_GetRandomData
 .text.RNGA_GetMode
                0x000106e4       0x20 ./drivers/fsl_rnga.o
                0x000106e4                RNGA_GetMode
 .text.CLOCK_EnableClock
                0x00010704       0x34 ./drivers/fsl_uart.o
 .text.UART_GetInstance
                0x00010738       0x60 ./drivers/fsl_uart.o
                0x00010738                UART_GetInstance
 .text.UART_Init
                0x00010798      0x2bc ./drivers/fsl_uart.o
                0x00010798                UART_Init
 .text.UART_GetDefaultConfig
                0x00010a54       0x5c ./drivers/fsl_uart.o
                0x00010a54                UART_GetDefaultConfig
 .text.UART_SetBaudRate
                0x00010ab0      0x108 ./drivers/fsl_uart.o
                0x00010ab0                UART_SetBaudRate
 .text.UART_EnableInterrupts
                0x00010bb8       0x70 ./drivers/fsl_uart.o
                0x00010bb8                UART_EnableInterrupts
 .text.UART_DisableInterrupts
                0x00010c28       0x80 ./drivers/fsl_uart.o
                0x00010c28                UART_DisableInterrupts
 .text.UART_GetEnabledInterrupts
                0x00010ca8       0x4c ./drivers/fsl_uart.o
                0x00010ca8                UART_GetEnabledInterrupts
 .text.UART_GetStatusFlags
                0x00010cf4       0x48 ./drivers/fsl_uart.o
                0x00010cf4                UART_GetStatusFlags
 .text.UART_ClearStatusFlags
                0x00010d3c       0x8c ./drivers/fsl_uart.o
                0x00010d3c                UART_ClearStatusFlags
 .text.UART0_DriverIRQHandler
                0x00010dc8       0x20 ./drivers/fsl_uart.o
                0x00010dc8                UART0_DriverIRQHandler
 .text.UART0_RX_TX_DriverIRQHandler
                0x00010de8        0xc ./drivers/fsl_uart.o
                0x00010de8                UART0_RX_TX_DriverIRQHandler
 .text.UART1_DriverIRQHandler
                0x00010df4       0x20 ./drivers/fsl_uart.o
                0x00010df4                UART1_DriverIRQHandler
 .text.UART1_RX_TX_DriverIRQHandler
                0x00010e14        0xc ./drivers/fsl_uart.o
                0x00010e14                UART1_RX_TX_DriverIRQHandler
 .text.UART2_DriverIRQHandler
                0x00010e20       0x20 ./drivers/fsl_uart.o
                0x00010e20                UART2_DriverIRQHandler
 .text.UART2_RX_TX_DriverIRQHandler
                0x00010e40        0xc ./drivers/fsl_uart.o
                0x00010e40                UART2_RX_TX_DriverIRQHandler
 .text.UART3_DriverIRQHandler
                0x00010e4c       0x20 ./drivers/fsl_uart.o
                0x00010e4c                UART3_DriverIRQHandler
 .text.UART3_RX_TX_DriverIRQHandler
                0x00010e6c        0xc ./drivers/fsl_uart.o
                0x00010e6c                UART3_RX_TX_DriverIRQHandler
 .text.UART4_DriverIRQHandler
                0x00010e78       0x20 ./drivers/fsl_uart.o
                0x00010e78                UART4_DriverIRQHandler
 .text.UART4_RX_TX_DriverIRQHandler
                0x00010e98        0xc ./drivers/fsl_uart.o
                0x00010e98                UART4_RX_TX_DriverIRQHandler
 .text.UART5_DriverIRQHandler
                0x00010ea4       0x20 ./drivers/fsl_uart.o
                0x00010ea4                UART5_DriverIRQHandler
 .text.UART5_RX_TX_DriverIRQHandler
                0x00010ec4        0xc ./drivers/fsl_uart.o
                0x00010ec4                UART5_RX_TX_DriverIRQHandler
 .text.BOARD_GetUartClock
                0x00010ed0       0x18 ./board/board.o
                0x00010ed0                BOARD_GetUartClock
 .text.BOARD_GetFtmClock
                0x00010ee8       0x18 ./board/board.o
                0x00010ee8                BOARD_GetFtmClock
 .text.BOARD_GetSpiClock
                0x00010f00       0x18 ./board/board.o
                0x00010f00                BOARD_GetSpiClock
 .text.CLOCK_SetSdhc0Clock
                0x00010f18       0x38 ./board/clock_config.o
 .text.CLOCK_SetEnetTime0Clock
                0x00010f50       0x38 ./board/clock_config.o
 .text.CLOCK_SetRmii0Clock
                0x00010f88       0x38 ./board/clock_config.o
 .text.CLOCK_SetTraceClock
                0x00010fc0       0x38 ./board/clock_config.o
 .text.CLOCK_SetClkOutClock
                0x00010ff8       0x38 ./board/clock_config.o
 .text.CLOCK_SetSimSafeDivs
                0x00011030       0x20 ./board/clock_config.o
 .text.CLOCK_SetXtal0Freq
                0x00011050       0x1c ./board/clock_config.o
 .text.CLOCK_CONFIG_SetFllExtRefDiv
                0x0001106c       0x38 ./board/clock_config.o
 .text.BOARD_BootClockRUN
                0x000110a4       0x88 ./board/clock_config.o
                0x000110a4                BOARD_BootClockRUN
 .text.CLOCK_EnableClock
                0x0001112c       0x34 ./board/hardware_init.o
 .text.hardware_init
                0x00011160       0x94 ./board/hardware_init.o
                0x00011160                hardware_init
 .text.NMI_Handler
                0x000111f4       0x1c ./board/hardware_init.o
                0x000111f4                NMI_Handler
 .text.CLOCK_EnableClock
                0x00011210       0x34 ./board/pin_mux.o
 .text.PORT_SetPinConfig
                0x00011244       0x44 ./board/pin_mux.o
 .text.PORT_SetPinMux
                0x00011288       0x38 ./board/pin_mux.o
 .text.BOARD_InitButtons
                0x000112c0       0xc4 ./board/pin_mux.o
                0x000112c0                BOARD_InitButtons
 .text.BOARD_InitLEDs
                0x00011384      0x10c ./board/pin_mux.o
                0x00011384                BOARD_InitLEDs
 .text.BOARD_InitXCVR
                0x00011490       0x8c ./board/pin_mux.o
                0x00011490                BOARD_InitXCVR
 .text.BOARD_InitUART
                0x0001151c       0x68 ./board/pin_mux.o
                0x0001151c                BOARD_InitUART
 .text.KeyExpansion
                0x00011584      0x19c ./Safe/aes.o
 .text.AES_init_ctx
                0x00011720       0x1c ./Safe/aes.o
                0x00011720                AES_init_ctx
 .text.AddRoundKey
                0x0001173c       0x70 ./Safe/aes.o
 .text.SubBytes
                0x000117ac       0x58 ./Safe/aes.o
 .text.ShiftRows
                0x00011804       0x84 ./Safe/aes.o
 .text.xtime    0x00011888       0x3c ./Safe/aes.o
 .text.MixColumns
                0x000118c4      0x160 ./Safe/aes.o
 .text.InvMixColumns
                0x00011a24      0x630 ./Safe/aes.o
 .text.InvSubBytes
                0x00012054       0x58 ./Safe/aes.o
 .text.InvShiftRows
                0x000120ac       0x84 ./Safe/aes.o
 .text.Cipher   0x00012130       0x64 ./Safe/aes.o
 .text.InvCipher
                0x00012194       0x64 ./Safe/aes.o
 .text.AES_ECB_encrypt
                0x000121f8       0x1c ./Safe/aes.o
                0x000121f8                AES_ECB_encrypt
 .text.AES_ECB_decrypt
                0x00012214       0x1c ./Safe/aes.o
                0x00012214                AES_ECB_decrypt
 .text.AES_init
                0x00012230       0x1c ./Safe/aes_wrapper.o
                0x00012230                AES_init
 .text.AES_Encrypt
                0x0001224c       0x40 ./Safe/aes_wrapper.o
                0x0001224c                AES_Encrypt
 .text.AES_Decrypt
                0x0001228c       0x28 ./Safe/aes_wrapper.o
                0x0001228c                AES_Decrypt
 .text.crc_16   0x000122b4       0x70 ./CRC/crc16.o
                0x000122b4                crc_16
 .text.init_crc16_tab
                0x00012324       0x84 ./CRC/crc16.o
 .text.CRC_Init
                0x000123a8       0x28 ./CRC/crc_wrapper.o
                0x000123a8                CRC_Init
 .text.CRC_calculate
                0x000123d0       0x48 ./CRC/crc_wrapper.o
                0x000123d0                CRC_calculate
 .text.CRC_validate
                0x00012418       0x50 ./CRC/crc_wrapper.o
                0x00012418                CRC_validate
 .text.Mac_ComputeMaxFrameTotalWaitTime
                0x00012468       0x5a C:/WorkspaceKDS/macwrapper/macbase/boards/frdmk64f_frdmcr20a/wireless_examples/ieee_802_15_4/msn_coordinator/freertos/kds/../../../../../../../middleware/wireless/ieee_802_15_4_5.0.5/mac/lib/802.15.4_mac_06_cM4.a(MacPib.o)
 *fill*         0x000124c2        0x2 
 .text.Mac_GetNextFreeDevTblEntry.isra.0
                0x000124c4       0x24 C:/WorkspaceKDS/macwrapper/macbase/boards/frdmk64f_frdmcr20a/wireless_examples/ieee_802_15_4/msn_coordinator/freertos/kds/../../../../../../../middleware/wireless/ieee_802_15_4_5.0.5/mac/lib/802.15.4_mac_06_cM4.a(MacPib.o)
 .text.macVerifySetReq
                0x000124e8       0xe4 C:/WorkspaceKDS/macwrapper/macbase/boards/frdmk64f_frdmcr20a/wireless_examples/ieee_802_15_4/msn_coordinator/freertos/kds/../../../../../../../middleware/wireless/ieee_802_15_4_5.0.5/mac/lib/802.15.4_mac_06_cM4.a(MacPib.o)
                0x000124e8                macVerifySetReq
 .text.mlmeGetSizeOfPIB
                0x000125cc       0x14 C:/WorkspaceKDS/macwrapper/macbase/boards/frdmk64f_frdmcr20a/wireless_examples/ieee_802_15_4/msn_coordinator/freertos/kds/../../../../../../../middleware/wireless/ieee_802_15_4_5.0.5/mac/lib/802.15.4_mac_06_cM4.a(MacPib.o)
                0x000125cc                mlmeGetSizeOfPIB
 .text.mlmeGetSetReq
                0x000125e0      0x600 C:/WorkspaceKDS/macwrapper/macbase/boards/frdmk64f_frdmcr20a/wireless_examples/ieee_802_15_4/msn_coordinator/freertos/kds/../../../../../../../middleware/wireless/ieee_802_15_4_5.0.5/mac/lib/802.15.4_mac_06_cM4.a(MacPib.o)
                0x000125e0                mlmeGetSetReq
 .text.Mac_SetPhyPIBs
                0x00012be0      0x14e C:/WorkspaceKDS/macwrapper/macbase/boards/frdmk64f_frdmcr20a/wireless_examples/ieee_802_15_4/msn_coordinator/freertos/kds/../../../../../../../middleware/wireless/ieee_802_15_4_5.0.5/mac/lib/802.15.4_mac_06_cM4.a(MacPib.o)
                0x00012be0                Mac_SetPhyPIBs
 *fill*         0x00012d2e        0x2 
 .text.macInitPIBs
                0x00012d30      0x31c C:/WorkspaceKDS/macwrapper/macbase/boards/frdmk64f_frdmcr20a/wireless_examples/ieee_802_15_4/msn_coordinator/freertos/kds/../../../../../../../middleware/wireless/ieee_802_15_4_5.0.5/mac/lib/802.15.4_mac_06_cM4.a(MacPib.o)
                0x00012d30                macInitPIBs
 .text.Mac_SetExtendedAddress
                0x0001304c       0x38 C:/WorkspaceKDS/macwrapper/macbase/boards/frdmk64f_frdmcr20a/wireless_examples/ieee_802_15_4/msn_coordinator/freertos/kds/../../../../../../../middleware/wireless/ieee_802_15_4_5.0.5/mac/lib/802.15.4_mac_06_cM4.a(MacPib.o)
                0x0001304c                Mac_SetExtendedAddress
 .text.Dumy_MCPS_NWK_SapHandler
                0x00013084        0xa C:/WorkspaceKDS/macwrapper/macbase/boards/frdmk64f_frdmcr20a/wireless_examples/ieee_802_15_4/msn_coordinator/freertos/kds/../../../../../../../middleware/wireless/ieee_802_15_4_5.0.5/mac/lib/802.15.4_mac_06_cM4.a(MacMain.o)
                0x00013084                Dumy_MCPS_NWK_SapHandler
 .text.Dumy_MLME_NWK_SapHandler
                0x0001308e        0xa C:/WorkspaceKDS/macwrapper/macbase/boards/frdmk64f_frdmcr20a/wireless_examples/ieee_802_15_4/msn_coordinator/freertos/kds/../../../../../../../middleware/wireless/ieee_802_15_4_5.0.5/mac/lib/802.15.4_mac_06_cM4.a(MacMain.o)
                0x0001308e                Dumy_MLME_NWK_SapHandler
 .text.BindToMAC
                0x00013098       0x34 C:/WorkspaceKDS/macwrapper/macbase/boards/frdmk64f_frdmcr20a/wireless_examples/ieee_802_15_4/msn_coordinator/freertos/kds/../../../../../../../middleware/wireless/ieee_802_15_4_5.0.5/mac/lib/802.15.4_mac_06_cM4.a(MacMain.o)
                0x00013098                BindToMAC
 .text.MAC_EventSet
                0x000130cc       0x34 C:/WorkspaceKDS/macwrapper/macbase/boards/frdmk64f_frdmcr20a/wireless_examples/ieee_802_15_4/msn_coordinator/freertos/kds/../../../../../../../middleware/wireless/ieee_802_15_4_5.0.5/mac/lib/802.15.4_mac_06_cM4.a(MacMain.o)
                0x000130cc                MAC_EventSet
 .text.Mac_TimerNotify
                0x00013100        0x8 C:/WorkspaceKDS/macwrapper/macbase/boards/frdmk64f_frdmcr20a/wireless_examples/ieee_802_15_4/msn_coordinator/freertos/kds/../../../../../../../middleware/wireless/ieee_802_15_4_5.0.5/mac/lib/802.15.4_mac_06_cM4.a(MacMain.o)
 .text.PD_MAC_SapHandler
                0x00013108       0x28 C:/WorkspaceKDS/macwrapper/macbase/boards/frdmk64f_frdmcr20a/wireless_examples/ieee_802_15_4/msn_coordinator/freertos/kds/../../../../../../../middleware/wireless/ieee_802_15_4_5.0.5/mac/lib/802.15.4_mac_06_cM4.a(MacMain.o)
                0x00013108                PD_MAC_SapHandler
 .text.PLME_MAC_SapHandler
                0x00013130        0x4 C:/WorkspaceKDS/macwrapper/macbase/boards/frdmk64f_frdmcr20a/wireless_examples/ieee_802_15_4/msn_coordinator/freertos/kds/../../../../../../../middleware/wireless/ieee_802_15_4_5.0.5/mac/lib/802.15.4_mac_06_cM4.a(MacMain.o)
                0x00013130                PLME_MAC_SapHandler
 .text.Mac_RegisterSapHandlers
                0x00013134       0x18 C:/WorkspaceKDS/macwrapper/macbase/boards/frdmk64f_frdmcr20a/wireless_examples/ieee_802_15_4/msn_coordinator/freertos/kds/../../../../../../../middleware/wireless/ieee_802_15_4_5.0.5/mac/lib/802.15.4_mac_06_cM4.a(MacMain.o)
                0x00013134                Mac_RegisterSapHandlers