Archive member included because of file (symbol)

E:/ITESO/kds_dscae_o2019/macbase/boards/frdmk64f_frdmcr20a/wireless_examples/ieee_802_15_4/msn_coordinator/freertos/kds/../../../../../../../middleware/mmcau_2.0.0/asm-cm4-cm7/lib_mmcau.a(mmcau_aes_functions.o)
                              ./mmcau/mmcau_source/fsl_mmcau.o (mmcau_aes_set_key)
E:/ITESO/kds_dscae_o2019/macbase/boards/frdmk64f_frdmcr20a/wireless_examples/ieee_802_15_4/msn_coordinator/freertos/kds/../../../../../../../middleware/mmcau_2.0.0/asm-cm4-cm7/lib_mmcau.a(mmcau_des_functions.o)
                              ./mmcau/mmcau_source/fsl_mmcau.o (mmcau_des_chk_parity)
E:/ITESO/kds_dscae_o2019/macbase/boards/frdmk64f_frdmcr20a/wireless_examples/ieee_802_15_4/msn_coordinator/freertos/kds/../../../../../../../middleware/mmcau_2.0.0/asm-cm4-cm7/lib_mmcau.a(mmcau_md5_functions.o)
                              ./mmcau/mmcau_source/fsl_mmcau.o (mmcau_md5_initialize_output)
E:/ITESO/kds_dscae_o2019/macbase/boards/frdmk64f_frdmcr20a/wireless_examples/ieee_802_15_4/msn_coordinator/freertos/kds/../../../../../../../middleware/mmcau_2.0.0/asm-cm4-cm7/lib_mmcau.a(mmcau_sha1_functions.o)
                              ./mmcau/mmcau_source/fsl_mmcau.o (mmcau_sha1_initialize_output)
E:/ITESO/kds_dscae_o2019/macbase/boards/frdmk64f_frdmcr20a/wireless_examples/ieee_802_15_4/msn_coordinator/freertos/kds/../../../../../../../middleware/mmcau_2.0.0/asm-cm4-cm7/lib_mmcau.a(mmcau_sha256_functions.o)
                              ./mmcau/mmcau_source/fsl_mmcau.o (mmcau_sha256_initialize_output)
E:/ITESO/kds_dscae_o2019/macbase/boards/frdmk64f_frdmcr20a/wireless_examples/ieee_802_15_4/msn_coordinator/freertos/kds/../../../../../../../middleware/wireless/ieee_802_15_4_5.0.5/mac/lib/802.15.4_mac_06_cM4.a(MacPib.o)
                              ./source/ieee802p15p4_wrapper.o (Mac_SetExtendedAddress)
E:/ITESO/kds_dscae_o2019/macbase/boards/frdmk64f_frdmcr20a/wireless_examples/ieee_802_15_4/msn_coordinator/freertos/kds/../../../../../../../middleware/wireless/ieee_802_15_4_5.0.5/mac/lib/802.15.4_mac_06_cM4.a(MacMain.o)
                              ./source/ieee802p15p4_wrapper.o (BindToMAC)
E:/ITESO/kds_dscae_o2019/macbase/boards/frdmk64f_frdmcr20a/wireless_examples/ieee_802_15_4/msn_coordinator/freertos/kds/../../../../../../../middleware/wireless/ieee_802_15_4_5.0.5/mac/lib/802.15.4_mac_06_cM4.a(MacStateMachine.o)
                              E:/ITESO/kds_dscae_o2019/macbase/boards/frdmk64f_frdmcr20a/wireless_examples/ieee_802_15_4/msn_coordinator/freertos/kds/../../../../../../../middleware/wireless/ieee_802_15_4_5.0.5/mac/lib/802.15.4_mac_06_cM4.a(MacMain.o) (Mac_PhyMsgHandler)
E:/ITESO/kds_dscae_o2019/macbase/boards/frdmk64f_frdmcr20a/wireless_examples/ieee_802_15_4/msn_coordinator/freertos/kds/../../../../../../../middleware/wireless/ieee_802_15_4_5.0.5/mac/lib/802.15.4_mac_06_cM4.a(Association.o)
                              E:/ITESO/kds_dscae_o2019/macbase/boards/frdmk64f_frdmcr20a/wireless_examples/ieee_802_15_4/msn_coordinator/freertos/kds/../../../../../../../middleware/wireless/ieee_802_15_4_5.0.5/mac/lib/802.15.4_mac_06_cM4.a(MacMain.o) (Association_VerifyParameters)
E:/ITESO/kds_dscae_o2019/macbase/boards/frdmk64f_frdmcr20a/wireless_examples/ieee_802_15_4/msn_coordinator/freertos/kds/../../../../../../../middleware/wireless/ieee_802_15_4_5.0.5/mac/lib/802.15.4_mac_06_cM4.a(DataRx.o)
                              E:/ITESO/kds_dscae_o2019/macbase/boards/frdmk64f_frdmcr20a/wireless_examples/ieee_802_15_4/msn_coordinator/freertos/kds/../../../../../../../middleware/wireless/ieee_802_15_4_5.0.5/mac/lib/802.15.4_mac_06_cM4.a(MacStateMachine.o) (Mac_CreateMlmeCommStatusInd)
E:/ITESO/kds_dscae_o2019/macbase/boards/frdmk64f_frdmcr20a/wireless_examples/ieee_802_15_4/msn_coordinator/freertos/kds/../../../../../../../middleware/wireless/ieee_802_15_4_5.0.5/mac/lib/802.15.4_mac_06_cM4.a(DataTx.o)
                              E:/ITESO/kds_dscae_o2019/macbase/boards/frdmk64f_frdmcr20a/wireless_examples/ieee_802_15_4/msn_coordinator/freertos/kds/../../../../../../../middleware/wireless/ieee_802_15_4_5.0.5/mac/lib/802.15.4_mac_06_cM4.a(MacMain.o) (DataTx_SendData)
E:/ITESO/kds_dscae_o2019/macbase/boards/frdmk64f_frdmcr20a/wireless_examples/ieee_802_15_4/msn_coordinator/freertos/kds/../../../../../../../middleware/wireless/ieee_802_15_4_5.0.5/mac/lib/802.15.4_mac_06_cM4.a(Disassociation.o)
                              E:/ITESO/kds_dscae_o2019/macbase/boards/frdmk64f_frdmcr20a/wireless_examples/ieee_802_15_4/msn_coordinator/freertos/kds/../../../../../../../middleware/wireless/ieee_802_15_4_5.0.5/mac/lib/802.15.4_mac_06_cM4.a(MacMain.o) (Disassociation_VerifyParameters)
E:/ITESO/kds_dscae_o2019/macbase/boards/frdmk64f_frdmcr20a/wireless_examples/ieee_802_15_4/msn_coordinator/freertos/kds/../../../../../../../middleware/wireless/ieee_802_15_4_5.0.5/mac/lib/802.15.4_mac_06_cM4.a(Orphan.o)
[...]
Memory Configuration

Name             Origin             Length             Attributes
TEXT_region1     0x00000000         0x00000400         xr
m_flash_config_region 0x00000400         0x00000010         xr
TEXT_region2     0x00000411         0x000febee         xr
DATA_region      0x1fff0000         0x00040000         rw
PRODUCT_INFO_region 0x000ff000         0x00000fff         xr
*default*        0x00000000         0xffffffff

Linker script and memory map

LOAD c:/freescale/kds_v3/toolchain/bin/../lib/gcc/arm-none-eabi/4.8.4/armv7e-m/softfp/crti.o
LOAD c:/freescale/kds_v3/toolchain/bin/../lib/gcc/arm-none-eabi/4.8.4/armv7e-m/softfp/crtbegin.o
LOAD c:/freescale/kds_v3/toolchain/bin/../lib/gcc/arm-none-eabi/4.8.4/../../../../arm-none-eabi/lib/armv7e-m/softfp/crt0.o
START GROUP
LOAD ./utilities/fsl_debug_console.o
LOAD ./usb/osa/usb_osa_freertos.o
LOAD ./usb/device/source/khci/usb_device_khci.o
LOAD ./usb/device/source/usb_device_dci.o
LOAD ./startup/startup_MK64F12.o
LOAD ./startup/system_MK64F12.o
LOAD ./source/Purger.o
LOAD ./source/ieee802p15p4_wrapper.o
LOAD ./source/msn_nwk_node.o
LOAD ./mmcau/mmcau_source/fsl_mmcau.o
LOAD ./ieee_802.15.4/phy/source/XcvrSPI/Spi.o
LOAD ./ieee_802.15.4/phy/source/MCR20A/MCR20Drv/MCR20Drv.o
LOAD ./ieee_802.15.4/phy/source/ASP.o
LOAD ./ieee_802.15.4/phy/source/MPM.o
LOAD ./ieee_802.15.4/phy/source/PhyDebug.o
LOAD ./ieee_802.15.4/phy/source/PhyISR.o
LOAD ./ieee_802.15.4/phy/source/PhyPacketProcessor.o
LOAD ./ieee_802.15.4/phy/source/PhyPlmeData.o
LOAD ./ieee_802.15.4/phy/source/PhyStateMachine.o
LOAD ./ieee_802.15.4/phy/source/PhyTime.o
LOAD ./ieee_802.15.4/App/FsciAspCommands.o
LOAD ./ieee_802.15.4/App/FsciMacCommands.o
LOAD ./ieee_802.15.4/App/MacGlobals.o
LOAD ./freertos/portable/port.o
LOAD ./freertos/croutine.o
LOAD ./freertos/event_groups.o
LOAD ./freertos/heap_4.o
LOAD ./freertos/list.o
LOAD ./freertos/queue.o
LOAD ./freertos/tasks.o
LOAD ./freertos/timers.o
LOAD ./framework/TimersManager/Source/TMR_Adapter.o
LOAD ./framework/TimersManager/Source/TimersManager.o
LOAD ./framework/SerialManager/Source/USB_VirtualCom/Source/usb_device_cdc_acm.o
LOAD ./framework/SerialManager/Source/USB_VirtualCom/Source/usb_device_ch9.o
LOAD ./framework/SerialManager/Source/USB_VirtualCom/Source/usb_device_class.o
LOAD ./framework/SerialManager/Source/USB_VirtualCom/Source/usb_device_descriptor.o
LOAD ./framework/SerialManager/Source/USB_VirtualCom/Source/virtual_com.o
LOAD ./framework/SerialManager/Source/SPI_Adapter/SPI_Adapter.o
LOAD ./framework/SerialManager/Source/I2C_Adapter.o
LOAD ./framework/SerialManager/Source/SerialManager.o
LOAD ./framework/SerialManager/Source/UART_Adapter.o
LOAD ./framework/SecLib/SecLib.o
LOAD ./framework/Reset/Source/Reset.o
LOAD ./framework/RNG/Source/RNG.o
LOAD ./framework/Panic/Source/Panic.o
LOAD ./framework/OSAbstraction/Interface/fsl_os_abstraction_free_rtos.o
LOAD ./framework/Messaging/Source/Messaging.o
LOAD ./framework/MemManager/Source/MemManager.o
LOAD ./framework/MWSCoexistence/Source/MWS.o
LOAD ./framework/Lists/GenericList.o
LOAD ./framework/LED/Source/LED.o
LOAD ./framework/Keyboard/Source/Keyboard.o
LOAD ./framework/GPIO/Source/GPIO_Adapter.o
LOAD ./framework/FunctionLib/FunctionLib.o
LOAD ./framework/Flash/Internal/Flash_Adapter.o
LOAD ./drivers/fsl_clock.o
LOAD ./drivers/fsl_common.o
LOAD ./drivers/fsl_dspi.o
LOAD ./drivers/fsl_flash.o
LOAD ./drivers/fsl_ftm.o
LOAD ./drivers/fsl_gpio.o
LOAD ./drivers/fsl_i2c.o
LOAD ./drivers/fsl_llwu.o
LOAD ./drivers/fsl_lptmr.o
LOAD ./drivers/fsl_mpu.o
LOAD ./drivers/fsl_rnga.o
LOAD ./drivers/fsl_rtc.o
LOAD ./drivers/fsl_sim.o
LOAD ./drivers/fsl_smc.o
LOAD ./drivers/fsl_uart.o
LOAD ./board/board.o
LOAD ./board/clock_config.o
LOAD ./board/gpio_pins.o
LOAD ./board/hardware_init.o
LOAD ./board/pin_mux.o
LOAD E:/ITESO/kds_dscae_o2019/macbase/boards/frdmk64f_frdmcr20a/wireless_examples/ieee_802_15_4/msn_coordinator/freertos/kds/../../../../../../../middleware/mmcau_2.0.0/asm-cm4-cm7/lib_mmcau.a
LOAD E:/ITESO/kds_dscae_o2019/macbase/boards/frdmk64f_frdmcr20a/wireless_examples/ieee_802_15_4/msn_coordinator/freertos/kds/../../../../../../../middleware/wireless/ieee_802_15_4_5.0.5/mac/lib/802.15.4_mac_06_cM4.a
LOAD E:/ITESO/kds_dscae_o2019/macbase/boards/frdmk64f_frdmcr20a/wireless_examples/ieee_802_15_4/msn_coordinator/freertos/kds/../../../../../../../middleware/wireless/framework_5.0.5/SecLib/lib_crypto_M4.a
LOAD c:/freescale/kds_v3/toolchain/bin/../lib/gcc/arm-none-eabi/4.8.4/../../../../arm-none-eabi/lib/armv7e-m/softfp\libg_s.a
LOAD c:/freescale/kds_v3/toolchain/bin/../lib/gcc/arm-none-eabi/4.8.4/armv7e-m/softfp\libgcc.a
LOAD c:/freescale/kds_v3/toolchain/bin/../lib/gcc/arm-none-eabi/4.8.4/../../../../arm-none-eabi/lib/armv7e-m/softfp\libnosys.a
END GROUP
LOAD c:/freescale/kds_v3/toolchain/bin/../lib/gcc/arm-none-eabi/4.8.4/../../../../arm-none-eabi/lib/armv7e-m/softfp\libstdc++_s.a
LOAD c:/freescale/kds_v3/toolchain/bin/../lib/gcc/arm-none-eabi/4.8.4/../../../../arm-none-eabi/lib/armv7e-m/softfp\libm.a
START GROUP
LOAD c:/freescale/kds_v3/toolchain/bin/../lib/gcc/arm-none-eabi/4.8.4/armv7e-m/softfp\libgcc.a
LOAD c:/freescale/kds_v3/toolchain/bin/../lib/gcc/arm-none-eabi/4.8.4/../../../../arm-none-eabi/lib/armv7e-m/softfp\libg_s.a
LOAD c:/freescale/kds_v3/toolchain/bin/../lib/gcc/arm-none-eabi/4.8.4/../../../../arm-none-eabi/lib/armv7e-m/softfp\libc_s.a
END GROUP
START GROUP
LOAD c:/freescale/kds_v3/toolchain/bin/../lib/gcc/arm-none-eabi/4.8.4/armv7e-m/softfp\libgcc.a
LOAD c:/freescale/kds_v3/toolchain/bin/../lib/gcc/arm-none-eabi/4.8.4/../../../../arm-none-eabi/lib/armv7e-m/softfp\libc_s.a
END GROUP
LOAD c:/freescale/kds_v3/toolchain/bin/../lib/gcc/arm-none-eabi/4.8.4/armv7e-m/softfp/crtend.o
LOAD c:/freescale/kds_v3/toolchain/bin/../lib/gcc/arm-none-eabi/4.8.4/armv7e-m/softfp/crtn.o
                0x1fff0000                _RAM_START_ = 0x1fff0000
                0x2002ffff                _RAM_END_ = 0x2002ffff
                0x000ff000                FREESCALE_PROD_DATA_BASE_ADDR = 0xff000
                0x00000400                __RAM_VECTOR_TABLE_SIZE = 0x400
                0x2002fbea                __BOOT_STACK_ADDRESS = 0x2002fbea
                0x1ffffffb                __dummy_start = 0x1ffffffb

.interrupts     0x00000000      0x400
                0x00000000                __VECTOR_TABLE = .
                0x00000000                . = ALIGN (0x4)
 *(.isr_vector)
 .isr_vector    0x00000000      0x400 ./startup/startup_MK64F12.o
                0x00000000                __isr_vector
                0x00000400                . = ALIGN (0x4)

.freescale_prod_data
                0x000ff000        0x0
                0x000ff000                . = ALIGN (0x4)
 *(.FREESCALE_PROD_DATA)
                0x000ff000                . = ALIGN (0x4)

.flash_config   0x00000400       0x10
                0x00000400                . = ALIGN (0x4)
 *(.FlashConfig)
 .FlashConfig   0x00000400       0x10 ./startup/startup_MK64F12.o
                0x00000410                . = ALIGN (0x4)

.text           0x00000420    0x165a8
                0x00000420                . = ALIGN (0x4)
 *(.text)
 .text          0x00000420       0x54 c:/freescale/kds_v3/toolchain/bin/../lib/gcc/arm-none-eabi/4.8.4/armv7e-m/softfp/crtbegin.o
 .text          0x00000474       0x74 c:/freescale/kds_v3/toolchain/bin/../lib/gcc/arm-none-eabi/4.8.4/../../../../arm-none-eabi/lib/armv7e-m/softfp/crt0.o
                0x00000474                _start
                0x00000474                _mainCRTStartup
 .text          0x000004e8      0x1fc ./startup/startup_MK64F12.o
                0x000004e8                Reset_Handler
                0x00000544                DebugMon_Handler
                0x00000544                PORTC_IRQHandler
                0x00000544                DMA0_DriverIRQHandler
                0x00000544                DMA12_DriverIRQHandler
                0x00000544                WDOG_EWM_IRQHandler
                0x00000544                DMA_Error_DriverIRQHandler
                0x00000544                CMP0_IRQHandler
                0x00000544                DMA7_DriverIRQHandler
                0x00000544                ENET_Transmit_DriverIRQHandler
                0x00000544                DMA2_DriverIRQHandler
                0x00000544                UART1_ERR_DriverIRQHandler
                0x00000544                BusFault_Handler
                0x00000544                SDHC_DriverIRQHandler
                0x00000544                PIT0_IRQHandler
                0x00000544                LPTMR0_IRQHandler
                0x00000544                CMP2_IRQHandler
                0x00000544                LLWU_IRQHandler
                0x00000544                I2S0_Tx_DriverIRQHandler
                0x00000544                DMA6_DriverIRQHandler
                0x00000544                FTM2_IRQHandler
                0x00000544                PORTE_IRQHandler
                0x00000544                FTM3_IRQHandler
                0x00000544                ENET_1588_Timer_DriverIRQHandler
                0x00000544                SWI_IRQHandler
                0x00000544                ADC0_IRQHandler
                0x00000544                UsageFault_Handler
                0x00000544                CAN0_DriverIRQHandler
                0x00000544                CMT_IRQHandler
                0x00000544                MCM_IRQHandler
                0x00000544                DAC1_IRQHandler
                0x00000544                DefaultISR
                0x00000544                PORTA_IRQHandler
                0x00000544                UART5_ERR_DriverIRQHandler
                0x00000544                FTM0_IRQHandler
                0x00000544                DMA11_DriverIRQHandler
                0x00000544                CMP1_IRQHandler
                0x00000544                Reserved71_IRQHandler
                0x00000544                PORTD_IRQHandler
                0x00000544                PORTB_IRQHandler
                0x00000544                DMA10_DriverIRQHandler
                0x00000544                LVD_LVW_IRQHandler
                0x00000544                UART2_ERR_DriverIRQHandler
                0x00000544                ADC1_IRQHandler
                0x00000544                DMA5_DriverIRQHandler
                0x00000544                DMA4_DriverIRQHandler
                0x00000544                PIT1_IRQHandler
                0x00000544                PIT2_IRQHandler
                0x00000544                DMA15_DriverIRQHandler
                0x00000544                ENET_Error_DriverIRQHandler
                0x00000544                RTC_IRQHandler
                0x00000544                UART3_ERR_DriverIRQHandler
                0x00000544                PDB0_IRQHandler
                0x00000544                FTFE_IRQHandler
                0x00000544                FTM1_IRQHandler
                0x00000544                DMA13_DriverIRQHandler
                0x00000544                DAC0_IRQHandler
                0x00000544                DMA3_DriverIRQHandler
                0x00000544                PIT3_IRQHandler
                0x00000544                ENET_Receive_DriverIRQHandler
                0x00000544                RTC_Seconds_IRQHandler
                0x00000544                MCG_IRQHandler
                0x00000544                USB0_IRQHandler
                0x00000544                DMA9_DriverIRQHandler
                0x00000544                DMA8_DriverIRQHandler
                0x00000544                UART0_ERR_DriverIRQHandler
                0x00000544                I2S0_Rx_DriverIRQHandler
                0x00000544                RNG_IRQHandler
                0x00000544                DMA1_DriverIRQHandler
                0x00000544                Read_Collision_IRQHandler
                0x00000544                DMA14_DriverIRQHandler
                0x00000544                UART0_LON_DriverIRQHandler
                0x00000544                MemManage_Handler
                0x00000544                USBDCD_IRQHandler
                0x00000544                UART4_ERR_DriverIRQHandler
                0x0000054c                HardFault_Handler
                0x0000055c                DMA0_IRQHandler
                0x00000560                DMA1_IRQHandler
                0x00000564                DMA2_IRQHandler
                0x00000568                DMA3_IRQHandler
                0x0000056c                DMA4_IRQHandler
                0x00000570                DMA5_IRQHandler
                0x00000574                DMA6_IRQHandler
                0x00000578                DMA7_IRQHandler
                0x0000057c                DMA8_IRQHandler
                0x00000580                DMA9_IRQHandler
                0x00000584                DMA10_IRQHandler
                0x00000588                DMA11_IRQHandler
                0x0000058c                DMA12_IRQHandler
                0x00000590                DMA13_IRQHandler
                0x00000594                DMA14_IRQHandler
                0x00000598                DMA15_IRQHandler
                0x0000059c                DMA_Error_IRQHandler
                0x000005a0                I2C0_IRQHandler
                0x000005a4                I2C1_IRQHandler
                0x000005a8                SPI0_IRQHandler
                0x000005ac                SPI1_IRQHandler
                0x000005b0                I2S0_Tx_IRQHandler
                0x000005b4                I2S0_Rx_IRQHandler
                0x000005b8                UART0_LON_IRQHandler
                0x000005bc                UART0_RX_TX_IRQHandler
                0x000005c0                UART0_ERR_IRQHandler
                0x000005c4                UART1_RX_TX_IRQHandler
                0x000005c8                UART1_ERR_IRQHandler
                0x000005cc                UART2_RX_TX_IRQHandler
                0x000005d0                UART2_ERR_IRQHandler
                0x000005d4                UART3_RX_TX_IRQHandler
                0x000005d8                UART3_ERR_IRQHandler
                0x000005dc                SPI2_IRQHandler
                0x000005e0                UART4_RX_TX_IRQHandler
                0x000005e4                UART4_ERR_IRQHandler
                0x000005e8                UART5_RX_TX_IRQHandler
                0x000005ec                UART5_ERR_IRQHandler
                0x000005f0                I2C2_IRQHandler
                0x000005f4                CAN0_ORed_Message_buffer_IRQHandler
                0x000005f8                CAN0_Bus_Off_IRQHandler
                0x000005fc                CAN0_Error_IRQHandler
                0x00000600                CAN0_Tx_Warning_IRQHandler
                0x00000604                CAN0_Rx_Warning_IRQHandler
                0x00000608                CAN0_Wake_Up_IRQHandler
                0x0000060c                SDHC_IRQHandler
                0x00000610                ENET_1588_Timer_IRQHandler
                0x00000614                ENET_Transmit_IRQHandler
                0x00000618                ENET_Receive_IRQHandler
                0x0000061c                ENET_Error_IRQHandler
 *fill*         0x000006e4        0xc 
 .text          0x000006f0      0x800 E:/ITESO/kds_dscae_o2019/macbase/boards/frdmk64f_frdmcr20a/wireless_examples/ieee_802_15_4/msn_coordinator/freertos/kds/../../../../../../../middleware/mmcau_2.0.0/asm-cm4-cm7/lib_mmcau.a(mmcau_aes_functions.o)
                0x000006f0                _mmcau_aes_set_key
                0x000006f0                mmcau_aes_set_key
                0x00000c70                mmcau_aes_encrypt
                0x00000c70                _mmcau_aes_encrypt
                0x00000da0                mmcau_aes_decrypt
                0x00000da0                _mmcau_aes_decrypt
 .text          0x00000ef0     0x1810 E:/ITESO/kds_dscae_o2019/macbase/boards/frdmk64f_frdmcr20a/wireless_examples/ieee_802_15_4/msn_coordinator/freertos/kds/../../../../../../../middleware/wireless/framework_5.0.5/SecLib/lib_crypto_M4.a(SW_AES128.o)
                0x0000130c                gpXTimeTable
                0x000014c0                gInvSbox_s
                0x000015c0                CCM_CreateA0
                0x000015e8                sw_Aes128
                0x00002344                sw_AES128_CCM
                0x00002600                gSBox_c
 .text          0x00002700       0x34 E:/ITESO/kds_dscae_o2019/macbase/boards/frdmk64f_frdmcr20a/wireless_examples/ieee_802_15_4/msn_coordinator/freertos/kds/../../../../../../../middleware/wireless/framework_5.0.5/SecLib/lib_crypto_M4.a(SW_RNG.o)
                0x00002700                SecLib_set_rng_seed
                0x0000270e                SecLib_get_random
 .text          0x00002734       0x2c c:/freescale/kds_v3/toolchain/bin/../lib/gcc/arm-none-eabi/4.8.4/armv7e-m/softfp\libgcc.a(_aeabi_uldivmod.o)
                0x00002734                __aeabi_uldivmod
 .text          0x00002760       0x60 c:/freescale/kds_v3/toolchain/bin/../lib/gcc/arm-none-eabi/4.8.4/armv7e-m/softfp\libgcc.a(bpabi.o)
                0x00002760                __gnu_ldivmod_helper
                0x00002790                __gnu_uldivmod_helper
 .text          0x000027c0        0x4 c:/freescale/kds_v3/toolchain/bin/../lib/gcc/arm-none-eabi/4.8.4/armv7e-m/softfp\libgcc.a(_dvmd_tls.o)
                0x000027c0                __aeabi_idiv0
                0x000027c0                __aeabi_ldiv0
 .text          0x000027c4      0x298 c:/freescale/kds_v3/toolchain/bin/../lib/gcc/arm-none-eabi/4.8.4/armv7e-m/softfp\libgcc.a(_divdi3.o)
                0x000027c4                __divdi3
 .text          0x00002a5c      0x284 c:/freescale/kds_v3/toolchain/bin/../lib/gcc/arm-none-eabi/4.8.4/armv7e-m/softfp\libgcc.a(_udivdi3.o)
                0x00002a5c                __udivdi3
 *(.text*)
 .text.DbgConsole_Printf
                0x00002ce0       0x40 ./utilities/fsl_debug_console.o
                0x00002ce0                DbgConsole_Printf
 .text.DbgConsole_Putchar
                0x00002d20       0x38 ./utilities/fsl_debug_console.o
                0x00002d20                DbgConsole_Putchar
 .text.DbgConsole_PrintfPaddingCharacter
                0x00002d58       0x40 ./utilities/fsl_debug_console.o
 .text.DbgConsole_ConvertRadixNumToString
                0x00002d98      0x118 ./utilities/fsl_debug_console.o
 .text.DbgConsole_PrintfFormattedData
                0x00002eb0      0x36c ./utilities/fsl_debug_console.o
 .text.SystemInit
                0x0000321c       0x3c ./startup/system_MK64F12.o
                0x0000321c                SystemInit
 .text.mac_init
                0x00003258       0xb4 ./source/ieee802p15p4_wrapper.o
                0x00003258                mac_init
 .text.mac_connect
                0x0000330c       0x70 ./source/ieee802p15p4_wrapper.o
                0x0000330c                mac_connect
 .text.mac_transmit
                0x0000337c       0x80 ./source/ieee802p15p4_wrapper.o
                0x0000337c                mac_transmit
 .text.mac_task
                0x000033fc      0x440 ./source/ieee802p15p4_wrapper.o
 .text.WaitMsg  0x0000383c       0x34 ./source/ieee802p15p4_wrapper.o
 .text.StartScan
                0x00003870       0x78 ./source/ieee802p15p4_wrapper.o
 .text.HandleScanActiveConfirm
                0x000038e8       0xb4 ./source/ieee802p15p4_wrapper.o
 .text.WaitIntervalTimeoutHandler
                0x0000399c       0x20 ./source/ieee802p15p4_wrapper.o
 .text.SendAssociateRequest
                0x000039bc       0xb4 ./source/ieee802p15p4_wrapper.o
 .text.HandleAssociateConfirm
                0x00003a70       0x44 ./source/ieee802p15p4_wrapper.o
 .text.HandleScanEdConfirm
                0x00003ab4       0x1c ./source/ieee802p15p4_wrapper.o
 .text.StartCoordinator
                0x00003ad0       0xf0 ./source/ieee802p15p4_wrapper.o
 .text.TransmitData
                0x00003bc0      0x124 ./source/ieee802p15p4_wrapper.o
 .text.HandleMlmeInput
                0x00003ce4       0x80 ./source/ieee802p15p4_wrapper.o
 .text.SendAssociateResponse
                0x00003d64       0xd4 ./source/ieee802p15p4_wrapper.o
 .text.HandleMcpsInput
                0x00003e38       0x68 ./source/ieee802p15p4_wrapper.o
 .text.MLME_NWK_SapHandler
                0x00003ea0       0x30 ./source/ieee802p15p4_wrapper.o
 .text.MCPS_NWK_SapHandler
                0x00003ed0       0x30 ./source/ieee802p15p4_wrapper.o
 .text.main_task
                0x00003f00       0x44 ./source/msn_nwk_node.o
                0x00003f00                main_task
 .text.App_init
                0x00003f44       0x74 ./source/msn_nwk_node.o
                0x00003f44                App_init
 .text.mac_events_handler
                0x00003fb8      0x10c ./source/msn_nwk_node.o
                0x00003fb8                mac_events_handler
 .text.AppThread
                0x000040c4      0x408 ./source/msn_nwk_node.o
                0x000040c4                AppThread
 .text.App_CommRxCallBack
                0x000044cc       0x4c ./source/msn_nwk_node.o
 .text.App_HandleKeys
                0x00004518       0x2c ./source/msn_nwk_node.o
 .text.DSPI_SetFifoEnable
                0x00004544       0x48 ./ieee_802.15.4/phy/source/XcvrSPI/Spi.o
 .text.DSPI_FlushFifo
                0x0000458c       0x3c ./ieee_802.15.4/phy/source/XcvrSPI/Spi.o
 .text.DSPI_MasterGetFormattedCommand
                0x000045c8       0x4c ./ieee_802.15.4/phy/source/XcvrSPI/Spi.o
 .text.DSPI_ReadData
                0x00004614       0x18 ./ieee_802.15.4/phy/source/XcvrSPI/Spi.o
 .text.spi_master_init
                0x0000462c       0xa0 ./ieee_802.15.4/phy/source/XcvrSPI/Spi.o
                0x0000462c                spi_master_init
 .text.spi_master_configure_speed
                0x000046cc       0x40 ./ieee_802.15.4/phy/source/XcvrSPI/Spi.o
                0x000046cc                spi_master_configure_speed
 .text.spi_master_transfer
                0x0000470c       0x9c ./ieee_802.15.4/phy/source/XcvrSPI/Spi.o
                0x0000470c                spi_master_transfer
 .text.MCR20Drv_Init
                0x000047a8       0x48 ./ieee_802.15.4/phy/source/MCR20A/MCR20Drv/MCR20Drv.o
                0x000047a8                MCR20Drv_Init
 .text.MCR20Drv_DirectAccessSPIWrite
                0x000047f0       0x68 ./ieee_802.15.4/phy/source/MCR20A/MCR20Drv/MCR20Drv.o
                0x000047f0                MCR20Drv_DirectAccessSPIWrite
 .text.MCR20Drv_DirectAccessSPIMultiByteWrite
                0x00004858       0x6c ./ieee_802.15.4/phy/source/MCR20A/MCR20Drv/MCR20Drv.o
                0x00004858                MCR20Drv_DirectAccessSPIMultiByteWrite
 .text.MCR20Drv_PB_SPIBurstWrite
                0x000048c4       0x64 ./ieee_802.15.4/phy/source/MCR20A/MCR20Drv/MCR20Drv.o
                0x000048c4                MCR20Drv_PB_SPIBurstWrite
 .text.MCR20Drv_DirectAccessSPIRead
                0x00004928       0x6c ./ieee_802.15.4/phy/source/MCR20A/MCR20Drv/MCR20Drv.o
                0x00004928                MCR20Drv_DirectAccessSPIRead
 .text.MCR20Drv_DirectAccessSPIMultiByteRead
                0x00004994       0x80 ./ieee_802.15.4/phy/source/MCR20A/MCR20Drv/MCR20Drv.o
                0x00004994                MCR20Drv_DirectAccessSPIMultiByteRead
 .text.MCR20Drv_PB_SPIBurstRead
                0x00004a14       0x70 ./ieee_802.15.4/phy/source/MCR20A/MCR20Drv/MCR20Drv.o
                0x00004a14                MCR20Drv_PB_SPIBurstRead
 .text.MCR20Drv_IndirectAccessSPIWrite
                0x00004a84       0x64 ./ieee_802.15.4/phy/source/MCR20A/MCR20Drv/MCR20Drv.o
                0x00004a84                MCR20Drv_IndirectAccessSPIWrite
 .text.MCR20Drv_IndirectAccessSPIMultiByteWrite
                0x00004ae8       0x78 ./ieee_802.15.4/phy/source/MCR20A/MCR20Drv/MCR20Drv.o
                0x00004ae8                MCR20Drv_IndirectAccessSPIMultiByteWrite
 .text.MCR20Drv_IndirectAccessSPIRead
                0x00004b60       0x70 ./ieee_802.15.4/phy/source/MCR20A/MCR20Drv/MCR20Drv.o
                0x00004b60                MCR20Drv_IndirectAccessSPIRead
 .text.MCR20Drv_IndirectAccessSPIMultiByteRead
                0x00004bd0       0x78 ./ieee_802.15.4/phy/source/MCR20A/MCR20Drv/MCR20Drv.o
                0x00004bd0                MCR20Drv_IndirectAccessSPIMultiByteRead
 .text.MCR20Drv_IRQ_PortConfig
                0x00004c48       0x38 ./ieee_802.15.4/phy/source/MCR20A/MCR20Drv/MCR20Drv.o
                0x00004c48                MCR20Drv_IRQ_PortConfig
 .text.MCR20Drv_IsIrqPending
                0x00004c80       0x20 ./ieee_802.15.4/phy/source/MCR20A/MCR20Drv/MCR20Drv.o
                0x00004c80                MCR20Drv_IsIrqPending
 .text.MCR20Drv_IRQ_Disable
                0x00004ca0       0x3c ./ieee_802.15.4/phy/source/MCR20A/MCR20Drv/MCR20Drv.o
                0x00004ca0                MCR20Drv_IRQ_Disable
 .text.MCR20Drv_IRQ_Enable
                0x00004cdc       0x44 ./ieee_802.15.4/phy/source/MCR20A/MCR20Drv/MCR20Drv.o
                0x00004cdc                MCR20Drv_IRQ_Enable
 .text.MCR20Drv_IRQ_Clear
                0x00004d20       0x10 ./ieee_802.15.4/phy/source/MCR20A/MCR20Drv/MCR20Drv.o
                0x00004d20                MCR20Drv_IRQ_Clear
 .text.MCR20Drv_RST_B_Assert
                0x00004d30       0x10 ./ieee_802.15.4/phy/source/MCR20A/MCR20Drv/MCR20Drv.o
                0x00004d30                MCR20Drv_RST_B_Assert
 .text.MCR20Drv_RST_B_Deassert
                0x00004d40       0x10 ./ieee_802.15.4/phy/source/MCR20A/MCR20Drv/MCR20Drv.o
                0x00004d40                MCR20Drv_RST_B_Deassert
 .text.MCR20Drv_RESET
                0x00004d50       0x24 ./ieee_802.15.4/phy/source/MCR20A/MCR20Drv/MCR20Drv.o
                0x00004d50                MCR20Drv_RESET
 .text.MCR20Drv_Set_CLK_OUT_Freq
                0x00004d74       0x34 ./ieee_802.15.4/phy/source/MCR20A/MCR20Drv/MCR20Drv.o
                0x00004d74                MCR20Drv_Set_CLK_OUT_Freq
 .text.MPM_AcquirePAN
                0x00004da8       0x18 ./ieee_802.15.4/phy/source/MPM.o
                0x00004da8                MPM_AcquirePAN
 .text.MPM_ReleasePAN
                0x00004dc0       0x18 ./ieee_802.15.4/phy/source/MPM.o
                0x00004dc0                MPM_ReleasePAN
 .text.PhyIsrPassRxParams
                0x00004dd8       0x1c ./ieee_802.15.4/phy/source/PhyISR.o
                0x00004dd8                PhyIsrPassRxParams
 .text.PhyIsrSeqCleanup
                0x00004df4       0x58 ./ieee_802.15.4/phy/source/PhyISR.o
                0x00004df4                PhyIsrSeqCleanup
 .text.Phy_GetEnergyLevel
                0x00004e4c       0x40 ./ieee_802.15.4/phy/source/PhyISR.o
                0x00004e4c                Phy_GetEnergyLevel
 .text.Phy_LqiConvert
                0x00004e8c       0x44 ./ieee_802.15.4/phy/source/PhyISR.o
 .text.PHY_InterruptHandler
                0x00004ed0      0x658 ./ieee_802.15.4/phy/source/PhyISR.o
                0x00004ed0                PHY_InterruptHandler
 .text.PHY_InstallIsr
                0x00005528       0x1c ./ieee_802.15.4/phy/source/PhyISR.o
                0x00005528                PHY_InstallIsr
 .text.Phy_RestartRxFromISR
                0x00005544      0x108 ./ieee_802.15.4/phy/source/PhyISR.o
 .text.PhyHwInit
                0x0000564c      0x148 ./ieee_802.15.4/phy/source/PhyPacketProcessor.o
                0x0000564c                PhyHwInit
 .text.PhyAbort
                0x00005794      0x110 ./ieee_802.15.4/phy/source/PhyPacketProcessor.o
                0x00005794                PhyAbort
 .text.PhyPpGetState
                0x000058a4       0x1c ./ieee_802.15.4/phy/source/PhyPacketProcessor.o
                0x000058a4                PhyPpGetState
 .text.PhyPpSetPanId
                0x000058c0       0x34 ./ieee_802.15.4/phy/source/PhyPacketProcessor.o
                0x000058c0                PhyPpSetPanId
 .text.PhyPpSetShortAddr
                0x000058f4       0x34 ./ieee_802.15.4/phy/source/PhyPacketProcessor.o
                0x000058f4                PhyPpSetShortAddr
 .text.PhyPpSetLongAddr
                0x00005928       0x34 ./ieee_802.15.4/phy/source/PhyPacketProcessor.o
                0x00005928                PhyPpSetLongAddr
 .text.PhyPpSetMacRole
                0x0000595c       0x80 ./ieee_802.15.4/phy/source/PhyPacketProcessor.o
                0x0000595c                PhyPpSetMacRole
 .text.PhyPpSetPromiscuous
                0x000059dc       0x80 ./ieee_802.15.4/phy/source/PhyPacketProcessor.o
                0x000059dc                PhyPpSetPromiscuous
 .text.PhyPp_IndirectQueueInsert
                0x00005a5c       0x54 ./ieee_802.15.4/phy/source/PhyPacketProcessor.o
                0x00005a5c                PhyPp_IndirectQueueInsert
 .text.PhyPp_RemoveFromIndirect
                0x00005ab0       0x3c ./ieee_802.15.4/phy/source/PhyPacketProcessor.o
                0x00005ab0                PhyPp_RemoveFromIndirect
 .text.PhyPpSetCcaThreshold
                0x00005aec       0x20 ./ieee_802.15.4/phy/source/PhyPacketProcessor.o
                0x00005aec                PhyPpSetCcaThreshold
 .text.PhyPpSetDualPanSamLvl
                0x00005b0c       0x44 ./ieee_802.15.4/phy/source/PhyPacketProcessor.o
                0x00005b0c                PhyPpSetDualPanSamLvl
 .text.PhyPlmeSetPwrState
                0x00005b50      0x130 ./ieee_802.15.4/phy/source/PhyPacketProcessor.o
                0x00005b50                PhyPlmeSetPwrState
 .text.PhyPdDataRequest
                0x00005c80      0x1e4 ./ieee_802.15.4/phy/source/PhyPlmeData.o
                0x00005c80                PhyPdDataRequest
 .text.PhyPlmeRxRequest
                0x00005e64      0x16c ./ieee_802.15.4/phy/source/PhyPlmeData.o
                0x00005e64                PhyPlmeRxRequest
 .text.PhyPlmeTimmedRxRequest
                0x00005fd0      0x254 ./ieee_802.15.4/phy/source/PhyPlmeData.o
                0x00005fd0                PhyPlmeTimmedRxRequest
 .text.PhyPlmeCcaEdRequest
                0x00006224      0x12c ./ieee_802.15.4/phy/source/PhyPlmeData.o
                0x00006224                PhyPlmeCcaEdRequest
 .text.PhyPlmeSetCurrentChannelRequest
                0x00006350       0xbc ./ieee_802.15.4/phy/source/PhyPlmeData.o
                0x00006350                PhyPlmeSetCurrentChannelRequest
 .text.PhyPlmeGetCurrentChannelRequest
                0x0000640c       0x30 ./ieee_802.15.4/phy/source/PhyPlmeData.o
                0x0000640c                PhyPlmeGetCurrentChannelRequest
 .text.PhyPlmeSetPwrLevelRequest
                0x0000643c       0x5c ./ieee_802.15.4/phy/source/PhyPlmeData.o
                0x0000643c                PhyPlmeSetPwrLevelRequest
 .text.PhyPlmeSetPIBRequest
                0x00006498      0x1ec ./ieee_802.15.4/phy/source/PhyPlmeData.o
                0x00006498                PhyPlmeSetPIBRequest
 .text.PhyPlmeGetPIBRequest
                0x00006684      0x1d8 ./ieee_802.15.4/phy/source/PhyPlmeData.o
                0x00006684                PhyPlmeGetPIBRequest
 .text.PhyRxRetry
                0x0000685c       0x78 ./ieee_802.15.4/phy/source/PhyPlmeData.o
 .text.Phy_Init
                0x000068d4       0xa4 ./ieee_802.15.4/phy/source/PhyStateMachine.o
                0x000068d4                Phy_Init
 .text.BindToPHY
                0x00006978       0x18 ./ieee_802.15.4/phy/source/PhyStateMachine.o
                0x00006978                BindToPHY
 .text.Phy_RegisterSapHandlers
                0x00006990       0x40 ./ieee_802.15.4/phy/source/PhyStateMachine.o
                0x00006990                Phy_RegisterSapHandlers
 .text.Phy24Task
                0x000069d0      0x1c8 ./ieee_802.15.4/phy/source/PhyStateMachine.o
 .text.MAC_PD_SapHandler
                0x00006b98       0xa8 ./ieee_802.15.4/phy/source/PhyStateMachine.o
                0x00006b98                MAC_PD_SapHandler
 .text.MAC_PLME_SapHandler
                0x00006c40      0x164 ./ieee_802.15.4/phy/source/PhyStateMachine.o
                0x00006c40                MAC_PLME_SapHandler
 .text.Phy_HandlePdDataReq
                0x00006da4      0x100 ./ieee_802.15.4/phy/source/PhyStateMachine.o
 .text.Phy_EnterIdle
                0x00006ea4       0x90 ./ieee_802.15.4/phy/source/PhyStateMachine.o
 .text.PhyPlmeSetFrameWaitTime
                0x00006f34       0x2c ./ieee_802.15.4/phy/source/PhyStateMachine.o
                0x00006f34                PhyPlmeSetFrameWaitTime
 .text.PhyPlmeSetRxOnWhenIdle
                0x00006f60      0x138 ./ieee_802.15.4/phy/source/PhyStateMachine.o
                0x00006f60                PhyPlmeSetRxOnWhenIdle
 .text.PhyIsIdleRx
                0x00007098       0x40 ./ieee_802.15.4/phy/source/PhyStateMachine.o
                0x00007098                PhyIsIdleRx
 .text.Radio_Phy_PdDataConfirm
                0x000070d8      0x144 ./ieee_802.15.4/phy/source/PhyStateMachine.o
                0x000070d8                Radio_Phy_PdDataConfirm
 .text.Radio_Phy_PdDataIndication
                0x0000721c       0x28 ./ieee_802.15.4/phy/source/PhyStateMachine.o
                0x0000721c                Radio_Phy_PdDataIndication
 .text.Radio_Phy_TimeWaitTimeoutIndication
                0x00007244       0x14 ./ieee_802.15.4/phy/source/PhyStateMachine.o
                0x00007244                Radio_Phy_TimeWaitTimeoutIndication
 .text.Radio_Phy_PlmeCcaConfirm
                0x00007258       0x40 ./ieee_802.15.4/phy/source/PhyStateMachine.o
                0x00007258                Radio_Phy_PlmeCcaConfirm
 .text.Radio_Phy_PlmeEdConfirm
                0x00007298       0x40 ./ieee_802.15.4/phy/source/PhyStateMachine.o
                0x00007298                Radio_Phy_PlmeEdConfirm
 .text.Radio_Phy_TimeRxTimeoutIndication
                0x000072d8       0x44 ./ieee_802.15.4/phy/source/PhyStateMachine.o
                0x000072d8                Radio_Phy_TimeRxTimeoutIndication
 .text.Radio_Phy_TimeStartEventIndication
                0x0000731c       0x14 ./ieee_802.15.4/phy/source/PhyStateMachine.o
                0x0000731c                Radio_Phy_TimeStartEventIndication
 .text.Radio_Phy_PlmeRxSfdDetect
                0x00007330       0xd8 ./ieee_802.15.4/phy/source/PhyStateMachine.o
                0x00007330                Radio_Phy_PlmeRxSfdDetect
 .text.Radio_Phy_PlmeSyncLossIndication
                0x00007408       0x18 ./ieee_802.15.4/phy/source/PhyStateMachine.o
                0x00007408                Radio_Phy_PlmeSyncLossIndication
 .text.Radio_Phy_PlmeFilterFailRx
                0x00007420       0x84 ./ieee_802.15.4/phy/source/PhyStateMachine.o
                0x00007420                Radio_Phy_PlmeFilterFailRx
 .text.PLME_SendMessage
                0x000074a4       0xc4 ./ieee_802.15.4/phy/source/PhyStateMachine.o
 .text.PD_SendMessage
                0x00007568      0x210 ./ieee_802.15.4/phy/source/PhyStateMachine.o
 .text.Phy_SendLatePLME
                0x00007778       0x20 ./ieee_802.15.4/phy/source/PhyStateMachine.o
 .text.Phy_SendLatePD
                0x00007798       0x20 ./ieee_802.15.4/phy/source/PhyStateMachine.o
 .text.Radio_Phy_Notify
                0x000077b8       0x28 ./ieee_802.15.4/phy/source/PhyStateMachine.o
                0x000077b8                Radio_Phy_Notify
 .text.PhyTimeSetEventTrigger
                0x000077e0       0x78 ./ieee_802.15.4/phy/source/PhyTime.o
                0x000077e0                PhyTimeSetEventTrigger
 .text.PhyTimeSetEventTimeout
                0x00007858       0x80 ./ieee_802.15.4/phy/source/PhyTime.o
                0x00007858                PhyTimeSetEventTimeout
 .text.PhyTimeReadClock
                0x000078d8       0x30 ./ieee_802.15.4/phy/source/PhyTime.o
                0x000078d8                PhyTimeReadClock
 .text.PhyTimeSetWaitTimeout
                0x00007908       0x60 ./ieee_802.15.4/phy/source/PhyTime.o
                0x00007908                PhyTimeSetWaitTimeout
 .text.PhyTime_ISR
                0x00007968       0x50 ./ieee_802.15.4/phy/source/PhyTime.o
                0x00007968                PhyTime_ISR
 .text.PhyTime_TimerInit
                0x000079b8       0x88 ./ieee_802.15.4/phy/source/PhyTime.o
                0x000079b8                PhyTime_TimerInit
 .text.PhyTime_GetTimestamp
                0x00007a40       0x4c ./ieee_802.15.4/phy/source/PhyTime.o
                0x00007a40                PhyTime_GetTimestamp
 .text.PhyTime_ScheduleEvent
                0x00007a8c       0xc0 ./ieee_802.15.4/phy/source/PhyTime.o
                0x00007a8c                PhyTime_ScheduleEvent
 .text.PhyTime_CancelEvent
                0x00007b4c       0x8c ./ieee_802.15.4/phy/source/PhyTime.o
                0x00007b4c                PhyTime_CancelEvent
 .text.PhyTime_CancelEventsWithParam
                0x00007bd8       0xa0 ./ieee_802.15.4/phy/source/PhyTime.o
                0x00007bd8                PhyTime_CancelEventsWithParam
 .text.PhyTime_RunCallback
                0x00007c78       0x60 ./ieee_802.15.4/phy/source/PhyTime.o
                0x00007c78                PhyTime_RunCallback
 .text.PhyTime_Maintenance
                0x00007cd8       0xb8 ./ieee_802.15.4/phy/source/PhyTime.o
                0x00007cd8                PhyTime_Maintenance
 .text.PhyTime_OverflowCB
                0x00007d90       0x4c ./ieee_802.15.4/phy/source/PhyTime.o
 .text.PhyTime_GetNextEvent
                0x00007ddc       0x74 ./ieee_802.15.4/phy/source/PhyTime.o
 .text.MAC_Monitor
                0x00007e50       0x1c ./ieee_802.15.4/App/FsciMacCommands.o
                0x00007e50                MAC_Monitor
 .text.MAC_Init
                0x00007e6c       0x60 ./ieee_802.15.4/App/MacGlobals.o
                0x00007e6c                MAC_Init
 .text.pxPortInitialiseStack
                0x00007ecc       0x64 ./freertos/portable/port.o
                0x00007ecc                pxPortInitialiseStack
 .text.prvTaskExitError
                0x00007f30       0x3c ./freertos/portable/port.o
 .text.SVC_Handler
                0x00007f6c       0x20 ./freertos/portable/port.o
                0x00007f6c                SVC_Handler
 .text.prvPortStartFirstTask
                0x00007f8c       0x20 ./freertos/portable/port.o
 .text.xPortStartScheduler
                0x00007fac      0x118 ./freertos/portable/port.o
                0x00007fac                xPortStartScheduler
 .text.vPortEnterCritical
                0x000080c4       0x5c ./freertos/portable/port.o
                0x000080c4                vPortEnterCritical
 .text.vPortExitCritical
                0x00008120       0x4c ./freertos/portable/port.o
                0x00008120                vPortExitCritical
 .text.PendSV_Handler
                0x0000816c       0x60 ./freertos/portable/port.o
                0x0000816c                PendSV_Handler
 .text.SysTick_Handler
                0x000081cc       0x44 ./freertos/portable/port.o
                0x000081cc                SysTick_Handler
 .text.vPortSetupTimerInterrupt
                0x00008210       0x40 ./freertos/portable/port.o
                0x00008210                vPortSetupTimerInterrupt
 .text.vPortEnableVFP
                0x00008250       0x14 ./freertos/portable/port.o
 .text.vPortValidateInterruptPriority
                0x00008264       0x78 ./freertos/portable/port.o
                0x00008264                vPortValidateInterruptPriority
 .text.xEventGroupCreate
                0x000082dc       0x30 ./freertos/event_groups.o
                0x000082dc                xEventGroupCreate
 .text.xEventGroupWaitBits
                0x0000830c      0x194 ./freertos/event_groups.o
                0x0000830c                xEventGroupWaitBits
 .text.xEventGroupSetBits
                0x000084a0      0x114 ./freertos/event_groups.o
                0x000084a0                xEventGroupSetBits
 .text.vEventGroupSetBitsCallback
                0x000085b4       0x18 ./freertos/event_groups.o
                0x000085b4                vEventGroupSetBitsCallback
 .text.prvTestWaitCondition
                0x000085cc       0x44 ./freertos/event_groups.o
 .text.pvPortMalloc
                0x00008610      0x184 ./freertos/heap_4.o
                0x00008610                pvPortMalloc
 .text.vPortFree
                0x00008794       0xb0 ./freertos/heap_4.o
                0x00008794                vPortFree
 .text.prvHeapInit
                0x00008844       0xc4 ./freertos/heap_4.o
 .text.prvInsertBlockIntoFreeList
                0x00008908       0xb0 ./freertos/heap_4.o
 .text.vListInitialise
                0x000089b8       0x40 ./freertos/list.o
                0x000089b8                vListInitialise
 .text.vListInitialiseItem
                0x000089f8       0x18 ./freertos/list.o
                0x000089f8                vListInitialiseItem
 .text.vListInsertEnd
                0x00008a10       0x48 ./freertos/list.o
                0x00008a10                vListInsertEnd
 .text.vListInsert
                0x00008a58       0x70 ./freertos/list.o
                0x00008a58                vListInsert
 .text.uxListRemove
                0x00008ac8       0x54 ./freertos/list.o
                0x00008ac8                uxListRemove
 .text.xQueueGenericReset
                0x00008b1c       0xd0 ./freertos/queue.o
                0x00008b1c                xQueueGenericReset
 .text.xQueueGenericCreate
                0x00008bec       0xac ./freertos/queue.o
                0x00008bec                xQueueGenericCreate
 .text.xQueueCreateMutex
                0x00008c98       0x7c ./freertos/queue.o
                0x00008c98                xQueueCreateMutex
 .text.xQueueGetMutexHolder
                0x00008d14       0x30 ./freertos/queue.o
                0x00008d14                xQueueGetMutexHolder
 .text.xQueueCreateCountingSemaphore
                0x00008d44       0x7c ./freertos/queue.o
                0x00008d44                xQueueCreateCountingSemaphore
 .text.xQueueGenericSend
                0x00008dc0      0x1ec ./freertos/queue.o
                0x00008dc0                xQueueGenericSend
 .text.xQueueGenericSendFromISR
                0x00008fac      0x118 ./freertos/queue.o
                0x00008fac                xQueueGenericSendFromISR
 .text.xQueueGiveFromISR
                0x000090c4      0x100 ./freertos/queue.o
                0x000090c4                xQueueGiveFromISR
 .text.xQueueGenericReceive
                0x000091c4      0x20c ./freertos/queue.o
                0x000091c4                xQueueGenericReceive
 .text.prvCopyDataToQueue
                0x000093d0       0xdc ./freertos/queue.o
 .text.prvCopyDataFromQueue
                0x000094ac       0x4c ./freertos/queue.o
 .text.prvUnlockQueue
                0x000094f8       0x98 ./freertos/queue.o
 .text.prvIsQueueEmpty
                0x00009590       0x2c ./freertos/queue.o
 .text.prvIsQueueFull
                0x000095bc       0x30 ./freertos/queue.o
 .text.vQueueAddToRegistry
                0x000095ec       0x50 ./freertos/queue.o
                0x000095ec                vQueueAddToRegistry
 .text.vQueueWaitForMessageRestricted
                0x0000963c       0x5c ./freertos/queue.o
                0x0000963c                vQueueWaitForMessageRestricted
 .text.xTaskGenericCreate
                0x00009698      0x198 ./freertos/tasks.o
                0x00009698                xTaskGenericCreate
 .text.vTaskStartScheduler
                0x00009830       0x98 ./freertos/tasks.o
                0x00009830                vTaskStartScheduler
 .text.vTaskSuspendAll
                0x000098c8       0x1c ./freertos/tasks.o
                0x000098c8                vTaskSuspendAll
 .text.xTaskResumeAll
                0x000098e4      0x128 ./freertos/tasks.o
                0x000098e4                xTaskResumeAll
 .text.xTaskGetTickCount
                0x00009a0c       0x20 ./freertos/tasks.o
                0x00009a0c                xTaskGetTickCount
 .text.xTaskIncrementTick
                0x00009a2c      0x15c ./freertos/tasks.o
                0x00009a2c                xTaskIncrementTick
 .text.vTaskSwitchContext
                0x00009b88       0xb4 ./freertos/tasks.o
                0x00009b88                vTaskSwitchContext
 .text.vTaskPlaceOnEventList
                0x00009c3c       0x9c ./freertos/tasks.o
                0x00009c3c                vTaskPlaceOnEventList
 .text.vTaskPlaceOnUnorderedEventList
                0x00009cd8       0xc8 ./freertos/tasks.o
                0x00009cd8                vTaskPlaceOnUnorderedEventList
 .text.vTaskPlaceOnEventListRestricted
                0x00009da0       0x9c ./freertos/tasks.o
                0x00009da0                vTaskPlaceOnEventListRestricted
 .text.xTaskRemoveFromEventList
                0x00009e3c       0xc4 ./freertos/tasks.o
                0x00009e3c                xTaskRemoveFromEventList
 .text.xTaskRemoveFromUnorderedEventList
                0x00009f00       0xcc ./freertos/tasks.o
                0x00009f00                xTaskRemoveFromUnorderedEventList
 .text.vTaskSetTimeOutState
                0x00009fcc       0x44 ./freertos/tasks.o
                0x00009fcc                vTaskSetTimeOutState
 .text.xTaskCheckForTimeOut
                0x0000a010       0xbc ./freertos/tasks.o
                0x0000a010                xTaskCheckForTimeOut
 .text.vTaskMissedYield
                0x0000a0cc       0x18 ./freertos/tasks.o
                0x0000a0cc                vTaskMissedYield
 .text.prvIdleTask
                0x0000a0e4       0x30 ./freertos/tasks.o
 .text.prvInitialiseTCBVariables
                0x0000a114       0xa4 ./freertos/tasks.o
 .text.prvInitialiseTaskLists
                0x0000a1b8       0x7c ./freertos/tasks.o
 .text.prvCheckTasksWaitingTermination
                0x0000a234       0x74 ./freertos/tasks.o
 .text.prvAddCurrentTaskToDelayedList
                0x0000a2a8       0x6c ./freertos/tasks.o
 .text.prvAllocateTCBAndStack
                0x0000a314       0x70 ./freertos/tasks.o
 .text.prvDeleteTCB
                0x0000a384       0x20 ./freertos/tasks.o
 .text.prvResetNextTaskUnblockTime
                0x0000a3a4       0x48 ./freertos/tasks.o
 .text.xTaskGetCurrentTaskHandle
                0x0000a3ec       0x20 ./freertos/tasks.o
                0x0000a3ec                xTaskGetCurrentTaskHandle
 .text.xTaskGetSchedulerState
                0x0000a40c       0x3c ./freertos/tasks.o
                0x0000a40c                xTaskGetSchedulerState
 .text.vTaskPriorityInherit
                0x0000a448       0xec ./freertos/tasks.o
                0x0000a448                vTaskPriorityInherit
 .text.xTaskPriorityDisinherit
                0x0000a534      0x108 ./freertos/tasks.o
                0x0000a534                xTaskPriorityDisinherit
 .text.uxTaskResetEventItemValue
                0x0000a63c       0x30 ./freertos/tasks.o
                0x0000a63c                uxTaskResetEventItemValue
 .text.pvTaskIncrementMutexHeldCount
                0x0000a66c       0x28 ./freertos/tasks.o
                0x0000a66c                pvTaskIncrementMutexHeldCount
 .text.xTimerCreateTimerTask
                0x0000a694       0x64 ./freertos/timers.o
                0x0000a694                xTimerCreateTimerTask
 .text.xTimerGenericCommand
                0x0000a6f8       0xa4 ./freertos/timers.o
                0x0000a6f8                xTimerGenericCommand
 .text.prvProcessExpiredTimer
                0x0000a79c       0x80 ./freertos/timers.o
 .text.prvTimerTask
                0x0000a81c       0x24 ./freertos/timers.o
 .text.prvProcessTimerOrBlockTask
                0x0000a840       0x9c ./freertos/timers.o
 .text.prvGetNextExpireTime
                0x0000a8dc       0x48 ./freertos/timers.o
 .text.prvSampleTimeNow
                0x0000a924       0x40 ./freertos/timers.o
 .text.prvInsertTimerInActiveList
                0x0000a964       0x84 ./freertos/timers.o
 .text.prvProcessReceivedCommands
                0x0000a9e8      0x164 ./freertos/timers.o
 .text.prvSwitchTimerLists
                0x0000ab4c       0xc0 ./freertos/timers.o
 .text.prvCheckForValidListAndQueue
                0x0000ac0c       0x8c ./freertos/timers.o
 .text.xTimerPendFunctionCallFromISR
                0x0000ac98       0x44 ./freertos/timers.o
                0x0000ac98                xTimerPendFunctionCallFromISR
 .text.NVIC_EnableIRQ
                0x0000acdc       0x30 ./framework/TimersManager/Source/TMR_Adapter.o
 .text.NVIC_ClearPendingIRQ
                0x0000ad0c       0x34 ./framework/TimersManager/Source/TMR_Adapter.o
 .text.NVIC_SetPriority
                0x0000ad40       0x54 ./framework/TimersManager/Source/TMR_Adapter.o
 .text.FTM_StartTimer
                0x0000ad94       0x38 ./framework/TimersManager/Source/TMR_Adapter.o
 .text.FTM_StopTimer
                0x0000adcc       0x20 ./framework/TimersManager/Source/TMR_Adapter.o
 .text.StackTimer_Init
                0x0000adec       0x78 ./framework/TimersManager/Source/TMR_Adapter.o
                0x0000adec                StackTimer_Init
 .text.StackTimer_Enable
                0x0000ae64       0x18 ./framework/TimersManager/Source/TMR_Adapter.o
                0x0000ae64                StackTimer_Enable
 .text.StackTimer_Disable
                0x0000ae7c       0x14 ./framework/TimersManager/Source/TMR_Adapter.o
                0x0000ae7c                StackTimer_Disable
 .text.StackTimer_GetInputFrequency
                0x0000ae90       0x24 ./framework/TimersManager/Source/TMR_Adapter.o
                0x0000ae90                StackTimer_GetInputFrequency
 .text.StackTimer_GetCounterValue
                0x0000aeb4       0x18 ./framework/TimersManager/Source/TMR_Adapter.o
                0x0000aeb4                StackTimer_GetCounterValue
 .text.StackTimer_SetOffsetTicks
                0x0000aecc       0x24 ./framework/TimersManager/Source/TMR_Adapter.o
                0x0000aecc                StackTimer_SetOffsetTicks
 .text.StackTimer_ClearIntFlag
                0x0000aef0       0x28 ./framework/TimersManager/Source/TMR_Adapter.o
                0x0000aef0                StackTimer_ClearIntFlag
 .text.TMR_GetTimerStatus
                0x0000af18       0x28 ./framework/TimersManager/Source/TimersManager.o
 .text.TMR_SetTimerStatus
                0x0000af40       0x38 ./framework/TimersManager/Source/TimersManager.o
 .text.TMR_GetTimerType
                0x0000af78       0x28 ./framework/TimersManager/Source/TimersManager.o
 .text.TMR_SetTimerType
                0x0000afa0       0x38 ./framework/TimersManager/Source/TimersManager.o
 .text.TmrTicksFromMilliseconds
                0x0000afd8       0x50 ./framework/TimersManager/Source/TimersManager.o
                0x0000afd8                TmrTicksFromMilliseconds
 .text.TMR_Init
                0x0000b028       0x7c ./framework/TimersManager/Source/TimersManager.o
                0x0000b028                TMR_Init
 .text.TMR_NotifyClkChanged
                0x0000b0a4       0x40 ./framework/TimersManager/Source/TimersManager.o
                0x0000b0a4                TMR_NotifyClkChanged
 .text.TMR_AllocateTimer
                0x0000b0e4       0x48 ./framework/TimersManager/Source/TimersManager.o
                0x0000b0e4                TMR_AllocateTimer
 .text.StackTimer_ISR
                0x0000b12c       0x1c ./framework/TimersManager/Source/TimersManager.o
 .text.TMR_IsTimerActive
                0x0000b148       0x28 ./framework/TimersManager/Source/TimersManager.o
                0x0000b148                TMR_IsTimerActive
 .text.TMR_StartTimer
                0x0000b170       0xbc ./framework/TimersManager/Source/TimersManager.o
                0x0000b170                TMR_StartTimer
 .text.TMR_StartIntervalTimer
                0x0000b22c       0x2c ./framework/TimersManager/Source/TimersManager.o
                0x0000b22c                TMR_StartIntervalTimer
 .text.TMR_StartSingleShotTimer
                0x0000b258       0x2c ./framework/TimersManager/Source/TimersManager.o
                0x0000b258                TMR_StartSingleShotTimer
 .text.TMR_StopTimer
                0x0000b284       0xc4 ./framework/TimersManager/Source/TimersManager.o
                0x0000b284                TMR_StopTimer
 .text.TMR_Task
                0x0000b348      0x2ec ./framework/TimersManager/Source/TimersManager.o
                0x0000b348                TMR_Task
 .text.TMR_EnableTimer
                0x0000b634       0x78 ./framework/TimersManager/Source/TimersManager.o
                0x0000b634                TMR_EnableTimer
 .text.SerialManager_Init
                0x0000b6ac       0x78 ./framework/SerialManager/Source/SerialManager.o
                0x0000b6ac                SerialManager_Init
 .text.SerialManagerTask
                0x0000b724      0x134 ./framework/SerialManager/Source/SerialManager.o
                0x0000b724                SerialManagerTask
 .text.Serial_InitInterface
                0x0000b858      0x16c ./framework/SerialManager/Source/SerialManager.o
                0x0000b858                Serial_InitInterface
 .text.Serial_AsyncWrite
                0x0000b9c4      0x15c ./framework/SerialManager/Source/SerialManager.o
                0x0000b9c4                Serial_AsyncWrite
 .text.Serial_SyncWrite
                0x0000bb20       0xb4 ./framework/SerialManager/Source/SerialManager.o
                0x0000bb20                Serial_SyncWrite
 .text.Serial_Read
                0x0000bbd4       0xcc ./framework/SerialManager/Source/SerialManager.o
                0x0000bbd4                Serial_Read
 .text.Serial_RxBufferByteCount
                0x0000bca0       0xc4 ./framework/SerialManager/Source/SerialManager.o
                0x0000bca0                Serial_RxBufferByteCount
 .text.Serial_SetRxCallBack
                0x0000bd64       0x58 ./framework/SerialManager/Source/SerialManager.o
                0x0000bd64                Serial_SetRxCallBack
 .text.Serial_SetBaudRate
                0x0000bdbc       0x6c ./framework/SerialManager/Source/SerialManager.o
                0x0000bdbc                Serial_SetBaudRate
 .text.Serial_Print
                0x0000be28       0x60 ./framework/SerialManager/Source/SerialManager.o
                0x0000be28                Serial_Print
 .text.Serial_PrintHex
                0x0000be88      0x158 ./framework/SerialManager/Source/SerialManager.o
                0x0000be88                Serial_PrintHex
 .text.Serial_WriteInternal
                0x0000bfe0       0xe8 ./framework/SerialManager/Source/SerialManager.o
 .text.SerialManager_RxNotify
                0x0000c0c8       0xb0 ./framework/SerialManager/Source/SerialManager.o
                0x0000c0c8                SerialManager_RxNotify
 .text.SerialManager_TxNotify
                0x0000c178       0xd0 ./framework/SerialManager/Source/SerialManager.o
                0x0000c178                SerialManager_TxNotify
 .text.Serial_TxQueueMaintenance
                0x0000c248      0x124 ./framework/SerialManager/Source/SerialManager.o
 .text.Serial_SyncTxCallback
                0x0000c36c       0x1c ./framework/SerialManager/Source/SerialManager.o
 .text.Serial_UartRxCb
                0x0000c388       0x4c ./framework/SerialManager/Source/SerialManager.o
 .text.Serial_UartTxCb
                0x0000c3d4       0x18 ./framework/SerialManager/Source/SerialManager.o
 .text.NVIC_EnableIRQ
                0x0000c3ec       0x30 ./framework/SerialManager/Source/UART_Adapter.o
 .text.NVIC_SetPriority
                0x0000c41c       0x54 ./framework/SerialManager/Source/UART_Adapter.o
 .text.UART_WriteByte
                0x0000c470       0x1c ./framework/SerialManager/Source/UART_Adapter.o
 .text.UART_ReadByte
                0x0000c48c       0x1c ./framework/SerialManager/Source/UART_Adapter.o
 .text.UART_Initialize
                0x0000c4a8       0xdc ./framework/SerialManager/Source/UART_Adapter.o
                0x0000c4a8                UART_Initialize
 .text.UART_SetBaudrate
                0x0000c584       0x44 ./framework/SerialManager/Source/UART_Adapter.o
                0x0000c584                UART_SetBaudrate
 .text.UART_SendData
                0x0000c5c8       0xb0 ./framework/SerialManager/Source/UART_Adapter.o
                0x0000c5c8                UART_SendData
 .text.UART_InstallRxCalback
                0x0000c678       0x48 ./framework/SerialManager/Source/UART_Adapter.o
                0x0000c678                UART_InstallRxCalback
 .text.UART_InstallTxCalback
                0x0000c6c0       0x48 ./framework/SerialManager/Source/UART_Adapter.o
                0x0000c6c0                UART_InstallTxCalback
 .text.UART_IsTxActive
                0x0000c708       0x58 ./framework/SerialManager/Source/UART_Adapter.o
                0x0000c708                UART_IsTxActive
 .text.UART_ISR
                0x0000c760      0x148 ./framework/SerialManager/Source/UART_Adapter.o
 .text.SecLib_Init
                0x0000c8a8       0x30 ./framework/SecLib/SecLib.o
                0x0000c8a8                SecLib_Init
 .text.AES_128_Encrypt
                0x0000c8d8       0xc8 ./framework/SecLib/SecLib.o
                0x0000c8d8                AES_128_Encrypt
 .text.AES_128_CCM
                0x0000c9a0       0x68 ./framework/SecLib/SecLib.o
                0x0000c9a0                AES_128_CCM
 .text.SecLib_XorN
                0x0000ca08       0x44 ./framework/SecLib/SecLib.o
                0x0000ca08                SecLib_XorN
 .text.RNG_Init
                0x0000ca4c       0x44 ./framework/RNG/Source/RNG.o
                0x0000ca4c                RNG_Init
 .text.RNG_GetRandomNo
                0x0000ca90       0x2c ./framework/RNG/Source/RNG.o
                0x0000ca90                RNG_GetRandomNo
 .text.panic    0x0000cabc       0x18 ./framework/Panic/Source/Panic.o
                0x0000cabc                panic
 .text.startup_task
                0x0000cad4       0x10 ./framework/OSAbstraction/Interface/fsl_os_abstraction_free_rtos.o
                0x0000cad4                startup_task
 .text.OSA_TaskGetId
                0x0000cae4       0x10 ./framework/OSAbstraction/Interface/fsl_os_abstraction_free_rtos.o
                0x0000cae4                OSA_TaskGetId
 .text.OSA_TaskCreate
                0x0000caf4       0x58 ./framework/OSAbstraction/Interface/fsl_os_abstraction_free_rtos.o
                0x0000caf4                OSA_TaskCreate
 .text.OSA_SemaphoreCreate
                0x0000cb4c       0x1c ./framework/OSAbstraction/Interface/fsl_os_abstraction_free_rtos.o
                0x0000cb4c                OSA_SemaphoreCreate
 .text.OSA_SemaphoreWait
                0x0000cb68       0x60 ./framework/OSAbstraction/Interface/fsl_os_abstraction_free_rtos.o
                0x0000cb68                OSA_SemaphoreWait
 .text.OSA_SemaphorePost
                0x0000cbc8       0x84 ./framework/OSAbstraction/Interface/fsl_os_abstraction_free_rtos.o
                0x0000cbc8                OSA_SemaphorePost
 .text.OSA_MutexCreate
                0x0000cc4c       0x18 ./framework/OSAbstraction/Interface/fsl_os_abstraction_free_rtos.o
                0x0000cc4c                OSA_MutexCreate
 .text.OSA_MutexLock
                0x0000cc64       0x78 ./framework/OSAbstraction/Interface/fsl_os_abstraction_free_rtos.o
                0x0000cc64                OSA_MutexLock
 .text.OSA_MutexUnlock
                0x0000ccdc       0x4c ./framework/OSAbstraction/Interface/fsl_os_abstraction_free_rtos.o
                0x0000ccdc                OSA_MutexUnlock
 .text.OSA_EventCreate
                0x0000cd28       0x64 ./framework/OSAbstraction/Interface/fsl_os_abstraction_free_rtos.o
                0x0000cd28                OSA_EventCreate
 .text.OSA_EventSet
                0x0000cd8c       0xa4 ./framework/OSAbstraction/Interface/fsl_os_abstraction_free_rtos.o
                0x0000cd8c                OSA_EventSet
 .text.OSA_EventWait
                0x0000ce30       0xa0 ./framework/OSAbstraction/Interface/fsl_os_abstraction_free_rtos.o
                0x0000ce30                OSA_EventWait
 .text.OSA_InterruptEnable
                0x0000ced0       0x4c ./framework/OSAbstraction/Interface/fsl_os_abstraction_free_rtos.o
                0x0000ced0                OSA_InterruptEnable
 .text.OSA_InterruptDisable
                0x0000cf1c       0x60 ./framework/OSAbstraction/Interface/fsl_os_abstraction_free_rtos.o
                0x0000cf1c                OSA_InterruptDisable
 .text.OSA_InstallIntHandler
                0x0000cf7c       0x20 ./framework/OSAbstraction/Interface/fsl_os_abstraction_free_rtos.o
                0x0000cf7c                OSA_InstallIntHandler
 .text.main     0x0000cf9c       0x20 ./framework/OSAbstraction/Interface/fsl_os_abstraction_free_rtos.o
                0x0000cf9c                main
 .text.osObjectAlloc
                0x0000cfbc       0x50 ./framework/OSAbstraction/Interface/fsl_os_abstraction_free_rtos.o
 .text.osObjectIsAllocated
                0x0000d00c       0x54 ./framework/OSAbstraction/Interface/fsl_os_abstraction_free_rtos.o
 .text.osObjectFree
                0x0000d060       0x4c ./framework/OSAbstraction/Interface/fsl_os_abstraction_free_rtos.o
 .text.ListAddTailMsg
                0x0000d0ac       0x24 ./framework/Messaging/Source/Messaging.o
                0x0000d0ac                ListAddTailMsg
 .text.ListAddHeadMsg
                0x0000d0d0       0x24 ./framework/Messaging/Source/Messaging.o
                0x0000d0d0                ListAddHeadMsg
 .text.ListRemoveHeadMsg
                0x0000d0f4       0x28 ./framework/Messaging/Source/Messaging.o
                0x0000d0f4                ListRemoveHeadMsg
 .text.ListGetHeadMsg
                0x0000d11c       0x30 ./framework/Messaging/Source/Messaging.o
                0x0000d11c                ListGetHeadMsg
 .text.ListGetNextMsg
                0x0000d14c       0x38 ./framework/Messaging/Source/Messaging.o
                0x0000d14c                ListGetNextMsg
 .text.ListRemoveMsg
                0x0000d184       0x20 ./framework/Messaging/Source/Messaging.o
                0x0000d184                ListRemoveMsg
 .text.MEM_Init
                0x0000d1a4       0xbc ./framework/MemManager/Source/MemManager.o
                0x0000d1a4                MEM_Init
 .text.MEM_BufferAllocWithId
                0x0000d260       0xac ./framework/MemManager/Source/MemManager.o
                0x0000d260                MEM_BufferAllocWithId
 .text.MEM_BufferFree
                0x0000d30c       0xb0 ./framework/MemManager/Source/MemManager.o
                0x0000d30c                MEM_BufferFree
 .text.ListInit
                0x0000d3bc       0x30 ./framework/Lists/GenericList.o
                0x0000d3bc                ListInit
 .text.ListAddTail
                0x0000d3ec       0x78 ./framework/Lists/GenericList.o
                0x0000d3ec                ListAddTail
 .text.ListAddHead
                0x0000d464       0x78 ./framework/Lists/GenericList.o
                0x0000d464                ListAddHead
 .text.ListRemoveHead
                0x0000d4dc       0x68 ./framework/Lists/GenericList.o
                0x0000d4dc                ListRemoveHead
 .text.ListRemoveElement
                0x0000d544       0x80 ./framework/Lists/GenericList.o
                0x0000d544                ListRemoveElement
 .text.ListGetSize
                0x0000d5c4       0x18 ./framework/Lists/GenericList.o
                0x0000d5c4                ListGetSize
 .text.LED_Init
                0x0000d5dc       0x28 ./framework/LED/Source/LED.o
                0x0000d5dc                LED_Init
 .text.LED_Operate
                0x0000d604       0x5c ./framework/LED/Source/LED.o
                0x0000d604                LED_Operate
 .text.LED_TurnOnLed
                0x0000d660       0x1c ./framework/LED/Source/LED.o
                0x0000d660                LED_TurnOnLed
 .text.LED_TurnOffLed
                0x0000d67c       0x1c ./framework/LED/Source/LED.o
                0x0000d67c                LED_TurnOffLed
 .text.LED_ToggleLed
                0x0000d698       0x1c ./framework/LED/Source/LED.o
                0x0000d698                LED_ToggleLed
 .text.LED_StopFlashingAllLeds
                0x0000d6b4       0x10 ./framework/LED/Source/LED.o
                0x0000d6b4                LED_StopFlashingAllLeds
 .text.LED_StartBlip
                0x0000d6c4       0x48 ./framework/LED/Source/LED.o
                0x0000d6c4                LED_StartBlip
 .text.LED_StopFlash
                0x0000d70c       0x44 ./framework/LED/Source/LED.o
                0x0000d70c                LED_StopFlash
 .text.LED_SetLed
                0x0000d750       0x94 ./framework/LED/Source/LED.o
                0x0000d750                LED_SetLed
 .text.LED_StartFlashWithPeriod
                0x0000d7e4       0x54 ./framework/LED/Source/LED.o
                0x0000d7e4                LED_StartFlashWithPeriod
 .text.LED_StartSerialFlashWithPeriod
                0x0000d838       0x74 ./framework/LED/Source/LED.o
                0x0000d838                LED_StartSerialFlashWithPeriod
 .text.LED_StopSerialFlash
                0x0000d8ac       0x58 ./framework/LED/Source/LED.o
                0x0000d8ac                LED_StopSerialFlash
 .text.LED_GpioSet
                0x0000d904       0x3c ./framework/LED/Source/LED.o
 .text.LED_DecrementBlip
                0x0000d940       0x78 ./framework/LED/Source/LED.o
 .text.LED_FlashTimeout
                0x0000d9b8       0x68 ./framework/LED/Source/LED.o
 .text.KbGpioInit
                0x0000da20       0x44 ./framework/Keyboard/Source/Keyboard.o
 .text.KBD_KeySwitchPortGet
                0x0000da64       0x7c ./framework/Keyboard/Source/Keyboard.o
 .text.KBD_KeyCheck
                0x0000dae0       0x88 ./framework/Keyboard/Source/Keyboard.o
 .text.KeyScan  0x0000db68      0x130 ./framework/Keyboard/Source/Keyboard.o
 .text.Switch_CheckIRQ
                0x0000dc98       0x44 ./framework/Keyboard/Source/Keyboard.o
 .text.KBD_Init
                0x0000dcdc       0xc0 ./framework/Keyboard/Source/Keyboard.o
                0x0000dcdc                KBD_Init
 .text.Switch_Press_ISR
                0x0000dd9c       0x68 ./framework/Keyboard/Source/Keyboard.o
                0x0000dd9c                Switch_Press_ISR
 .text.NVIC_EnableIRQ
                0x0000de04       0x30 ./framework/GPIO/Source/GPIO_Adapter.o
 .text.NVIC_ClearPendingIRQ
                0x0000de34       0x34 ./framework/GPIO/Source/GPIO_Adapter.o
 .text.NVIC_SetPriority
                0x0000de68       0x54 ./framework/GPIO/Source/GPIO_Adapter.o
 .text.NVIC_GetPriority
                0x0000debc       0x50 ./framework/GPIO/Source/GPIO_Adapter.o
 .text.GPIO_SetPinsOutput
                0x0000df0c       0x1c ./framework/GPIO/Source/GPIO_Adapter.o
 .text.GPIO_ClearPinsOutput
                0x0000df28       0x1c ./framework/GPIO/Source/GPIO_Adapter.o
 .text.GPIO_TogglePinsOutput
                0x0000df44       0x1c ./framework/GPIO/Source/GPIO_Adapter.o
 .text.GPIO_ReadPinInput
                0x0000df60       0x24 ./framework/GPIO/Source/GPIO_Adapter.o
 .text.PORT_SetPinConfig
                0x0000df84       0x44 ./framework/GPIO/Source/GPIO_Adapter.o
 .text.PORT_SetPinMux
                0x0000dfc8       0x38 ./framework/GPIO/Source/GPIO_Adapter.o
 .text.PORT_SetPinInterruptConfig
                0x0000e000       0x38 ./framework/GPIO/Source/GPIO_Adapter.o
 .text.PORT_GetPinsInterruptFlags
                0x0000e038       0x1c ./framework/GPIO/Source/GPIO_Adapter.o
 .text.PORT_ClearPinsInterruptFlags
                0x0000e054       0x1c ./framework/GPIO/Source/GPIO_Adapter.o
 .text.GpioSetPinInterrupt
                0x0000e070       0x34 ./framework/GPIO/Source/GPIO_Adapter.o
                0x0000e070                GpioSetPinInterrupt
 .text.GpioSetPassiveFilter
                0x0000e0a4       0x5c ./framework/GPIO/Source/GPIO_Adapter.o
                0x0000e0a4                GpioSetPassiveFilter
 .text.GpioSetPinMux
                0x0000e100       0x34 ./framework/GPIO/Source/GPIO_Adapter.o
                0x0000e100                GpioSetPinMux
 .text.GpioClearPinIntFlag
                0x0000e134       0x30 ./framework/GPIO/Source/GPIO_Adapter.o
                0x0000e134                GpioClearPinIntFlag
 .text.GpioIsPinIntPending
                0x0000e164       0x38 ./framework/GPIO/Source/GPIO_Adapter.o
                0x0000e164                GpioIsPinIntPending
 .text.GpioSetPinOutput
                0x0000e19c       0x30 ./framework/GPIO/Source/GPIO_Adapter.o
                0x0000e19c                GpioSetPinOutput
 .text.GpioClearPinOutput
                0x0000e1cc       0x30 ./framework/GPIO/Source/GPIO_Adapter.o
                0x0000e1cc                GpioClearPinOutput
 .text.GpioTogglePinOutput
                0x0000e1fc       0x30 ./framework/GPIO/Source/GPIO_Adapter.o
                0x0000e1fc                GpioTogglePinOutput
 .text.GpioReadPinInput
                0x0000e22c       0x30 ./framework/GPIO/Source/GPIO_Adapter.o
                0x0000e22c                GpioReadPinInput
 .text.GpioInputPinInit
                0x0000e25c       0xfc ./framework/GPIO/Source/GPIO_Adapter.o
                0x0000e25c                GpioInputPinInit
 .text.GpioOutputPinInit
                0x0000e358       0xe4 ./framework/GPIO/Source/GPIO_Adapter.o
                0x0000e358                GpioOutputPinInit
 .text.GpioInstallIsr
                0x0000e43c      0x238 ./framework/GPIO/Source/GPIO_Adapter.o
                0x0000e43c                GpioInstallIsr
 .text.Gpio_CommonIsr
                0x0000e674       0xa8 ./framework/GPIO/Source/GPIO_Adapter.o
 .text.Gpio_InstallPortISR
                0x0000e71c       0x54 ./framework/GPIO/Source/GPIO_Adapter.o
 .text.FLib_MemCpy
                0x0000e770       0x38 ./framework/FunctionLib/FunctionLib.o
                0x0000e770                FLib_MemCpy
 .text.FLib_MemCpyReverseOrder
                0x0000e7a8       0x48 ./framework/FunctionLib/FunctionLib.o
                0x0000e7a8                FLib_MemCpyReverseOrder
 .text.FLib_MemCmp
                0x0000e7f0       0x4c ./framework/FunctionLib/FunctionLib.o
                0x0000e7f0                FLib_MemCmp
 .text.FLib_MemSet
                0x0000e83c       0x30 ./framework/FunctionLib/FunctionLib.o
                0x0000e83c                FLib_MemSet
 .text.CLOCK_EnableClock
                0x0000e86c       0x34 ./drivers/fsl_clock.o
 .text.CLOCK_DisableClock
                0x0000e8a0       0x38 ./drivers/fsl_clock.o
 .text.CLOCK_SetEr32kClock
                0x0000e8d8       0x2c ./drivers/fsl_clock.o
 .text.CLOCK_SetPllFllSelClock
                0x0000e904       0x38 ./drivers/fsl_clock.o
 .text.OSC_SetExtRefClkConfig
                0x0000e93c       0x34 ./drivers/fsl_clock.o
 .text.OSC_SetCapLoad
                0x0000e970       0x34 ./drivers/fsl_clock.o
 .text.CLOCK_GetMcgExtClkFreq
                0x0000e9a4       0x8c ./drivers/fsl_clock.o
 .text.CLOCK_GetFllExtRefClkFreq
                0x0000ea30       0xc8 ./drivers/fsl_clock.o
 .text.CLOCK_GetInternalRefClkSelectFreq
                0x0000eaf8       0x44 ./drivers/fsl_clock.o
 .text.CLOCK_GetFllRefClkFreq
                0x0000eb3c       0x2c ./drivers/fsl_clock.o
 .text.CLOCK_GetPll0RefFreq
                0x0000eb68       0x10 ./drivers/fsl_clock.o
 .text.CLOCK_GetOscRangeFromFreq
                0x0000eb78       0x3c ./drivers/fsl_clock.o
 .text.CLOCK_GetOsc0ErClkFreq
                0x0000ebb4       0x48 ./drivers/fsl_clock.o
                0x0000ebb4                CLOCK_GetOsc0ErClkFreq
 .text.CLOCK_GetEr32kClkFreq
                0x0000ebfc       0x80 ./drivers/fsl_clock.o
                0x0000ebfc                CLOCK_GetEr32kClkFreq
 .text.CLOCK_GetPllFllSelClkFreq
                0x0000ec7c       0x54 ./drivers/fsl_clock.o
                0x0000ec7c                CLOCK_GetPllFllSelClkFreq
 .text.CLOCK_GetFreq
                0x0000ecd0      0x144 ./drivers/fsl_clock.o
                0x0000ecd0                CLOCK_GetFreq
 .text.CLOCK_SetSimConfig
                0x0000ee14       0x34 ./drivers/fsl_clock.o
                0x0000ee14                CLOCK_SetSimConfig
 .text.CLOCK_EnableUsbfs0Clock
                0x0000ee48      0x100 ./drivers/fsl_clock.o
                0x0000ee48                CLOCK_EnableUsbfs0Clock
 .text.CLOCK_GetOutClkFreq
                0x0000ef48       0x64 ./drivers/fsl_clock.o
                0x0000ef48                CLOCK_GetOutClkFreq
 .text.CLOCK_GetFllFreq
                0x0000efac       0x74 ./drivers/fsl_clock.o
                0x0000efac                CLOCK_GetFllFreq
 .text.CLOCK_GetInternalRefClkFreq
                0x0000f020       0x24 ./drivers/fsl_clock.o
                0x0000f020                CLOCK_GetInternalRefClkFreq
 .text.CLOCK_GetFixedFreqClkFreq
                0x0000f044       0x30 ./drivers/fsl_clock.o
                0x0000f044                CLOCK_GetFixedFreqClkFreq
 .text.CLOCK_GetPll0Freq
                0x0000f074       0x78 ./drivers/fsl_clock.o
                0x0000f074                CLOCK_GetPll0Freq
 .text.CLOCK_SetExternalRefClkConfig
                0x0000f0ec       0x90 ./drivers/fsl_clock.o
                0x0000f0ec                CLOCK_SetExternalRefClkConfig
 .text.CLOCK_SetInternalRefClkConfig
                0x0000f17c      0x104 ./drivers/fsl_clock.o
                0x0000f17c                CLOCK_SetInternalRefClkConfig
 .text.CLOCK_EnablePll0
                0x0000f280       0x94 ./drivers/fsl_clock.o
                0x0000f280                CLOCK_EnablePll0
 .text.CLOCK_InitOsc0
                0x0000f314       0x8c ./drivers/fsl_clock.o
                0x0000f314                CLOCK_InitOsc0
 .text.CLOCK_SetPbeMode
                0x0000f3a0       0x98 ./drivers/fsl_clock.o
                0x0000f3a0                CLOCK_SetPbeMode
 .text.CLOCK_BootToPeeMode
                0x0000f438       0x74 ./drivers/fsl_clock.o
                0x0000f438                CLOCK_BootToPeeMode
 .text.__assert_func
                0x0000f4ac       0x28 ./drivers/fsl_common.o
                0x0000f4ac                __assert_func
 .text.InstallIRQHandler
                0x0000f4d4       0x74 ./drivers/fsl_common.o
                0x0000f4d4                InstallIRQHandler
 .text.CLOCK_EnableClock
                0x0000f548       0x34 ./drivers/fsl_dspi.o
 .text.DSPI_Enable
                0x0000f57c       0x38 ./drivers/fsl_dspi.o
 .text.DSPI_GetStatusFlags
                0x0000f5b4       0x18 ./drivers/fsl_dspi.o
 .text.DSPI_ClearStatusFlags
                0x0000f5cc       0x1c ./drivers/fsl_dspi.o
 .text.DSPI_SetMasterSlaveMode
                0x0000f5e8       0x28 ./drivers/fsl_dspi.o
 .text.DSPI_IsMaster
                0x0000f610       0x1c ./drivers/fsl_dspi.o
 .text.DSPI_StartTransfer
                0x0000f62c       0x20 ./drivers/fsl_dspi.o
 .text.DSPI_StopTransfer
                0x0000f64c       0x20 ./drivers/fsl_dspi.o
 .text.DSPI_GetInstance
                0x0000f66c       0x58 ./drivers/fsl_dspi.o
                0x0000f66c                DSPI_GetInstance
 .text.DSPI_MasterInit
                0x0000f6c4      0x16c ./drivers/fsl_dspi.o
                0x0000f6c4                DSPI_MasterInit
 .text.DSPI_MasterGetDefaultConfig
                0x0000f830       0x7c ./drivers/fsl_dspi.o
                0x0000f830                DSPI_MasterGetDefaultConfig
 .text.DSPI_SetOnePcsPolarity
                0x0000f8ac       0x4c ./drivers/fsl_dspi.o
 .text.DSPI_MasterSetBaudRate
                0x0000f8f8      0x120 ./drivers/fsl_dspi.o
                0x0000f8f8                DSPI_MasterSetBaudRate
 .text.DSPI_MasterSetDelayScaler
                0x0000fa18       0xd0 ./drivers/fsl_dspi.o
                0x0000fa18                DSPI_MasterSetDelayScaler
 .text.DSPI_MasterSetDelayTimes
                0x0000fae8      0x12c ./drivers/fsl_dspi.o
                0x0000fae8                DSPI_MasterSetDelayTimes
 .text.DSPI_GetDefaultDataCommandConfig
                0x0000fc14       0x30 ./drivers/fsl_dspi.o
                0x0000fc14                DSPI_GetDefaultDataCommandConfig
 .text.DSPI_MasterWriteCommandDataBlocking
                0x0000fc44       0x54 ./drivers/fsl_dspi.o
                0x0000fc44                DSPI_MasterWriteCommandDataBlocking
 .text.DSPI_CommonIRQHandler
                0x0000fc98       0x3c ./drivers/fsl_dspi.o
 .text.SPI0_DriverIRQHandler
                0x0000fcd4       0x3c ./drivers/fsl_dspi.o
                0x0000fcd4                SPI0_DriverIRQHandler
 .text.SPI1_DriverIRQHandler
                0x0000fd10       0x3c ./drivers/fsl_dspi.o
                0x0000fd10                SPI1_DriverIRQHandler
 .text.SPI2_DriverIRQHandler
                0x0000fd4c       0x3c ./drivers/fsl_dspi.o
                0x0000fd4c                SPI2_DriverIRQHandler
 .text.CLOCK_EnableClock
                0x0000fd88       0x34 ./drivers/fsl_ftm.o
 .text.FTM_GetInstance
                0x0000fdbc       0x60 ./drivers/fsl_ftm.o
 .text.FTM_SetPwmSync
                0x0000fe1c      0x118 ./drivers/fsl_ftm.o
 .text.FTM_SetReloadPoints
                0x0000ff34      0x170 ./drivers/fsl_ftm.o
 .text.FTM_Init
                0x000100a4      0x100 ./drivers/fsl_ftm.o
                0x000100a4                FTM_Init
 .text.FTM_SetupOutputCompare
                0x000101a4       0x9c ./drivers/fsl_ftm.o
                0x000101a4                FTM_SetupOutputCompare
 .text.FTM_EnableInterrupts
                0x00010240       0x88 ./drivers/fsl_ftm.o
                0x00010240                FTM_EnableInterrupts
 .text.FTM_GetStatusFlags
                0x000102c8       0x64 ./drivers/fsl_ftm.o
                0x000102c8                FTM_GetStatusFlags
 .text.FTM_ClearStatusFlags
                0x0001032c       0x68 ./drivers/fsl_ftm.o
                0x0001032c                FTM_ClearStatusFlags
 .text.GPIO_WritePinOutput
                0x00010394       0x3c ./drivers/fsl_gpio.o
 .text.GPIO_PinInit
                0x000103d0       0x70 ./drivers/fsl_gpio.o
                0x000103d0                GPIO_PinInit
 .text.I2C_TransferCommonIRQHandler
                0x00010440       0x4c ./drivers/fsl_i2c.o
 .text.I2C0_DriverIRQHandler
                0x0001048c       0x1c ./drivers/fsl_i2c.o
                0x0001048c                I2C0_DriverIRQHandler
 .text.I2C1_DriverIRQHandler
                0x000104a8       0x1c ./drivers/fsl_i2c.o
                0x000104a8                I2C1_DriverIRQHandler
 .text.I2C2_DriverIRQHandler
                0x000104c4       0x1c ./drivers/fsl_i2c.o
                0x000104c4                I2C2_DriverIRQHandler
 .text.CLOCK_EnableClock
                0x000104e0       0x34 ./drivers/fsl_rnga.o
 .text.CLOCK_DisableClock
                0x00010514       0x38 ./drivers/fsl_rnga.o
 .text.RNGA_Init
                0x0001054c       0x38 ./drivers/fsl_rnga.o
                0x0001054c                RNGA_Init
 .text.rnga_ReadEntropy
                0x00010584       0x38 ./drivers/fsl_rnga.o
 .text.RNGA_GetRandomData
                0x000105bc       0x88 ./drivers/fsl_rnga.o
                0x000105bc                RNGA_GetRandomData
 .text.RNGA_GetMode
                0x00010644       0x20 ./drivers/fsl_rnga.o
                0x00010644                RNGA_GetMode
 .text.CLOCK_EnableClock
                0x00010664       0x34 ./drivers/fsl_uart.o
 .text.UART_GetInstance
                0x00010698       0x60 ./drivers/fsl_uart.o
                0x00010698                UART_GetInstance
 .text.UART_Init
                0x000106f8      0x2bc ./drivers/fsl_uart.o
                0x000106f8                UART_Init
 .text.UART_GetDefaultConfig
                0x000109b4       0x5c ./drivers/fsl_uart.o
                0x000109b4                UART_GetDefaultConfig
 .text.UART_SetBaudRate
                0x00010a10      0x108 ./drivers/fsl_uart.o
                0x00010a10                UART_SetBaudRate
 .text.UART_EnableInterrupts
                0x00010b18       0x70 ./drivers/fsl_uart.o
                0x00010b18                UART_EnableInterrupts
 .text.UART_DisableInterrupts
                0x00010b88       0x80 ./drivers/fsl_uart.o
                0x00010b88                UART_DisableInterrupts
 .text.UART_GetEnabledInterrupts
                0x00010c08       0x4c ./drivers/fsl_uart.o
                0x00010c08                UART_GetEnabledInterrupts
 .text.UART_GetStatusFlags
                0x00010c54       0x48 ./drivers/fsl_uart.o
                0x00010c54                UART_GetStatusFlags
 .text.UART_ClearStatusFlags
                0x00010c9c       0x8c ./drivers/fsl_uart.o
                0x00010c9c                UART_ClearStatusFlags
 .text.UART0_DriverIRQHandler
                0x00010d28       0x20 ./drivers/fsl_uart.o
                0x00010d28                UART0_DriverIRQHandler
 .text.UART0_RX_TX_DriverIRQHandler
                0x00010d48        0xc ./drivers/fsl_uart.o
                0x00010d48                UART0_RX_TX_DriverIRQHandler
 .text.UART1_DriverIRQHandler
                0x00010d54       0x20 ./drivers/fsl_uart.o
                0x00010d54                UART1_DriverIRQHandler
 .text.UART1_RX_TX_DriverIRQHandler
                0x00010d74        0xc ./drivers/fsl_uart.o
                0x00010d74                UART1_RX_TX_DriverIRQHandler
 .text.UART2_DriverIRQHandler
                0x00010d80       0x20 ./drivers/fsl_uart.o
                0x00010d80                UART2_DriverIRQHandler
 .text.UART2_RX_TX_DriverIRQHandler
                0x00010da0        0xc ./drivers/fsl_uart.o
                0x00010da0                UART2_RX_TX_DriverIRQHandler
 .text.UART3_DriverIRQHandler
                0x00010dac       0x20 ./drivers/fsl_uart.o
                0x00010dac                UART3_DriverIRQHandler
 .text.UART3_RX_TX_DriverIRQHandler
                0x00010dcc        0xc ./drivers/fsl_uart.o
                0x00010dcc                UART3_RX_TX_DriverIRQHandler
 .text.UART4_DriverIRQHandler
                0x00010dd8       0x20 ./drivers/fsl_uart.o
                0x00010dd8                UART4_DriverIRQHandler
 .text.UART4_RX_TX_DriverIRQHandler
                0x00010df8        0xc ./drivers/fsl_uart.o
                0x00010df8                UART4_RX_TX_DriverIRQHandler
 .text.UART5_DriverIRQHandler
                0x00010e04       0x20 ./drivers/fsl_uart.o
                0x00010e04                UART5_DriverIRQHandler
 .text.UART5_RX_TX_DriverIRQHandler
                0x00010e24        0xc ./drivers/fsl_uart.o
                0x00010e24                UART5_RX_TX_DriverIRQHandler
 .text.BOARD_GetUartClock
                0x00010e30       0x18 ./board/board.o
                0x00010e30                BOARD_GetUartClock
 .text.BOARD_GetFtmClock
                0x00010e48       0x18 ./board/board.o
                0x00010e48                BOARD_GetFtmClock
 .text.BOARD_GetSpiClock
                0x00010e60       0x18 ./board/board.o
                0x00010e60                BOARD_GetSpiClock
 .text.CLOCK_SetSdhc0Clock
                0x00010e78       0x38 ./board/clock_config.o
 .text.CLOCK_SetEnetTime0Clock
                0x00010eb0       0x38 ./board/clock_config.o
 .text.CLOCK_SetRmii0Clock
                0x00010ee8       0x38 ./board/clock_config.o
 .text.CLOCK_SetTraceClock
                0x00010f20       0x38 ./board/clock_config.o
 .text.CLOCK_SetClkOutClock
                0x00010f58       0x38 ./board/clock_config.o
 .text.CLOCK_SetSimSafeDivs
                0x00010f90       0x20 ./board/clock_config.o
 .text.CLOCK_SetXtal0Freq
                0x00010fb0       0x1c ./board/clock_config.o
 .text.CLOCK_CONFIG_SetFllExtRefDiv
                0x00010fcc       0x38 ./board/clock_config.o
 .text.BOARD_BootClockRUN
                0x00011004       0x88 ./board/clock_config.o
                0x00011004                BOARD_BootClockRUN
 .text.CLOCK_EnableClock
                0x0001108c       0x34 ./board/hardware_init.o
 .text.hardware_init
                0x000110c0       0x94 ./board/hardware_init.o
                0x000110c0                hardware_init
 .text.NMI_Handler
                0x00011154       0x1c ./board/hardware_init.o
                0x00011154                NMI_Handler
 .text.CLOCK_EnableClock
                0x00011170       0x34 ./board/pin_mux.o
 .text.PORT_SetPinConfig
                0x000111a4       0x44 ./board/pin_mux.o
 .text.PORT_SetPinMux
                0x000111e8       0x38 ./board/pin_mux.o
 .text.BOARD_InitButtons
                0x00011220       0xc4 ./board/pin_mux.o
                0x00011220                BOARD_InitButtons
 .text.BOARD_InitLEDs
                0x000112e4      0x10c ./board/pin_mux.o
                0x000112e4                BOARD_InitLEDs
 .text.BOARD_InitXCVR
                0x000113f0       0x8c ./board/pin_mux.o
                0x000113f0                BOARD_InitXCVR
 .text.BOARD_InitUART
                0x0001147c       0x68 ./board/pin_mux.o
                0x0001147c                BOARD_InitUART
 .text.Mac_ComputeMaxFrameTotalWaitTime
                0x000114e4       0x5a E:/ITESO/kds_dscae_o2019/macbase/boards/frdmk64f_frdmcr20a/wireless_examples/ieee_802_15_4/msn_coordinator/freertos/kds/../../../../../../../middleware/wireless/ieee_802_15_4_5.0.5/mac/lib/802.15.4_mac_06_cM4.a(MacPib.o)
 *fill*         0x0001153e        0x2 
 .text.Mac_GetNextFreeDevTblEntry.isra.0
                0x00011540       0x24 E:/ITESO/kds_dscae_o2019/macbase/boards/frdmk64f_frdmcr20a/wireless_examples/ieee_802_15_4/msn_coordinator/freertos/kds/../../../../../../../middleware/wireless/ieee_802_15_4_5.0.5/mac/lib/802.15.4_mac_06_cM4.a(MacPib.o)
 .text.macVerifySetReq
                0x00011564       0xe4 E:/ITESO/kds_dscae_o2019/macbase/boards/frdmk64f_frdmcr20a/wireless_examples/ieee_802_15_4/msn_coordinator/freertos/kds/../../../../../../../middleware/wireless/ieee_802_15_4_5.0.5/mac/lib/802.15.4_mac_06_cM4.a(MacPib.o)
                0x00011564                macVerifySetReq
 .text.mlmeGetSizeOfPIB
                0x00011648       0x14 E:/ITESO/kds_dscae_o2019/macbase/boards/frdmk64f_frdmcr20a/wireless_examples/ieee_802_15_4/msn_coordinator/freertos/kds/../../../../../../../middleware/wireless/ieee_802_15_4_5.0.5/mac/lib/802.15.4_mac_06_cM4.a(MacPib.o)
                0x00011648                mlmeGetSizeOfPIB
 .text.mlmeGetSetReq
                0x0001165c      0x600 E:/ITESO/kds_dscae_o2019/macbase/boards/frdmk64f_frdmcr20a/wireless_examples/ieee_802_15_4/msn_coordinator/freertos/kds/../../../../../../../middleware/wireless/ieee_802_15_4_5.0.5/mac/lib/802.15.4_mac_06_cM4.a(MacPib.o)
                0x0001165c                mlmeGetSetReq
 .text.Mac_SetPhyPIBs
                0x00011c5c      0x14e E:/ITESO/kds_dscae_o2019/macbase/boards/frdmk64f_frdmcr20a/wireless_examples/ieee_802_15_4/msn_coordinator/freertos/kds/../../../../../../../middleware/wireless/ieee_802_15_4_5.0.5/mac/lib/802.15.4_mac_06_cM4.a(MacPib.o)
                0x00011c5c                Mac_SetPhyPIBs
 *fill*         0x00011daa        0x2 
 .text.macInitPIBs
                0x00011dac      0x31c E:/ITESO/kds_dscae_o2019/macbase/boards/frdmk64f_frdmcr20a/wireless_examples/ieee_802_15_4/msn_coordinator/freertos/kds/../../../../../../../middleware/wireless/ieee_802_15_4_5.0.5/mac/lib/802.15.4_mac_06_cM4.a(MacPib.o)
                0x00011dac                macInitPIBs
 .text.Mac_SetExtendedAddress
                0x000120c8       0x38 E:/ITESO/kds_dscae_o2019/macbase/boards/frdmk64f_frdmcr20a/wireless_examples/ieee_802_15_4/msn_coordinator/freertos/kds/../../../../../../../middleware/wireless/ieee_802_15_4_5.0.5/mac/lib/802.15.4_mac_06_cM4.a(MacPib.o)
                0x000120c8                Mac_SetExtendedAddress
 .text.Dumy_MCPS_NWK_SapHandler
                0x00012100        0xa E:/ITESO/kds_dscae_o2019/macbase/boards/frdmk64f_frdmcr20a/wireless_examples/ieee_802_15_4/msn_coordinator/freertos/kds/../../../../../../../middleware/wireless/ieee_802_15_4_5.0.5/mac/lib/802.15.4_mac_06_cM4.a(MacMain.o)
                0x00012100                Dumy_MCPS_NWK_SapHandler
 .text.Dumy_MLME_NWK_SapHandler
                0x0001210a        0xa E:/ITESO/kds_dscae_o2019/macbase/boards/frdmk64f_frdmcr20a/wireless_examples/ieee_802_15_4/msn_coordinator/freertos/kds/../../../../../../../middleware/wireless/ieee_802_15_4_5.0.5/mac/lib/802.15.4_mac_06_cM4.a(MacMain.o)
                0x0001210a                Dumy_MLME_NWK_SapHandler
 .text.BindToMAC
                0x00012114       0x34 E:/ITESO/kds_dscae_o2019/macbase/boards/frdmk64f_frdmcr20a/wireless_examples/ieee_802_15_4/msn_coordinator/freertos/kds/../../../../../../../middleware/wireless/ieee_802_15_4_5.0.5/mac/lib/802.15.4_mac_06_cM4.a(MacMain.o)
                0x00012114                BindToMAC
 .text.MAC_EventSet
                0x00012148       0x34 E:/ITESO/kds_dscae_o2019/macbase/boards/frdmk64f_frdmcr20a/wireless_examples/ieee_802_15_4/msn_coordinator/freertos/kds/../../../../../../../middleware/wireless/ieee_802_15_4_5.0.5/mac/lib/802.15.4_mac_06_cM4.a(MacMain.o)
                0x00012148                MAC_EventSet
 .text.Mac_TimerNotify
                0x0001217c        0x8 E:/ITESO/kds_dscae_o2019/macbase/boards/frdmk64f_frdmcr20a/wireless_examples/ieee_802_15_4/msn_coordinator/freertos/kds/../../../../../../../middleware/wireless/ieee_802_15_4_5.0.5/mac/lib/802.15.4_mac_06_cM4.a(MacMain.o)
 .text.PD_MAC_SapHandler
                0x00012184       0x28 E:/ITESO/kds_dscae_o2019/macbase/boards/frdmk64f_frdmcr20a/wireless_examples/ieee_802_15_4/msn_coordinator/freertos/kds/../../../../../../../middleware/wireless/ieee_802_15_4_5.0.5/mac/lib/802.15.4_mac_06_cM4.a(MacMain.o)
                0x00012184                PD_MAC_SapHandler
 .text.PLME_MAC_SapHandler
                0x000121ac        0x4 E:/ITESO/kds_dscae_o2019/macbase/boards/frdmk64f_frdmcr20a/wireless_examples/ieee_802_15_4/msn_coordinator/freertos/kds/../../../../../../../middleware/wireless/ieee_802_15_4_5.0.5/mac/lib/802.15.4_mac_06_cM4.a(MacMain.o)
                0x000121ac                PLME_MAC_SapHandler
 .text.Mac_RegisterSapHandlers
                0x000121b0       0x18 E:/ITESO/kds_dscae_o2019/macbase/boards/frdmk64f_frdmcr20a/wireless_examples/ieee_802_15_4/msn_coordinator/freertos/kds/../../../../../../../middleware/wireless/ieee_802_15_4_5.0.5/mac/lib/802.15.4_mac_06_cM4.a(MacMain.o)
                0x000121b0                Mac_RegisterSapHandlers
 .text.NWK_MCPS_SapHandler
                0x000121c8       0x60 E:/ITESO/kds_dscae_o2019/macbase/boards/frdmk64f_frdmcr20a/wireless_examples/ieee_802_15_4/msn_coordinator/freertos/kds/../../../../../../../middleware/wireless/ieee_802_15_4_5.0.5/mac/lib/802.15.4_mac_06_cM4.a(MacMain.o)
                0x000121c8                NWK_MCPS_SapHandler
 .text.Mlme_VerifyNwkInput
                0x00012228       0xe0 E:/ITESO/kds_dscae_o2019/macbase/boards/frdmk64f_frdmcr20a/wireless_examples/ieee_802_15_4/msn_coordinator/freertos/kds/../../../../../../../middleware/wireless/ieee_802_15_4_5.0.5/mac/lib/802.15.4_mac_06_cM4.a(MacMain.o)
                0x00012228                Mlme_VerifyNwkInput
 .text.Mac_SetTrxLowPowerMode
                0x00012308       0x34 E:/ITESO/kds_dscae_o2019/macbase/boards/frdmk64f_frdmcr20a/wireless_examples/ieee_802_15_4/msn_coordinator/freertos/kds/../../../../../../../middleware/wireless/ieee_802_15_4_5.0.5/mac/lib/802.15.4_mac_06_cM4.a(MacMain.o)
                0x00012308                Mac_SetTrxLowPowerMode
 .text.Mac_SetTrxActiveMode
                0x0001233c       0x24 E:/ITESO/kds_dscae_o2019/macbase/boards/frdmk64f_frdmcr20a/wireless_examples/ieee_802_15_4/msn_coordinator/freertos/kds/../../../../../../../middleware/wireless/ieee_802_15_4_5.0.5/mac/lib/802.15.4_mac_06_cM4.a(MacMain.o)
                0x0001233c                Mac_SetTrxActiveMode
 .text.Mac_Task
                0x00012360       0xfc E:/ITESO/kds_dscae_o2019/macbase/boards/frdmk64f_frdmcr20a/wireless_examples/ieee_802_15_4/msn_coordinator/freertos/kds/../../../../../../../middleware/wireless/ieee_802_15_4_5.0.5/mac/lib/802.15.4_mac_06_cM4.a(MacMain.o)
                0x00012360                Mac_Task
 .text.Mac_InitializeData
                0x0001245c       0xc4 E:/ITESO/kds_dscae_o2019/macbase/boards/frdmk64f_frdmcr20a/wireless_examples/ieee_802_15_4/msn_coordinator/freertos/kds/../../../../../../../middleware/wireless/ieee_802_15_4_5.0.5/mac/lib/802.15.4_mac_06_cM4.a(MacMain.o)
                0x0001245c                Mac_InitializeData
 .text.NWK_MLME_SapHandler